
Tue Sep  1 03:19:16 PM -03 2026
=== Command line: mmtest.py mg -b 1 -d /mnt/data/datasets/machine-learning-matrices-original/ 
Elapsed time: 33979.693

Sending logging messages to file: errors.log
### gzip and xz --lzma2=dict=128MiB size vs dense uncompressed size (absolute and percentage)
 file     & rows &   dense size % &&     gzip % &&   xz --lzma2=dict=128MiB % &\\
airline78 & 14462943& 3355402776 &100.00 &  445215114 & 13.27 &  239700088 &  7.14\\
census    & 2458285& 1337307040 &100.00 &   74079470 &  5.54 &   36687612 &  2.74\\
covtype   & 581012&  250997184 &100.00 &   15680509 &  6.25 &    8514640 &  3.39\\
glove     & 400000&  960000000 &100.00 &  575320749 & 59.93 &  302737944 & 31.54\\
glove.q1k & 400000&  960000000 &100.00 &  237578527 & 24.75 &  134586900 & 14.02\\
glove.q25 & 400000&  960000000 &100.00 &  159834684 & 16.65 &  100212296 & 10.44\\
glove.q4k & 400000&  960000000 &100.00 &  294787634 & 30.71 &  166658660 & 17.36\\
glove.q64 & 400000&  960000000 &100.00 &  105441775 & 10.98 &   67570240 &  7.04\\
glove.q64 & 400000&  960000000 &100.00 &  762932436 & 79.47 &  240530736 & 25.06\\
higgs     & 11000000& 2464000000 &100.00 & 1191970128 & 48.38 &  739485728 & 30.01\\
imagenet  & 1262102& 9087134400 &100.00 &  501746530 &  5.52 &  324173292 &  3.57\\
mnist2m   & 2000000&12544000000 &100.00 &  810925736 &  6.46 &  517302296 &  4.12\\
optical   & 325834&  453560928 &100.00 &  242830090 & 53.54 &  112828476 & 24.88\\
pgsf      & 2000000&12288000000 &100.00 & 3131621196 & 25.49 & 2180181204 & 17.74\\
susy      & 5000000&  720000000 &100.00 &  383520979 & 53.27 &  301432316 & 41.87\\
=== Command line: mmtest.py mz -b 1 -d /mnt/data/datasets/machine-learning-matrices-original/ 
Elapsed time: 4712.742

Sending logging messages to file: errors.log
### csrv + repair +iv/ans size; 1 row-blocks
 file     & rows &        csrv &        re32 &        reiv &       reans & reans%\\
airline78 & 14462943&  1276965912 &   498067772 &   373566442 &   311013416 &  9.27\\
census    & 2458285&   297547512 &    43270068 &    27043954 &    20413453 &  1.53\\
covtype   & 581012&    29984604 &    18100836 &    11333098 &     9723389 &  3.87\\
glove     & 400000&   487336952 &   487336956 &   427136978 &   407567519 & 42.45\\
glove.q1k & 400000&   481607136 &   347456368 &   249736298 &   237833662 & 24.77\\
glove.q25 & 400000&   481601912 &   259667616 &   186636666 &   168872237 & 17.59\\
glove.q4k & 400000&   481626352 &   463384544 &   347545018 &   309958287 & 32.29\\
glove.q64 & 400000&   481600504 &   172788920 &   118792562 &   110260112 & 11.49\\
glove.q64 & 400000&   481932200 &   481931548 &   361531738 &   338386845 & 35.25\\
higgs     & 11000000&  1243414024 &  1155919596 &  1019513618 &   937600252 & 38.05\\
imagenet  & 1262102&  1413165920 &   552331972 &   414250658 &   370593792 &  4.08\\
mnist2m   & 2000000&  1591481740 &   937505664 &   732426770 &   668576340 &  5.33\\
optical   & 325834&   229584600 &   184596136 &   162418818 &   155605254 & 34.31\\
pgsf      & 2000000&  6148761280 &  5437419776 &  4757747074 &  4266000672 & 34.72\\
susy      & 5000000&   538569644 &   538569648 &   503342874 &   479738707 & 66.63\\
=== Command line: mmtest.py mm -n 500 -b 1 -d /mnt/data/datasets/machine-learning-matrices-original/ 
Elapsed time: 101058.969

Sending logging messages to file: errors.log
### time x iteration and peak memory usage in kb for matrix multiplication; 1 row-blocks
 file     & cols & csrvmm      && re32mm      && reivmm      && remm        &\\
airline78 & 29   &  1.24 &1360896&4.1205e+14 &  1.53 &679936&4.1205e+14 &  2.58 &561664&4.1205e+14 &  2.84 &504320&4.1205e+14 \\
census    & 68   &  0.30 &310784&1.3655e+10 &  0.07 &69120&1.3655e+10 &  0.12 &56320&1.3655e+10 &  0.17 &53760&1.3655e+10 \\
covtype   & 54   &  0.03 &34816&1.1716e+13 &  0.03 &25600&1.1716e+13 &  0.05 &22528&1.1716e+13 &  0.06 &24576&1.1716e+13 \\
glove     & 300  &  0.79 &479744&2.0505e+06 &  0.85 &479744&2.0505e+06 &  1.42 &424448&2.0505e+06 &  2.06 &409088&2.0505e+06 \\
glove.q1k & 300  &  0.46 &474112&2.0505e+06 &  1.20 &406016&2.0505e+06 &  1.94 &313856&2.0505e+06 &  2.11 &305152&2.0505e+06 \\
glove.q25 & 300  &  0.46 &474112&2.0505e+06 &  0.69 &294400&2.0505e+06 &  1.21 &226304&2.0505e+06 &  1.46 &212992&2.0505e+06 \\
glove.q4k & 300  &  0.46 &474112&2.0505e+06 &  1.60 &542208&2.0505e+06 &  2.41 &432128&2.0505e+06 &  2.80 &399872&2.0505e+06 \\
glove.q64 & 300  &  0.46 &474112&2.0508e+06 &  0.41 &200192&2.0508e+06 &  0.72 &151552&2.0508e+06 &  0.89 &146944&2.0508e+06 \\
glove.q64 & 300  &  0.46 &474624&2.0505e+06 &  0.49 &475648&2.0505e+06 &  0.97 &361472&2.0505e+06 &  1.49 &343040&2.0505e+06 \\
higgs     & 28   &  3.95 &1300992&1.9507e+08 &  4.51 &1339392&1.9507e+08 &  8.18 &1209344&1.9507e+08 &  8.05 &1133056&1.9507e+08 \\
imagenet  & 900  &  1.35 &1390592&4.066e+09 &  1.54 &632320&4.066e+09 &  2.71 &500736&4.066e+09 &  3.18 &461824&4.066e+09 \\
mnist2m   & 784  &  1.52 &1570816&4.7973e+12 &  3.35 &1094656&4.7973e+12 &  5.60 &897536&4.7973e+12 &  6.40 &839168&4.7973e+12 \\
optical   & 174  &  0.73 &227840&1.0777e+17 &  0.98 &194560&1.0777e+17 &  0.80 &175616&1.0777e+17 &  1.11 &173056&1.0777e+17 \\
pgsf      & 768  &  5.91 &6021120&3.9299e+10 & 22.49 &6474240&3.9299e+10 & 34.25 &5813760&3.9299e+10 & 39.69 &5337600&3.9299e+10 \\
susy      & 18   &  1.68 &565760&6.546e+07 &  1.79 &565760&6.546e+07 &  2.61 &534528&6.546e+07 &  2.90 &515584&6.546e+07 \\

Thu Sep  3 09:54:59 AM -03 2026
=== Command line: mmtest.py mz -b 16 -d /mnt/data/datasets/machine-learning-matrices-original/ 
Elapsed time: 4116.311

Sending logging messages to file: errors.log
### csrv + repair +iv/ans size; 16 row-blocks
 file     & rows &        csrv &        re32 &        reiv &       reans & reans%\\
airline78 & 14462943&  1276965912 &   593255824 &   389345976 &   339169023 & 10.11\\
census    & 2458285&   297547512 &    56759172 &    30153848 &    24522212 &  1.83\\
covtype   & 581012&    29984604 &    22074496 &    13128848 &    11459809 &  4.57\\
glove     & 400000&   487336952 &   487337016 &   427137416 &   407504357 & 42.45\\
glove.q1k & 400000&   481607136 &   462484388 &   289055824 &   268771230 & 28.00\\
glove.q25 & 400000&   481601912 &   344347536 &   215218352 &   201799383 & 21.02\\
glove.q4k & 400000&   481626352 &   481451012 &   315021360 &   281610608 & 29.33\\
glove.q64 & 400000&   481600504 &   232191212 &   137864152 &   129169002 & 13.46\\
glove.q64 & 400000&   481932200 &   481932264 &   361532656 &   338094218 & 35.22\\
higgs     & 11000000&  1243414024 &  1172557948 &  1029744904 &   925416323 & 37.56\\
imagenet  & 1262102&  1413165920 &   695921348 &   456701064 &   415802642 &  4.58\\
mnist2m   & 2000000&  1591481740 &  1192416260 &   782524288 &   737643800 &  5.88\\
optical   & 325834&   229584600 &   194827316 &   168759144 &   163197016 & 35.98\\
pgsf      & 2000000&  6148761280 &  6115490756 &  4395520056 &  4053740997 & 32.99\\
susy      & 5000000&   538569644 &   538569708 &   496738336 &   475152581 & 65.99\\
=== Command line: mmtest.py mm -n 500 -b 16 -d /mnt/data/datasets/machine-learning-matrices-original/ 
Elapsed time: 7510.820

Sending logging messages to file: errors.log
### time x iteration and peak memory usage in kb for matrix multiplication; 16 row-blocks
 file     & cols & csrvmm      && re32mm      && reivmm      && remm        &\\
airline78 & 29   &  0.10 &1361408&4.1205e+14 &  0.20 &806912&4.1205e+14 &  0.28 &626688&4.1205e+14 &  0.31 &628224&4.1205e+14 \\
census    & 68   &  0.02 &311296&1.3655e+10 &  0.01 &84480&1.3655e+10 &  0.01 &77312&1.3655e+10 &  0.02 &104448&1.3655e+10 \\
covtype   & 54   &  0.00 &35328&1.1716e+13 &  0.00 &27648&1.1716e+13 &  0.01 &37376&1.1716e+13 &  0.01 &36352&1.1716e+13 \\
glove     & 300  &  0.06 &480768&2.0505e+06 &  0.06 &480256&2.0505e+06 &  0.10 &440320&2.0505e+06 &  0.15 &478720&2.0505e+06 \\
glove.q1k & 300  &  0.03 &475136&2.0505e+06 &  0.13 &540672&2.0505e+06 &  0.18 &390144&2.0505e+06 &  0.19 &420864&2.0505e+06 \\
glove.q25 & 300  &  0.03 &475136&2.0505e+06 &  0.09 &406528&2.0505e+06 &  0.14 &299520&2.0505e+06 &  0.15 &340992&2.0505e+06 \\
glove.q4k & 300  &  0.04 &475136&2.0505e+06 &  0.04 &486400&2.0505e+06 &  0.08 &342528&2.0505e+06 &  0.14 &368128&2.0505e+06 \\
glove.q64 & 300  &  0.03 &475136&2.0508e+06 &  0.04 &272384&2.0508e+06 &  0.07 &198656&2.0508e+06 &  0.08 &247808&2.0508e+06 \\
glove.q64 & 300  &  0.04 &475136&2.0505e+06 &  0.04 &475136&2.0505e+06 &  0.08 &376320&2.0505e+06 &  0.14 &411136&2.0505e+06 \\
higgs     & 28   &  0.33 &1302016&1.9507e+08 &  0.38 &1248768&1.9507e+08 &  0.58 &1127936&1.9507e+08 &  0.62 &1075200&1.9507e+08 \\
imagenet  & 900  &  0.10 &1391616&4.066e+09 &  0.20 &811520&4.066e+09 &  0.32 &597504&4.066e+09 &  0.33 &614912&4.066e+09 \\
mnist2m   & 784  &  0.11 &1571328&4.7973e+12 &  0.42 &1377792&4.7973e+12 &  0.57 &996352&4.7973e+12 &  0.63 &1010176&4.7973e+12 \\
optical   & 174  &  0.03 &228352&1.0777e+17 &  0.03 &202752&1.0777e+17 &  0.05 &195584&1.0777e+17 &  0.06 &247808&1.0777e+17 \\
pgsf      & 768  &  0.42 &6021632&3.9299e+10 &  1.31 &6507520&3.9299e+10 &  1.82 &4847104&3.9299e+10 &  2.50 &4581508&3.9299e+10 \\
susy      & 18   &  0.24 &566784&6.546e+07 &  0.23 &566272&6.546e+07 &  0.31 &544256&6.546e+07 &  0.33 &581132&6.546e+07 \\

Thu Sep  3 04:03:53 PM -03 2026
=== Command line: mmtest.py mz -b 4 -d /mnt/data/datasets/machine-learning-matrices-original/ 
Elapsed time: 4019.061

Sending logging messages to file: errors.log
### csrv + repair +iv/ans size; 4 row-blocks
 file     & rows &        csrv &        re32 &        reiv &       reans & reans%\\
airline78 & 14462943&  1276965912 &   540046820 &   371301776 &   322295101 &  9.61\\
census    & 2458285&   297547512 &    49131868 &    29172304 &    22372841 &  1.67\\
covtype   & 581012&    29984604 &    19890024 &    11831528 &    10408123 &  4.15\\
glove     & 400000&   487336952 &   487336968 &   427137064 &   407527153 & 42.45\\
glove.q1k & 400000&   481607136 &   415998288 &   286001160 &   265296613 & 27.64\\
glove.q25 & 400000&   481601912 &   291267676 &   191145184 &   179234494 & 18.67\\
glove.q4k & 400000&   481626352 &   479262128 &   329501048 &   292863299 & 30.51\\
glove.q64 & 400000&   481600504 &   198856332 &   130499744 &   119516520 & 12.45\\
glove.q64 & 400000&   481932200 &   481932168 &   361532288 &   338157830 & 35.22\\
higgs     & 11000000&  1243414024 &  1166259884 &  1028561448 &   928056675 & 37.66\\
imagenet  & 1262102&  1413165920 &   616691776 &   423977760 &   389297455 &  4.28\\
mnist2m   & 2000000&  1591481740 &  1070249728 &   769242672 &   711046780 &  5.67\\
optical   & 325834&   229584600 &   189567096 &   165313408 &   159382660 & 35.14\\
pgsf      & 2000000&  6148761280 &  5942923980 &  4828632952 &  4268818248 & 34.74\\
susy      & 5000000&   538569644 &   538569660 &   500407376 &   477741953 & 66.35\\
=== Command line: mmtest.py mm -n 500 -b 4 -d /mnt/data/datasets/machine-learning-matrices-original/ 
Elapsed time: 30082.321

Sending logging messages to file: errors.log
### time x iteration and peak memory usage in kb for matrix multiplication; 4 row-blocks
 file     & cols & csrvmm      && re32mm      && reivmm      && remm        &\\
airline78 & 29   &  0.33 &1361408&4.1205e+14 &  0.54 &738304&4.1205e+14 &  0.83 &579584&4.1205e+14 &  0.74 &545280&4.1205e+14 \\
census    & 68   &  0.08 &311296&1.3655e+10 &  0.02 &76800&1.3655e+10 &  0.03 &63488&1.3655e+10 &  0.05 &69120&1.3655e+10 \\
covtype   & 54   &  0.01 &35328&1.1716e+13 &  0.01 &27648&1.1716e+13 &  0.01 &25600&1.1716e+13 &  0.02 &36864&1.1716e+13 \\
glove     & 300  &  0.24 &480256&2.0505e+06 &  0.25 &480256&2.0505e+06 &  0.36 &428032&2.0505e+06 &  0.53 &422912&2.0505e+06 \\
glove.q1k & 300  &  0.12 &475136&2.0505e+06 &  0.50 &500736&2.0505e+06 &  0.67 &379904&2.0505e+06 &  0.67 &372224&2.0505e+06 \\
glove.q25 & 300  &  0.12 &474624&2.0505e+06 &  0.17 &335872&2.0505e+06 &  0.36 &244736&2.0505e+06 &  0.38 &247296&2.0505e+06 \\
glove.q4k & 300  &  0.12 &475136&2.0505e+06 &  0.31 &519680&2.0505e+06 &  0.43 &379904&2.0505e+06 &  0.61 &358400&2.0505e+06 \\
glove.q64 & 300  &  0.12 &474624&2.0508e+06 &  0.09 &235520&2.0508e+06 &  0.17 &175104&2.0508e+06 &  0.23 &178688&2.0508e+06 \\
glove.q64 & 300  &  0.12 &475136&2.0505e+06 &  0.12 &475136&2.0505e+06 &  0.24 &364032&2.0505e+06 &  0.37 &355328&2.0505e+06 \\
higgs     & 28   &  1.19 &1301504&1.9507e+08 &  1.31 &1269248&1.9507e+08 &  1.91 &1141248&1.9507e+08 &  2.04 &1056256&1.9507e+08 \\
imagenet  & 900  &  0.36 &1391104&4.066e+09 &  0.49 &711680&4.066e+09 &  0.77 &529920&4.066e+09 &  0.94 &510464&4.066e+09 \\
mnist2m   & 784  &  0.39 &1571328&4.7973e+12 &  1.32 &1260544&4.7973e+12 &  1.68 &972800&4.7973e+12 &  2.06 &930304&4.7973e+12 \\
optical   & 174  &  0.09 &227840&1.0777e+17 &  0.09 &199168&1.0777e+17 &  0.16 &182272&1.0777e+17 &  0.22 &190464&1.0777e+17 \\
pgsf      & 768  &  1.52 &6021632&3.9299e+10 &  7.99 &6809600&3.9299e+10 & 11.27 &5727232&3.9299e+10 & 11.01 &5196868&3.9299e+10 \\
susy      & 18   &  0.66 &566272&6.546e+07 &  0.71 &566272&6.546e+07 &  0.93 &535552&6.546e+07 &  1.05 &527872&6.546e+07 \\

Fri Sep  4 08:38:30 AM -03 2026
=== Command line: mmtest.py mz -b 8 -d /mnt/data/datasets/machine-learning-matrices-original/ 
Elapsed time: 5598.633

Sending logging messages to file: errors.log
### csrv + repair +iv/ans size; 8 row-blocks
 file     & rows &        csrv &        re32 &        reiv &       reans & reans%\\
airline78 & 14462943&  1276965912 &   564510136 &   370481408 &   328219943 &  9.78\\
census    & 2458285&   297547512 &    52697880 &    29642920 &    23395591 &  1.75\\
covtype   & 581012&    29984604 &    20891216 &    12426096 &    10907924 &  4.35\\
glove     & 400000&   487336952 &   487336984 &   427137184 &   407513105 & 42.45\\
glove.q1k & 400000&   481607136 &   442645444 &   290488728 &   269813080 & 28.11\\
glove.q25 & 400000&   481601912 &   312116780 &   195073912 &   186661795 & 19.44\\
glove.q4k & 400000&   481626352 &   480962172 &   315640688 &   285475640 & 29.74\\
glove.q64 & 400000&   481600504 &   214959672 &   134350200 &   124350306 & 12.95\\
glove.q64 & 400000&   481932200 &   481932232 &   361532432 &   338118434 & 35.22\\
higgs     & 11000000&  1243414024 &  1168708856 &  1026391760 &   925185896 & 37.55\\
imagenet  & 1262102&  1413165920 &   654189252 &   449757384 &   403652110 &  4.44\\
mnist2m   & 2000000&  1591481740 &  1133251180 &   779111040 &   726056514 &  5.79\\
optical   & 325834&   229584600 &   191852240 &   166562888 &   161022664 & 35.50\\
pgsf      & 2000000&  6148761280 &  6061254368 &  4545950456 &  4146218399 & 33.74\\
susy      & 5000000&   538569644 &   538569676 &   497471976 &   476418139 & 66.17\\
=== Command line: mmtest.py mm -n 500 -b 8 -d /mnt/data/datasets/machine-learning-matrices-original/ 
Elapsed time: 13416.042

Sending logging messages to file: errors.log
### time x iteration and peak memory usage in kb for matrix multiplication; 8 row-blocks
 file     & cols & csrvmm      && re32mm      && reivmm      && remm        &\\
airline78 & 29   &  0.16 &1361408&4.1205e+14 &  0.24 &771072&4.1205e+14 &  0.42 &591872&4.1205e+14 &  0.46 &576512&4.1205e+14 \\
census    & 68   &  0.04 &311296&1.3655e+10 &  0.01 &80384&1.3655e+10 &  0.02 &68096&1.3655e+10 &  0.02 &86528&1.3655e+10 \\
covtype   & 54   &  0.00 &35328&1.1716e+13 &  0.00 &26624&1.1716e+13 &  0.01 &28672&1.1716e+13 &  0.01 &38400&1.1716e+13 \\
glove     & 300  &  0.11 &480768&2.0505e+06 &  0.10 &480256&2.0505e+06 &  0.18 &432128&2.0505e+06 &  0.28 &441344&2.0505e+06 \\
glove.q1k & 300  &  0.06 &475136&2.0505e+06 &  0.23 &529408&2.0505e+06 &  0.31 &391168&2.0505e+06 &  0.39 &397312&2.0505e+06 \\
glove.q25 & 300  &  0.06 &475136&2.0505e+06 &  0.12 &361984&2.0505e+06 &  0.20 &258048&2.0505e+06 &  0.23 &278528&2.0505e+06 \\
glove.q4k & 300  &  0.06 &475136&2.0505e+06 &  0.11 &501248&2.0505e+06 &  0.18 &350208&2.0505e+06 &  0.27 &349696&2.0505e+06 \\
glove.q64 & 300  &  0.06 &475136&2.0508e+06 &  0.06 &254976&2.0508e+06 &  0.10 &186368&2.0508e+06 &  0.14 &205312&2.0508e+06 \\
glove.q64 & 300  &  0.06 &475136&2.0505e+06 &  0.06 &475136&2.0505e+06 &  0.14 &368128&2.0505e+06 &  0.19 &373760&2.0505e+06 \\
higgs     & 28   &  0.64 &1301504&1.9507e+08 &  0.64 &1253376&1.9507e+08 &  0.97 &1124864&1.9507e+08 &  1.13 &1050624&1.9507e+08 \\
imagenet  & 900  &  0.18 &1391616&4.066e+09 &  0.34 &756736&4.066e+09 &  0.44 &567296&4.066e+09 &  0.53 &550912&4.066e+09 \\
mnist2m   & 784  &  0.20 &1571328&4.7973e+12 &  0.57 &1327104&4.7973e+12 &  0.87 &992256&4.7973e+12 &  1.06 &969216&4.7973e+12 \\
optical   & 174  &  0.04 &228352&1.0777e+17 &  0.05 &199680&1.0777e+17 &  0.08 &185344&1.0777e+17 &  0.11 &208384&1.0777e+17 \\
pgsf      & 768  &  0.77 &6021632&3.9299e+10 &  2.76 &6699520&3.9299e+10 &  3.86 &5230592&3.9299e+10 &  4.65 &4869120&3.9299e+10 \\
susy      & 18   &  0.40 &566272&6.546e+07 &  0.38 &566272&6.546e+07 &  0.52 &536576&6.546e+07 &  0.54 &544256&6.546e+07 \\

Fri Sep  4 02:44:21 PM -03 2026
=== Command line: mmtest.py mz -b 12 -d /mnt/data/datasets/machine-learning-matrices-original/ 
Elapsed time: 3835.456

Sending logging messages to file: errors.log
### csrv + repair +iv/ans size; 12 row-blocks
 file     & rows &        csrv &        re32 &        reiv &       reans & reans%\\
airline78 & 14462943&  1276965912 &   580884192 &   381227008 &   334428691 &  9.97\\
census    & 2458285&   297547512 &    55009976 &    29224520 &    23860773 &  1.78\\
covtype   & 581012&    29984604 &    21570716 &    12829632 &    11226874 &  4.47\\
glove     & 400000&   487336952 &   487337000 &   427137304 &   407509779 & 42.45\\
glove.q1k & 400000&   481607136 &   455230712 &   298747928 &   271581335 & 28.29\\
glove.q25 & 400000&   481601912 &   329508252 &   205943680 &   194869318 & 20.30\\
glove.q4k & 400000&   481626352 &   481320332 &   315875832 &   282977458 & 29.48\\
glove.q64 & 400000&   481600504 &   224807028 &   133479688 &   126556999 & 13.18\\
glove.q64 & 400000&   481932200 &   481932248 &   361532528 &   338103672 & 35.22\\
higgs     & 11000000&  1243414024 &  1170696876 &  1026683488 &   924774199 & 37.53\\
imagenet  & 1262102&  1413165920 &   678067764 &   444984552 &   408309295 &  4.49\\
mnist2m   & 2000000&  1591481740 &  1168340380 &   803234952 &   737014570 &  5.88\\
optical   & 325834&   229584600 &   193836388 &   168024720 &   162528437 & 35.83\\
pgsf      & 2000000&  6148761280 &  6099055412 &  4574301336 &  4101607280 & 33.38\\
susy      & 5000000&   538569644 &   538569692 &   497472080 &   475633543 & 66.06\\
=== Command line: mmtest.py mm -n 500 -b 12 -d /mnt/data/datasets/machine-learning-matrices-original/ 
Elapsed time: 10444.194

Sending logging messages to file: errors.log
### time x iteration and peak memory usage in kb for matrix multiplication; 12 row-blocks
 file     & cols & csrvmm      && re32mm      && reivmm      && remm        &\\
airline78 & 29   &  0.13 &1361408&4.1205e+14 &  0.26 &792064&4.1205e+14 &  0.37 &611840&4.1205e+14 &  0.44 &603136&4.1205e+14 \\
census    & 68   &  0.03 &311296&1.3655e+10 &  0.01 &80384&1.3655e+10 &  0.01 &69632&1.3655e+10 &  0.02 &101376&1.3655e+10 \\
covtype   & 54   &  0.00 &35328&1.1716e+13 &  0.00 &27136&1.1716e+13 &  0.01 &33280&1.1716e+13 &  0.01 &37888&1.1716e+13 \\
glove     & 300  &  0.09 &480768&2.0505e+06 &  0.09 &480768&2.0505e+06 &  0.12 &435712&2.0505e+06 &  0.21 &460288&2.0505e+06 \\
glove.q1k & 300  &  0.04 &475136&2.0505e+06 &  0.21 &537600&2.0505e+06 &  0.29 &399360&2.0505e+06 &  0.34 &411648&2.0505e+06 \\
glove.q25 & 300  &  0.05 &475136&2.0505e+06 &  0.11 &386048&2.0505e+06 &  0.16 &279552&2.0505e+06 &  0.16 &311808&2.0505e+06 \\
glove.q4k & 300  &  0.05 &475136&2.0505e+06 &  0.07 &492544&2.0505e+06 &  0.11 &346112&2.0505e+06 &  0.20 &356352&2.0505e+06 \\
glove.q64 & 300  &  0.04 &475136&2.0508e+06 &  0.05 &267264&2.0508e+06 &  0.08 &192512&2.0508e+06 &  0.12 &228864&2.0508e+06 \\
glove.q64 & 300  &  0.05 &474624&2.0505e+06 &  0.04 &475136&2.0505e+06 &  0.09 &371712&2.0505e+06 &  0.13 &392192&2.0505e+06 \\
higgs     & 28   &  0.39 &1301504&1.9507e+08 &  0.45 &1249280&1.9507e+08 &  0.67 &1122816&1.9507e+08 &  0.74 &1060352&1.9507e+08 \\
imagenet  & 900  &  0.12 &1391616&4.066e+09 &  0.22 &790528&4.066e+09 &  0.32 &576512&4.066e+09 &  0.36 &584192&4.066e+09 \\
mnist2m   & 784  &  0.13 &1571328&4.7973e+12 &  0.48 &1359872&4.7973e+12 &  0.62 &1017856&4.7973e+12 &  0.72 &995840&4.7973e+12 \\
optical   & 174  &  0.04 &228352&1.0777e+17 &  0.03 &200192&1.0777e+17 &  0.06 &189440&1.0777e+17 &  0.08 &226816&1.0777e+17 \\
pgsf      & 768  &  0.53 &6021632&3.9299e+10 &  2.37 &6590464&3.9299e+10 &  3.07 &5115904&3.9299e+10 &  4.02 &4703744&3.9299e+10 \\
susy      & 18   &  0.26 &566272&6.546e+07 &  0.28 &566272&6.546e+07 &  0.38 &540672&6.546e+07 &  0.39 &563212&6.546e+07 \\

Mon Sep  7 10:48:07 AM -03 2026
=== Command line: mmtest.py mz -b 32 -d /mnt/data/datasets/machine-learning-matrices-original/ 
Elapsed time: 14347.092

Sending logging messages to file: errors.log
### csrv + repair +iv/ans size; 32 row-blocks
 file     & rows &        csrv &        re32 &        reiv &       reans & reans%\\
airline78 & 14462943&  1276965912 &   623609296 &   389780016 &   346350478 & 10.32\\
census    & 2458285&   297547512 &    61459232 &    30730592 &    25574889 &  1.91\\
covtype   & 581012&    29984604 &    23358944 &    13891928 &    12193767 &  4.86\\
glove     & 400000&   487336952 &   487337080 &   426667552 &   407498349 & 42.45\\
glove.q1k & 400000&   481607136 &   474097788 &   289735560 &   264657622 & 27.57\\
glove.q25 & 400000&   481601912 &   382853192 &   227320728 &   215415394 & 22.44\\
glove.q4k & 400000&   481626352 &   481581064 &   300998880 &   279389710 & 29.10\\
glove.q64 & 400000&   481600504 &   251258424 &   141333944 &   134540378 & 14.01\\
glove.q64 & 400000&   481932200 &   481932328 &   361533096 &   338071872 & 35.22\\
higgs     & 11000000&  1243414024 &  1179239988 &  1033388832 &   929511523 & 37.72\\
imagenet  & 1262102&  1413165920 &   742433244 &   486499224 &   433327110 &  4.77\\
mnist2m   & 2000000&  1591481740 &  1247781872 &   779865240 &   747754101 &  5.96\\
optical   & 325834&   229584600 &   197520372 &   170708208 &   165170843 & 36.42\\
pgsf      & 2000000&  6148761280 &  6136507188 &  4410626024 &  3996265884 & 32.52\\
susy      & 5000000&   538569644 &   538569772 &   496371848 &   473991561 & 65.83\\
=== Command line: mmtest.py mm -n 500 -b 32 -d /mnt/data/datasets/machine-learning-matrices-original/ 
Elapsed time: 8153.517

Sending logging messages to file: errors.log
### time x iteration and peak memory usage in kb for matrix multiplication; 32 row-blocks
 file     & cols & csrvmm      && re32mm      && reivmm      && remm        &\\
airline78 & 29   &  0.23 &1361920&4.1205e+14 &  0.27 &839168&4.1205e+14 &  0.32 &645120&4.1205e+14 &  0.32 &701952&4.1205e+14 \\
census    & 68   &  0.03 &311296&1.3655e+10 &  0.01 &81920&1.3655e+10 &  0.02 &87040&1.3655e+10 &  0.05 &100352&1.3655e+10 \\
covtype   & 54   &  0.03 &35328&1.1716e+13 &  0.04 &29184&1.1716e+13 &  0.06 &38400&1.1716e+13 &  0.03 &36864&1.1716e+13 \\
glove     & 300  &  0.15 &479744&2.0505e+06 &  0.19 &479232&2.0505e+06 &  0.15 &456704&2.0505e+06 &  0.21 &552956&2.0505e+06 \\
glove.q1k & 300  &  0.10 &475136&2.0505e+06 &  0.18 &528384&2.0505e+06 &  0.21 &382976&2.0505e+06 &  0.20 &467968&2.0505e+06 \\
glove.q25 & 300  &  0.06 &475136&2.0505e+06 &  0.25 &457216&2.0505e+06 &  0.21 &340992&2.0505e+06 &  0.18 &431616&2.0505e+06 \\
glove.q4k & 300  &  0.17 &475136&2.0505e+06 &  0.19 &475648&2.0505e+06 &  0.24 &334336&2.0505e+06 &  0.19 &428032&2.0505e+06 \\
glove.q64 & 300  &  0.09 &474112&2.0508e+06 &  0.14 &299008&2.0508e+06 &  0.20 &226816&2.0508e+06 &  0.17 &319488&2.0508e+06 \\
glove.q64 & 300  &  0.08 &475648&2.0505e+06 &  0.04 &475136&2.0505e+06 &  0.18 &392192&2.0505e+06 &  0.21 &483328&2.0505e+06 \\
higgs     & 28   &  0.42 &1301504&1.9507e+08 &  0.36 &1255424&1.9507e+08 &  0.66 &1148416&1.9507e+08 &  0.60 &1145344&1.9507e+08 \\
imagenet  & 900  &  0.10 &1391616&4.066e+09 &  0.24 &867840&4.066e+09 &  0.37 &652800&4.066e+09 &  0.43 &716216&4.066e+09 \\
mnist2m   & 784  &  0.11 &1571328&4.7973e+12 &  0.44 &1431040&4.7973e+12 &  0.61 &1009152&4.7973e+12 &  0.63 &1093628&4.7973e+12 \\
optical   & 174  &  0.03 &228352&1.0777e+17 &  0.03 &197632&1.0777e+17 &  0.05 &206336&1.0777e+17 &  0.07 &315392&1.0777e+17 \\
pgsf      & 768  &  0.43 &6021632&3.9299e+10 &  0.85 &6322688&3.9299e+10 &  1.26 &4673024&3.9299e+10 &  2.06 &4406420&3.9299e+10 \\
susy      & 18   &  0.24 &566784&6.546e+07 &  0.25 &566784&6.546e+07 &  0.32 &560640&6.546e+07 &  0.32 &654960&6.546e+07 \\

Tue Sep  8 08:50:05 AM -03 2026
=== Command line: mmtest.py mz -b 20 -d /mnt/data/datasets/machine-learning-matrices-original/ 
Elapsed time: 9209.436

Sending logging messages to file: errors.log
### csrv + repair +iv/ans size; 20 row-blocks
 file     & rows &        csrv &        re32 &        reiv &       reans & reans%\\
airline78 & 14462943&  1276965912 &   603733924 &   377357584 &   339503768 & 10.12\\
census    & 2458285&   297547512 &    58211112 &    30925312 &    25019319 &  1.87\\
covtype   & 581012&    29984604 &    22482476 &    13371200 &    11695121 &  4.66\\
glove     & 400000&   487336952 &   487337032 &   427137592 &   407504997 & 42.45\\
glove.q1k & 400000&   481607136 &   467087612 &   291932952 &   268262109 & 27.94\\
glove.q25 & 400000&   481601912 &   357074436 &   219982048 &   206791893 & 21.54\\
glove.q4k & 400000&   481626352 &   481512772 &   310735976 &   280681405 & 29.24\\
glove.q64 & 400000&   481600504 &   237981516 &   141302240 &   131158114 & 13.66\\
glove.q64 & 400000&   481932200 &   481932280 &   361532752 &   338087020 & 35.22\\
higgs     & 11000000&  1243414024 &  1174345360 &  1030435104 &   926584168 & 37.60\\
imagenet  & 1262102&  1413165920 &   710360008 &   466176544 &   421048328 &  4.63\\
mnist2m   & 2000000&  1591481740 &  1210679280 &   794509496 &   743114436 &  5.92\\
optical   & 325834&   229584600 &   195742316 &   169472840 &   163906143 & 36.14\\
pgsf      & 2000000&  6148761280 &  6124809100 &  4402217752 &  4033027664 & 32.82\\
susy      & 5000000&   538569644 &   538569724 &   496298104 &   474643965 & 65.92\\
=== Command line: mmtest.py mm -n 500 -b 20 -d /mnt/data/datasets/machine-learning-matrices-original/ 
Elapsed time: 9050.688

Sending logging messages to file: errors.log
### time x iteration and peak memory usage in kb for matrix multiplication; 20 row-blocks
 file     & cols & csrvmm      && re32mm      && reivmm      && remm        &\\
airline78 & 29   &  0.14 &1360896&4.1205e+14 &  0.24 &816640&4.1205e+14 &  0.34 &618496&4.1205e+14 &  0.30 &644096&4.1205e+14 \\
census    & 68   &  0.03 &311296&1.3655e+10 &  0.01 &88064&1.3655e+10 &  0.02 &83968&1.3655e+10 &  0.02 &98816&1.3655e+10 \\
covtype   & 54   &  0.01 &35328&1.1716e+13 &  0.00 &28160&1.1716e+13 &  0.01 &41984&1.1716e+13 &  0.01 &40448&1.1716e+13 \\
glove     & 300  &  0.06 &480768&2.0505e+06 &  0.08 &480768&2.0505e+06 &  0.17 &443392&2.0505e+06 &  0.21 &496128&2.0505e+06 \\
glove.q1k & 300  &  0.03 &475136&2.0505e+06 &  0.14 &537600&2.0505e+06 &  0.24 &388608&2.0505e+06 &  0.23 &434688&2.0505e+06 \\
glove.q25 & 300  &  0.06 &475136&2.0505e+06 &  0.13 &422400&2.0505e+06 &  0.19 &311296&2.0505e+06 &  0.18 &366592&2.0505e+06 \\
glove.q4k & 300  &  0.07 &474624&2.0505e+06 &  0.06 &485376&2.0505e+06 &  0.14 &339968&2.0505e+06 &  0.22 &382976&2.0505e+06 \\
glove.q64 & 300  &  0.14 &474624&2.0508e+06 &  0.07 &279552&2.0508e+06 &  0.17 &206848&2.0508e+06 &  0.18 &269824&2.0508e+06 \\
glove.q64 & 300  &  0.04 &475136&2.0505e+06 &  0.05 &475136&2.0505e+06 &  0.11 &380416&2.0505e+06 &  0.17 &429056&2.0505e+06 \\
higgs     & 28   &  0.38 &1302016&1.9507e+08 &  0.47 &1245184&1.9507e+08 &  0.71 &1126912&1.9507e+08 &  0.77 &1097216&1.9507e+08 \\
imagenet  & 900  &  0.09 &1391616&4.066e+09 &  0.31 &827904&4.066e+09 &  0.43 &612352&4.066e+09 &  0.53 &640512&4.066e+09 \\
mnist2m   & 784  &  0.10 &1571328&4.7973e+12 &  0.52 &1393664&4.7973e+12 &  0.77 &1010176&4.7973e+12 &  0.87 &1032480&4.7973e+12 \\
optical   & 174  &  0.04 &228352&1.0777e+17 &  0.04 &204800&1.0777e+17 &  0.07 &202752&1.0777e+17 &  0.09 &269312&1.0777e+17 \\
pgsf      & 768  &  0.39 &6021632&3.9299e+10 &  1.81 &6444032&3.9299e+10 &  1.66 &4784640&3.9299e+10 &  2.41 &4508504&3.9299e+10 \\
susy      & 18   &  0.30 &566784&6.546e+07 &  0.31 &566272&6.546e+07 &  0.40 &547840&6.546e+07 &  0.33 &599560&6.546e+07 \\
