
Thu Sep  3 09:53:35 AM -03 2026
=== Command line: mmtest-h.py mz -b 1 -p 1 -d /mnt/data/datasets/machine-learning-matrices/ 
Elapsed time: 27725.936

Sending logging messages to file: errors2.log
### csrv + repair +iv/ans size; 1 row-blocks
file     & rows &        csrv &        re32 &        reiv &       reans & reans%\\
airline78  & 14462943&  1334817684 &   496329116 &   372262450 &   293759081 &  8.75\\
census.cs  & 2458285&   307380652 &    43269980 &    27043898 &    19992824 &  1.50\\
covtype.c  & 581012&    32308652 &    15995196 &     9518890 &     8478409 &  3.38\\
glove.csv  & 400000&   488936952 &     7336956 &     5786978 &   306854522 & 31.96\\
glove.q1k  & 400000&   483207136 &   325512308 &   233964002 &   188547712 & 19.64\\
glove.q25  & 400000&   483201912 &   258420796 &   185740514 &   134211252 & 13.98\\
glove.q4k  & 400000&   483226352 &   106814316 &    76780234 &   201434612 & 20.98\\
glove.q64  & 400000&   483200504 &   172705908 &   118735498 &    91060736 &  9.49\\
glove.q64  & 400000&   483532200 &     1935484 &     1484586 &   237493670 & 24.74\\
higgs.csv  & 11000000&  1287414024 &   315184764 &   252556490 &   705757848 & 28.64\\
imagenet.  & 1262102&  1418214328 &   550994644 &   413247650 &   308070406 &  3.39\\
mnist2m.c  & 2000000&  1599481740 &   910480420 &   711313298 &   562524009 &  4.48\\
optical.c  & 325834&   230887936 &    34107280 &    26533274 &   107414938 & 23.68\\
pgsf.csv   & 2000000&  6156761280 &  3457774120 &  2917502874 &  3137924074 & 25.54\\
susy.csv   & 5000000&   558569644 &   182817140 &   163442162 &   384774465 & 53.44\\
=== Command line: mmtest-h.py mm -n 500 -b 1 -p 1 -d /mnt/data/datasets/machine-learning-matrices/ 
Elapsed time: 37366.230

Sending logging messages to file: errors2.log
### time x iteration and peak memory usage in kb for matrix multiplication; 1 row-blocks
file     & cols & remm-h      &\\
airline78  & 29   &  3.56 &486400 &4.1205e+14 \\
census.cs  & 68   &  0.24 &53248 &1.3655e+10 \\
covtype.c  & 54   &  0.09 &22016 &1.1716e+13 \\
glove.csv  & 300  &  5.17 &282112 &2.0505e+06 \\
glove.q1k  & 300  &  2.07 &242688 &2.0505e+06 \\
glove.q25  & 300  &  1.25 &178176 &2.0505e+06 \\
glove.q4k  & 300  &  1.43 &138752 &2.0505e+06 \\
glove.q64  & 300  &  0.80 &128000 &2.0508e+06 \\
glove.q64  & 300  &  2.79 &235008 &2.0505e+06 \\
higgs.csv  & 28   & 11.00 &485888 &1.9507e+08 \\
imagenet.  & 900  &  3.29 &399872 &4.066e+09 \\
mnist2m.c  & 784  &  6.28 &717824 &4.7973e+12 \\
optical.c  & 174  &  1.44 &81920 &1.0777e+17 \\
pgsf.csv   & 768  & 31.16 &3092992 &3.9299e+10 \\
susy.csv   & 18   &  4.16 &457216 &6.546e+07 \\

Fri Sep  4 08:39:27 AM -03 2026
=== Command line: mmtest-h.py mz -b 16 -p 16 -d /mnt/data/datasets/machine-learning-matrices/ 
Elapsed time: 20621.265

Sending logging messages to file: errors2.log
### csrv + repair +iv/ans size; 16 row-blocks
file     & rows &        csrv &        re32 &        reiv &       reans & reans%\\
airline78  & 14462943&  1334817684 &   560848012 &   350553800 &   309616516 &  9.23\\
census.cs  & 2458285&   307380652 &    56754220 &    30151272 &    23568965 &  1.76\\
covtype.c  & 581012&    32308652 &    15284052 &     7669152 &     9163060 &  3.65\\
glove.csv  & 400000&   488936952 &     7337016 &     5787416 &   306661564 & 31.94\\
glove.q1k  & 400000&   483207136 &   112072244 &    67496032 &   168642225 & 17.57\\
glove.q25  & 400000&   483201912 &   324516812 &   201601976 &   153527386 & 15.99\\
glove.q4k  & 400000&   483226352 &     2496540 &     1542872 &   178222852 & 18.56\\
glove.q64  & 400000&   483200504 &   231150604 &   137246296 &   101480514 & 10.57\\
glove.q64  & 400000&   483532200 &     1932264 &      382664 &   237498918 & 24.74\\
higgs.csv  & 11000000&  1287414024 &   257702536 &   204167024 &   694272959 & 28.18\\
imagenet.  & 1262102&  1418214328 &   685317052 &   428326072 &   324329317 &  3.57\\
mnist2m.c  & 2000000&  1599481740 &   768016692 &   504012080 &   567551035 &  4.52\\
optical.c  & 325834&   230887936 &    28184064 &    22276360 &   110058940 & 24.27\\
pgsf.csv   & 2000000&  6156761280 &   157686712 &   108421888 &  2394021489 & 19.48\\
susy.csv   & 5000000&   558569644 &   182817200 &   163442576 &   383016747 & 53.20\\
=== Command line: mmtest-h.py mm -n 500 -b 16 -p 16 -d /mnt/data/datasets/machine-learning-matrices/ 
Elapsed time: 2829.831

Sending logging messages to file: errors2.log
### time x iteration and peak memory usage in kb for matrix multiplication; 16 row-blocks
file     & cols & remm-h      &\\
airline78  & 29   &  0.45 &578560 &4.1205e+14 \\
census.cs  & 68   &  0.02 &95232 &1.3655e+10 \\
covtype.c  & 54   &  0.01 &24576 &1.1716e+13 \\
glove.csv  & 300  &  0.68 &239104 &2.0505e+06 \\
glove.q1k  & 300  &  0.10 &155136 &2.0505e+06 \\
glove.q25  & 300  &  0.18 &276992 &2.0505e+06 \\
glove.q4k  & 300  &  0.10 &14848 &2.0505e+06 \\
glove.q64  & 300  &  0.12 &216576 &2.0508e+06 \\
glove.q64  & 300  &  0.20 &34304 &2.0505e+06 \\
higgs.csv  & 28   &  0.82 &416256 &1.9507e+08 \\
imagenet.  & 900  &  0.37 &513024 &4.066e+09 \\
mnist2m.c  & 784  &  0.48 &615424 &4.7973e+12 \\
optical.c  & 174  &  0.10 &75264 &1.0777e+17 \\
pgsf.csv   & 768  &  1.49 &235520 &3.9299e+10 \\
susy.csv   & 18   &  0.51 &468992 &6.546e+07 \\

Fri Sep  4 10:49:55 PM -03 2026
=== Command line: mmtest-h.py mz -b 4 -p 4 -d /mnt/data/datasets/machine-learning-matrices/ 
Elapsed time: 23184.429

Sending logging messages to file: errors2.log
### csrv + repair +iv/ans size; 4 row-blocks
file     & rows &        csrv &        re32 &        reiv &       reans & reans%\\
airline78  & 14462943&  1334817684 &   532056796 &   365808648 &   301843483 &  9.00\\
census.cs  & 2458285&   307380652 &    49128800 &    29170480 &    21752608 &  1.63\\
covtype.c  & 581012&    32308652 &    15500780 &     8259952 &     8665650 &  3.45\\
glove.csv  & 400000&   488936952 &     7336968 &     5787072 &   306749036 & 31.95\\
glove.q1k  & 400000&   483207136 &   312252068 &   214675616 &   203327663 & 21.18\\
glove.q25  & 400000&   483201912 &   286788844 &   188205936 &   139087863 & 14.49\\
glove.q4k  & 400000&   483226352 &    13570012 &     8491248 &   180101624 & 18.76\\
glove.q64  & 400000&   483200504 &   198589812 &   130324840 &    96924623 & 10.10\\
glove.q64  & 400000&   483532200 &     1932456 &     1432488 &   237491981 & 24.74\\
higgs.csv  & 11000000&  1287414024 &   263089788 &   208835112 &   693825794 & 28.16\\
imagenet.  & 1262102&  1418214328 &   612901520 &   421371960 &   315652474 &  3.47\\
mnist2m.c  & 2000000&  1599481740 &   923007264 &   663412152 &   581228655 &  4.63\\
optical.c  & 325834&   230887936 &    31689160 &    24795320 &   108754174 & 23.98\\
pgsf.csv   & 2000000&  6156761280 &  1085550196 &   814172232 &  2596491699 & 21.13\\
susy.csv   & 5000000&   558569644 &   182817152 &   163442264 &   383349387 & 53.24\\
=== Command line: mmtest-h.py mm -n 500 -b 4 -p 4 -d /mnt/data/datasets/machine-learning-matrices/ 
Elapsed time: 10627.861

Sending logging messages to file: errors2.log
### time x iteration and peak memory usage in kb for matrix multiplication; 4 row-blocks
file     & cols & remm-h      &\\
airline78  & 29   &  1.02 &519680 &4.1205e+14 \\
census.cs  & 68   &  0.07 &68608 &1.3655e+10 \\
covtype.c  & 54   &  0.02 &29184 &1.1716e+13 \\
glove.csv  & 300  &  1.85 &241152 &2.0505e+06 \\
glove.q1k  & 300  &  0.56 &257536 &2.0505e+06 \\
glove.q25  & 300  &  0.49 &202752 &2.0505e+06 \\
glove.q4k  & 300  &  0.35 &47104 &2.0505e+06 \\
glove.q64  & 300  &  0.26 &154624 &2.0508e+06 \\
glove.q64  & 300  &  1.12 &61952 &2.0505e+06 \\
higgs.csv  & 28   &  3.18 &372224 &1.9507e+08 \\
imagenet.  & 900  &  1.07 &434688 &4.066e+09 \\
mnist2m.c  & 784  &  1.88 &712704 &4.7973e+12 \\
optical.c  & 174  &  0.56 &83456 &1.0777e+17 \\
pgsf.csv   & 768  &  7.05 &1052160 &3.9299e+10 \\
susy.csv   & 18   &  1.78 &469504 &6.546e+07 \\

Sat Sep  5 09:02:39 AM -03 2026
=== Command line: mmtest-h.py mz -b 8 -p 8 -d /mnt/data/datasets/machine-learning-matrices/ 
Elapsed time: 19055.885

Sending logging messages to file: errors2.log
### csrv + repair +iv/ans size; 8 row-blocks
file     & rows &        csrv &        re32 &        reiv &       reans & reans%\\
airline78  & 14462943&  1334817684 &   547115468 &   359066144 &   305408622 &  9.10\\
census.cs  & 2458285&   307380652 &    52695384 &    29641512 &    22635756 &  1.69\\
covtype.c  & 581012&    32308652 &    15430416 &     7804000 &     8840981 &  3.52\\
glove.csv  & 400000&   488936952 &     7336984 &     5787208 &   306697972 & 31.95\\
glove.q1k  & 400000&   483207136 &   223605520 &   146298992 &   190407540 & 19.83\\
glove.q25  & 400000&   483201912 &   302849512 &   189281864 &   142843441 & 14.88\\
glove.q4k  & 400000&   483226352 &     4922632 &     3072584 &   178650470 & 18.61\\
glove.q64  & 400000&   483200504 &   214438000 &   134024128 &    99488760 & 10.36\\
glove.q64  & 400000&   483532200 &     1932232 &      382456 &   237499050 & 24.74\\
higgs.csv  & 11000000&  1287414024 &   257819936 &   205006104 &   692979717 & 28.12\\
imagenet.  & 1262102&  1418214328 &   647831924 &   425142168 &   319832618 &  3.52\\
mnist2m.c  & 2000000&  1599481740 &   856334304 &   588730664 &   576320296 &  4.59\\
optical.c  & 325834&   230887936 &    30144940 &    23685520 &   109244472 & 24.09\\
pgsf.csv   & 2000000&  6156761280 &   433606932 &   311665848 &  2447771088 & 19.92\\
susy.csv   & 5000000&   558569644 &   182817168 &   163442368 &   383107227 & 53.21\\
=== Command line: mmtest-h.py mm -n 500 -b 8 -p 8 -d /mnt/data/datasets/machine-learning-matrices/ 
Elapsed time: 5659.321

Sending logging messages to file: errors2.log
### time x iteration and peak memory usage in kb for matrix multiplication; 8 row-blocks
file     & cols & remm-h      &\\
airline78  & 29   &  0.78 &541696 &4.1205e+14 \\
census.cs  & 68   &  0.06 &86016 &1.3655e+10 \\
covtype.c  & 54   &  0.02 &28160 &1.1716e+13 \\
glove.csv  & 300  &  0.90 &239104 &2.0505e+06 \\
glove.q1k  & 300  &  0.29 &211968 &2.0505e+06 \\
glove.q25  & 300  &  0.27 &225280 &2.0505e+06 \\
glove.q4k  & 300  &  0.17 &26112 &2.0505e+06 \\
glove.q64  & 300  &  0.23 &176128 &2.0508e+06 \\
glove.q64  & 300  &  0.65 &33792 &2.0505e+06 \\
higgs.csv  & 28   &  1.53 &381952 &1.9507e+08 \\
imagenet.  & 900  &  0.71 &464896 &4.066e+09 \\
mnist2m.c  & 784  &  0.97 &661504 &4.7973e+12 \\
optical.c  & 174  &  0.29 &80896 &1.0777e+17 \\
pgsf.csv   & 768  &  3.55 &460800 &3.9299e+10 \\
susy.csv   & 18   &  0.90 &473088 &6.546e+07 \\

Sun Sep  6 07:30:00 AM -03 2026
=== Command line: mmtest-h.py mz -b 12 -p 12 -d /mnt/data/datasets/machine-learning-matrices/ 
Elapsed time: 17074.429

Sending logging messages to file: errors2.log
### csrv + repair +iv/ans size; 12 row-blocks
file     & rows &        csrv &        re32 &        reiv &       reans & reans%\\
airline78  & 14462943&  1334817684 &   555034760 &   364263280 &   309880723 &  9.24\\
census.cs  & 2458285&   307380652 &    55006124 &    29222496 &    23042494 &  1.72\\
covtype.c  & 581012&    32308652 &    15368040 &     7711040 &     9018164 &  3.59\\
glove.csv  & 400000&   488936952 &     7337000 &     5787280 &   306672808 & 31.95\\
glove.q1k  & 400000&   483207136 &   155892448 &    97435752 &   177681986 & 18.51\\
glove.q25  & 400000&   483201912 &   315107384 &   196943136 &   148700737 & 15.49\\
glove.q4k  & 400000&   483226352 &     3142356 &     1945968 &   178342835 & 18.58\\
glove.q64  & 400000&   483200504 &   224026364 &   133016168 &   100062462 & 10.42\\
glove.q64  & 400000&   483532200 &     1932248 &      382528 &   237494598 & 24.74\\
higgs.csv  & 11000000&  1287414024 &   257278072 &   203609328 &   693437038 & 28.14\\
imagenet.  & 1262102&  1418214328 &   669478020 &   439347528 &   324641846 &  3.57\\
mnist2m.c  & 2000000&  1599481740 &   804867312 &   528195200 &   569089604 &  4.54\\
optical.c  & 325834&   230887936 &    28868632 &    22768288 &   109813346 & 24.21\\
pgsf.csv   & 2000000&  6156761280 &   239357760 &   164570624 &  2407886313 & 19.60\\
susy.csv   & 5000000&   558569644 &   182817184 &   163442504 &   383043291 & 53.20\\
=== Command line: mmtest-h.py mm -n 500 -b 12 -p 12 -d /mnt/data/datasets/machine-learning-matrices/ 
Elapsed time: 3683.223

Sending logging messages to file: errors2.log
### time x iteration and peak memory usage in kb for matrix multiplication; 12 row-blocks
file     & cols & remm-h      &\\
airline78  & 29   &  0.48 &563712 &4.1205e+14 \\
census.cs  & 68   &  0.03 &95232 &1.3655e+10 \\
covtype.c  & 54   &  0.01 &26624 &1.1716e+13 \\
glove.csv  & 300  &  0.72 &239104 &2.0505e+06 \\
glove.q1k  & 300  &  0.16 &178176 &2.0505e+06 \\
glove.q25  & 300  &  0.19 &253440 &2.0505e+06 \\
glove.q4k  & 300  &  0.13 &18432 &2.0505e+06 \\
glove.q64  & 300  &  0.11 &196608 &2.0508e+06 \\
glove.q64  & 300  &  0.35 &34304 &2.0505e+06 \\
higgs.csv  & 28   &  1.17 &397824 &1.9507e+08 \\
imagenet.  & 900  &  0.48 &492544 &4.066e+09 \\
mnist2m.c  & 784  &  0.69 &628736 &4.7973e+12 \\
optical.c  & 174  &  0.17 &77824 &1.0777e+17 \\
pgsf.csv   & 768  &  1.90 &294400 &3.9299e+10 \\
susy.csv   & 18   &  0.78 &471040 &6.546e+07 \\

Mon Sep  7 10:48:07 AM -03 2026
=== Command line: mmtest-h.py mz -b 32 -p 32 -d /mnt/data/datasets/machine-learning-matrices/ 
Elapsed time: 30561.870

Sending logging messages to file: errors2.log
### csrv + repair +iv/ans size; 32 row-blocks
file     & rows &        csrv &        re32 &        reiv &       reans & reans%\\
airline78  & 14462943&  1334817684 &   574970180 &   341414712 &   313035511 &  9.33\\
census.cs  & 2458285&   307380652 &    61445472 &    30723720 &    24540075 &  1.84\\
covtype.c  & 581012&    32308652 &    14662380 &     6902184 &     9392610 &  3.74\\
glove.csv  & 400000&   488936952 &     7337080 &     5787960 &   306622676 & 31.94\\
glove.q1k  & 400000&   483207136 &    41827796 &    23532088 &   154777203 & 16.12\\
glove.q25  & 400000&   483201912 &   338642524 &   201070600 &   162500812 & 16.93\\
glove.q4k  & 400000&   483226352 &     1852336 &     1120536 &   178093660 & 18.55\\
glove.q64  & 400000&   483200504 &   249151304 &   140148672 &   103544375 & 10.79\\
glove.q64  & 400000&   483532200 &     1932328 &      383208 &   237509026 & 24.74\\
higgs.csv  & 11000000&  1287414024 &   259641468 &   204807072 &   697994624 & 28.33\\
imagenet.  & 1262102&  1418214328 &   724794044 &   452999600 &   333279334 &  3.67\\
mnist2m.c  & 2000000&  1599481740 &   686977388 &   429362456 &   560808418 &  4.47\\
optical.c  & 325834&   230887936 &    26568324 &    21115472 &   110880152 & 24.45\\
pgsf.csv   & 2000000&  6156761280 &    57625112 &    39413888 &  2377903022 & 19.35\\
susy.csv   & 5000000&   558569644 &   182817264 &   163443120 &   382985627 & 53.19\\
=== Command line: mmtest-h.py mm -n 500 -b 32 -p 32 -d /mnt/data/datasets/machine-learning-matrices/ 
Elapsed time: 2430.770

Sending logging messages to file: errors2.log
### time x iteration and peak memory usage in kb for matrix multiplication; 32 row-blocks
file     & cols & remm-h      &\\
airline78  & 29   &  0.35 &643584 &4.1205e+14 \\
census.cs  & 68   &  0.02 &96768 &1.3655e+10 \\
covtype.c  & 54   &  0.01 &27136 &1.1716e+13 \\
glove.csv  & 300  &  0.52 &240128 &2.0505e+06 \\
glove.q1k  & 300  &  0.08 &64000 &2.0505e+06 \\
glove.q25  & 300  &  0.17 &359424 &2.0505e+06 \\
glove.q4k  & 300  &  0.09 &9728 &2.0505e+06 \\
glove.q64  & 300  &  0.19 &287744 &2.0508e+06 \\
glove.q64  & 300  &  0.16 &35840 &2.0505e+06 \\
higgs.csv  & 28   &  0.66 &491520 &1.9507e+08 \\
imagenet.  & 900  &  0.34 &593920 &4.066e+09 \\
mnist2m.c  & 784  &  0.42 &610304 &4.7973e+12 \\
optical.c  & 174  &  0.10 &74752 &1.0777e+17 \\
pgsf.csv   & 768  &  1.16 &108544 &3.9299e+10 \\
susy.csv   & 18   &  0.60 &469504 &6.546e+07 \\



Mon Sep 21 06:54:29 PM -03 2026
=== Command line: mmtest-h.py mz -b 2 -p 2 -d /mnt/data/datasets/machine-learning-matrices/ 
