
#### 2026-09-13 01:21:50
 Command line: /home/louza/mm-repair/matrepair -r -b 1 -p 1 --noconv /mnt/data/datasets/machine-learning-matrices-reorder/pgsf 2000000 768 
Setting memory for each repair instance to 464053 MBs
Sending logging messages to file: /mnt/data/datasets/machine-learning-matrices-reorder/pgsf.log
---- Skipping conversion bin/csv->csrv
==== Repair compression
Command: /home/louza/mm-repair/brepair/irepair0 /mnt/data/datasets/machine-learning-matrices-reorder/pgsf.vc 464053
Repair time: 1543.5424
==== Integer vector .C compression
Command: /home/louza/mm-repair/sdsl/encode.x /mnt/data/datasets/machine-learning-matrices-reorder/pgsf.vc.C 
==== Integer vector .R compression
Command: /home/louza/mm-repair/sdsl/encode.x /mnt/data/datasets/machine-learning-matrices-reorder/pgsf.vc.R 
Integer vector compression time: 66.7048
==== Ans-fold compression
Command: /home/louza/mm-repair/ans/encode.x /mnt/data/datasets/machine-learning-matrices-reorder/pgsf.vc.C 
Ans-fold time: 177.5595
Elapsed time: 1787.8070
==== Compression Report:
 >> matrix name: /mnt/data/datasets/machine-learning-matrices-reorder/pgsf
 >> conversion time: 0.00
 >> repair time: 1543.54
 >> integer vectors time: 66.70
 >> ansf time: 177.56
 >> total time: 1787.81
 >> matrix log(alpha)xNumEntries size: 2496000000 bytes
 >> matrix dense size: 12288000000 bytes
 >> total number of nonzero: 1535180832 (99.95%)
 >> number of distinct nonzero: 4744
 >> CRSV  size: 6148761280 bytes  (50.04%)
 >> RE32  size: 5437416956 bytes  (44.25%)
 >> REIV  size: 4757744602 bytes  (38.72%)
 >> REANS size: 4266257439 bytes  (34.72%)
==== Done

#### 2026-09-13 21:28:45
 Command line: /home/louza/mm-repair/matrepair -r -b 16 -p 1 --noconv /mnt/data/datasets/machine-learning-matrices-reorder/pgsf 2000000 768 
Setting memory for each repair instance to 464053 MBs
Sending logging messages to file: /mnt/data/datasets/machine-learning-matrices-reorder/pgsf.log
---- Skipping conversion bin/csv->csrv
==== Repair compression
Command: /home/louza/mm-repair/brepair/irepair0 /mnt/data/datasets/machine-learning-matrices-reorder/pgsf.16.0.vc 464053
==== Repair compression
Command: /home/louza/mm-repair/brepair/irepair0 /mnt/data/datasets/machine-learning-matrices-reorder/pgsf.16.1.vc 464053
==== Repair compression
Command: /home/louza/mm-repair/brepair/irepair0 /mnt/data/datasets/machine-learning-matrices-reorder/pgsf.16.2.vc 464053
==== Repair compression
Command: /home/louza/mm-repair/brepair/irepair0 /mnt/data/datasets/machine-learning-matrices-reorder/pgsf.16.3.vc 464053
==== Repair compression
Command: /home/louza/mm-repair/brepair/irepair0 /mnt/data/datasets/machine-learning-matrices-reorder/pgsf.16.4.vc 464053
==== Repair compression
Command: /home/louza/mm-repair/brepair/irepair0 /mnt/data/datasets/machine-learning-matrices-reorder/pgsf.16.5.vc 464053
==== Repair compression
Command: /home/louza/mm-repair/brepair/irepair0 /mnt/data/datasets/machine-learning-matrices-reorder/pgsf.16.6.vc 464053
==== Repair compression
Command: /home/louza/mm-repair/brepair/irepair0 /mnt/data/datasets/machine-learning-matrices-reorder/pgsf.16.7.vc 464053
==== Repair compression
Command: /home/louza/mm-repair/brepair/irepair0 /mnt/data/datasets/machine-learning-matrices-reorder/pgsf.16.8.vc 464053
==== Repair compression
Command: /home/louza/mm-repair/brepair/irepair0 /mnt/data/datasets/machine-learning-matrices-reorder/pgsf.16.9.vc 464053
==== Repair compression
Command: /home/louza/mm-repair/brepair/irepair0 /mnt/data/datasets/machine-learning-matrices-reorder/pgsf.16.10.vc 464053
==== Repair compression
Command: /home/louza/mm-repair/brepair/irepair0 /mnt/data/datasets/machine-learning-matrices-reorder/pgsf.16.11.vc 464053
==== Repair compression
Command: /home/louza/mm-repair/brepair/irepair0 /mnt/data/datasets/machine-learning-matrices-reorder/pgsf.16.12.vc 464053
==== Repair compression
Command: /home/louza/mm-repair/brepair/irepair0 /mnt/data/datasets/machine-learning-matrices-reorder/pgsf.16.13.vc 464053
==== Repair compression
Command: /home/louza/mm-repair/brepair/irepair0 /mnt/data/datasets/machine-learning-matrices-reorder/pgsf.16.14.vc 464053
==== Repair compression
Command: /home/louza/mm-repair/brepair/irepair0 /mnt/data/datasets/machine-learning-matrices-reorder/pgsf.16.15.vc 464053
Repair time: 5207.3027
==== Integer vector .C compression
Command: /home/louza/mm-repair/sdsl/encode.x /mnt/data/datasets/machine-learning-matrices-reorder/pgsf.16.0.vc.C 
==== Integer vector .R compression
Command: /home/louza/mm-repair/sdsl/encode.x /mnt/data/datasets/machine-learning-matrices-reorder/pgsf.16.0.vc.R 
Integer vector compression time: 5.0235
==== Ans-fold compression
Command: /home/louza/mm-repair/ans/encode.x /mnt/data/datasets/machine-learning-matrices-reorder/pgsf.16.0.vc.C 
Ans-fold time: 9.7485
==== Integer vector .C compression
Command: /home/louza/mm-repair/sdsl/encode.x /mnt/data/datasets/machine-learning-matrices-reorder/pgsf.16.1.vc.C 
==== Integer vector .R compression
Command: /home/louza/mm-repair/sdsl/encode.x /mnt/data/datasets/machine-learning-matrices-reorder/pgsf.16.1.vc.R 
Integer vector compression time: 5.2098
==== Ans-fold compression
Command: /home/louza/mm-repair/ans/encode.x /mnt/data/datasets/machine-learning-matrices-reorder/pgsf.16.1.vc.C 
Ans-fold time: 19.7727
==== Integer vector .C compression
Command: /home/louza/mm-repair/sdsl/encode.x /mnt/data/datasets/machine-learning-matrices-reorder/pgsf.16.2.vc.C 
==== Integer vector .R compression
Command: /home/louza/mm-repair/sdsl/encode.x /mnt/data/datasets/machine-learning-matrices-reorder/pgsf.16.2.vc.R 
Integer vector compression time: 4.9182
==== Ans-fold compression
Command: /home/louza/mm-repair/ans/encode.x /mnt/data/datasets/machine-learning-matrices-reorder/pgsf.16.2.vc.C 
Ans-fold time: 28.9793
==== Integer vector .C compression
Command: /home/louza/mm-repair/sdsl/encode.x /mnt/data/datasets/machine-learning-matrices-reorder/pgsf.16.3.vc.C 
==== Integer vector .R compression
Command: /home/louza/mm-repair/sdsl/encode.x /mnt/data/datasets/machine-learning-matrices-reorder/pgsf.16.3.vc.R 
Integer vector compression time: 4.2856
==== Ans-fold compression
Command: /home/louza/mm-repair/ans/encode.x /mnt/data/datasets/machine-learning-matrices-reorder/pgsf.16.3.vc.C 
Ans-fold time: 38.8227
==== Integer vector .C compression
Command: /home/louza/mm-repair/sdsl/encode.x /mnt/data/datasets/machine-learning-matrices-reorder/pgsf.16.4.vc.C 
==== Integer vector .R compression
Command: /home/louza/mm-repair/sdsl/encode.x /mnt/data/datasets/machine-learning-matrices-reorder/pgsf.16.4.vc.R 
Integer vector compression time: 4.5281
==== Ans-fold compression
Command: /home/louza/mm-repair/ans/encode.x /mnt/data/datasets/machine-learning-matrices-reorder/pgsf.16.4.vc.C 
Ans-fold time: 48.3934
==== Integer vector .C compression
Command: /home/louza/mm-repair/sdsl/encode.x /mnt/data/datasets/machine-learning-matrices-reorder/pgsf.16.5.vc.C 
==== Integer vector .R compression
Command: /home/louza/mm-repair/sdsl/encode.x /mnt/data/datasets/machine-learning-matrices-reorder/pgsf.16.5.vc.R 
Integer vector compression time: 4.4769
==== Ans-fold compression
Command: /home/louza/mm-repair/ans/encode.x /mnt/data/datasets/machine-learning-matrices-reorder/pgsf.16.5.vc.C 
Ans-fold time: 57.9933
==== Integer vector .C compression
Command: /home/louza/mm-repair/sdsl/encode.x /mnt/data/datasets/machine-learning-matrices-reorder/pgsf.16.6.vc.C 
==== Integer vector .R compression
Command: /home/louza/mm-repair/sdsl/encode.x /mnt/data/datasets/machine-learning-matrices-reorder/pgsf.16.6.vc.R 
Integer vector compression time: 4.4751
==== Ans-fold compression
Command: /home/louza/mm-repair/ans/encode.x /mnt/data/datasets/machine-learning-matrices-reorder/pgsf.16.6.vc.C 
Ans-fold time: 67.5427
==== Integer vector .C compression
Command: /home/louza/mm-repair/sdsl/encode.x /mnt/data/datasets/machine-learning-matrices-reorder/pgsf.16.7.vc.C 
==== Integer vector .R compression
Command: /home/louza/mm-repair/sdsl/encode.x /mnt/data/datasets/machine-learning-matrices-reorder/pgsf.16.7.vc.R 
Integer vector compression time: 4.6057
==== Ans-fold compression
Command: /home/louza/mm-repair/ans/encode.x /mnt/data/datasets/machine-learning-matrices-reorder/pgsf.16.7.vc.C 
Ans-fold time: 77.5237
==== Integer vector .C compression
Command: /home/louza/mm-repair/sdsl/encode.x /mnt/data/datasets/machine-learning-matrices-reorder/pgsf.16.8.vc.C 
==== Integer vector .R compression
Command: /home/louza/mm-repair/sdsl/encode.x /mnt/data/datasets/machine-learning-matrices-reorder/pgsf.16.8.vc.R 
Integer vector compression time: 4.5310
==== Ans-fold compression
Command: /home/louza/mm-repair/ans/encode.x /mnt/data/datasets/machine-learning-matrices-reorder/pgsf.16.8.vc.C 
Ans-fold time: 87.2690
==== Integer vector .C compression
Command: /home/louza/mm-repair/sdsl/encode.x /mnt/data/datasets/machine-learning-matrices-reorder/pgsf.16.9.vc.C 
==== Integer vector .R compression
Command: /home/louza/mm-repair/sdsl/encode.x /mnt/data/datasets/machine-learning-matrices-reorder/pgsf.16.9.vc.R 
Integer vector compression time: 4.8522
==== Ans-fold compression
Command: /home/louza/mm-repair/ans/encode.x /mnt/data/datasets/machine-learning-matrices-reorder/pgsf.16.9.vc.C 
Ans-fold time: 97.0911
==== Integer vector .C compression
Command: /home/louza/mm-repair/sdsl/encode.x /mnt/data/datasets/machine-learning-matrices-reorder/pgsf.16.10.vc.C 
==== Integer vector .R compression
Command: /home/louza/mm-repair/sdsl/encode.x /mnt/data/datasets/machine-learning-matrices-reorder/pgsf.16.10.vc.R 
Integer vector compression time: 4.9577
==== Ans-fold compression
Command: /home/louza/mm-repair/ans/encode.x /mnt/data/datasets/machine-learning-matrices-reorder/pgsf.16.10.vc.C 
Ans-fold time: 107.0986
==== Integer vector .C compression
Command: /home/louza/mm-repair/sdsl/encode.x /mnt/data/datasets/machine-learning-matrices-reorder/pgsf.16.11.vc.C 
==== Integer vector .R compression
Command: /home/louza/mm-repair/sdsl/encode.x /mnt/data/datasets/machine-learning-matrices-reorder/pgsf.16.11.vc.R 
Integer vector compression time: 5.0375
==== Ans-fold compression
Command: /home/louza/mm-repair/ans/encode.x /mnt/data/datasets/machine-learning-matrices-reorder/pgsf.16.11.vc.C 
Ans-fold time: 116.8823
==== Integer vector .C compression
Command: /home/louza/mm-repair/sdsl/encode.x /mnt/data/datasets/machine-learning-matrices-reorder/pgsf.16.12.vc.C 
==== Integer vector .R compression
Command: /home/louza/mm-repair/sdsl/encode.x /mnt/data/datasets/machine-learning-matrices-reorder/pgsf.16.12.vc.R 
Integer vector compression time: 4.7959
==== Ans-fold compression
Command: /home/louza/mm-repair/ans/encode.x /mnt/data/datasets/machine-learning-matrices-reorder/pgsf.16.12.vc.C 
Ans-fold time: 126.3211
==== Integer vector .C compression
Command: /home/louza/mm-repair/sdsl/encode.x /mnt/data/datasets/machine-learning-matrices-reorder/pgsf.16.13.vc.C 
==== Integer vector .R compression
Command: /home/louza/mm-repair/sdsl/encode.x /mnt/data/datasets/machine-learning-matrices-reorder/pgsf.16.13.vc.R 
Integer vector compression time: 4.9207
==== Ans-fold compression
Command: /home/louza/mm-repair/ans/encode.x /mnt/data/datasets/machine-learning-matrices-reorder/pgsf.16.13.vc.C 
Ans-fold time: 135.6343
==== Integer vector .C compression
Command: /home/louza/mm-repair/sdsl/encode.x /mnt/data/datasets/machine-learning-matrices-reorder/pgsf.16.14.vc.C 
==== Integer vector .R compression
Command: /home/louza/mm-repair/sdsl/encode.x /mnt/data/datasets/machine-learning-matrices-reorder/pgsf.16.14.vc.R 
Integer vector compression time: 4.0694
==== Ans-fold compression
Command: /home/louza/mm-repair/ans/encode.x /mnt/data/datasets/machine-learning-matrices-reorder/pgsf.16.14.vc.C 
Ans-fold time: 144.6898
==== Integer vector .C compression
Command: /home/louza/mm-repair/sdsl/encode.x /mnt/data/datasets/machine-learning-matrices-reorder/pgsf.16.15.vc.C 
==== Integer vector .R compression
Command: /home/louza/mm-repair/sdsl/encode.x /mnt/data/datasets/machine-learning-matrices-reorder/pgsf.16.15.vc.R 
Integer vector compression time: 4.5642
==== Ans-fold compression
Command: /home/louza/mm-repair/ans/encode.x /mnt/data/datasets/machine-learning-matrices-reorder/pgsf.16.15.vc.C 
Ans-fold time: 154.2972
Elapsed time: 842.5480
==== Compression Report:
 >> matrix name: /mnt/data/datasets/machine-learning-matrices-reorder/pgsf
 >> conversion time: 0.00
 >> repair time: 5207.30
 >> integer vectors time: 4.56
 >> ansf time: 154.30
 >> total time: 842.55
 >> matrix log(alpha)xNumEntries size: 2496000000 bytes
 >> matrix dense size: 12288000000 bytes
 >> total number of nonzero: 1535180832 (99.95%)
 >> number of distinct nonzero: 4744
 >> CRSV  size: 6148761280 bytes  (50.04%)
 >> RE32  size: 6109469348 bytes  (49.72%)
 >> REIV  size: 4391192176 bytes  (35.74%)
 >> REANS size: 4047526019 bytes  (32.94%)
==== Done

#### 2026-09-17 21:54:45
 Command line: /home/louza/mm-repair/matrepair -r -b 4 -p 1 --noconv /mnt/data/datasets/machine-learning-matrices-reorder/pgsf 2000000 768 
Setting memory for each repair instance to 464053 MBs
Sending logging messages to file: /mnt/data/datasets/machine-learning-matrices-reorder/pgsf.log
---- Skipping conversion bin/csv->csrv
==== Repair compression
Command: /home/louza/mm-repair/brepair/irepair0 /mnt/data/datasets/machine-learning-matrices-reorder/pgsf.4.0.vc 464053
==== Repair compression
Command: /home/louza/mm-repair/brepair/irepair0 /mnt/data/datasets/machine-learning-matrices-reorder/pgsf.4.1.vc 464053
==== Repair compression
Command: /home/louza/mm-repair/brepair/irepair0 /mnt/data/datasets/machine-learning-matrices-reorder/pgsf.4.2.vc 464053
==== Repair compression
Command: /home/louza/mm-repair/brepair/irepair0 /mnt/data/datasets/machine-learning-matrices-reorder/pgsf.4.3.vc 464053
Repair time: 2717.7770
==== Integer vector .C compression
Command: /home/louza/mm-repair/sdsl/encode.x /mnt/data/datasets/machine-learning-matrices-reorder/pgsf.4.0.vc.C 
==== Integer vector .R compression
Command: /home/louza/mm-repair/sdsl/encode.x /mnt/data/datasets/machine-learning-matrices-reorder/pgsf.4.0.vc.R 
Integer vector compression time: 21.6419
==== Ans-fold compression
Command: /home/louza/mm-repair/ans/encode.x /mnt/data/datasets/machine-learning-matrices-reorder/pgsf.4.0.vc.C 
Ans-fold time: 45.1909
==== Integer vector .C compression
Command: /home/louza/mm-repair/sdsl/encode.x /mnt/data/datasets/machine-learning-matrices-reorder/pgsf.4.1.vc.C 
==== Integer vector .R compression
Command: /home/louza/mm-repair/sdsl/encode.x /mnt/data/datasets/machine-learning-matrices-reorder/pgsf.4.1.vc.R 
Integer vector compression time: 22.7973
==== Ans-fold compression
Command: /home/louza/mm-repair/ans/encode.x /mnt/data/datasets/machine-learning-matrices-reorder/pgsf.4.1.vc.C 
Ans-fold time: 89.0758
==== Integer vector .C compression
Command: /home/louza/mm-repair/sdsl/encode.x /mnt/data/datasets/machine-learning-matrices-reorder/pgsf.4.2.vc.C 
==== Integer vector .R compression
Command: /home/louza/mm-repair/sdsl/encode.x /mnt/data/datasets/machine-learning-matrices-reorder/pgsf.4.2.vc.R 
Integer vector compression time: 20.5585
==== Ans-fold compression
Command: /home/louza/mm-repair/ans/encode.x /mnt/data/datasets/machine-learning-matrices-reorder/pgsf.4.2.vc.C 
Ans-fold time: 131.0491
==== Integer vector .C compression
Command: /home/louza/mm-repair/sdsl/encode.x /mnt/data/datasets/machine-learning-matrices-reorder/pgsf.4.3.vc.C 
==== Integer vector .R compression
Command: /home/louza/mm-repair/sdsl/encode.x /mnt/data/datasets/machine-learning-matrices-reorder/pgsf.4.3.vc.R 
Integer vector compression time: 19.9638
==== Ans-fold compression
Command: /home/louza/mm-repair/ans/encode.x /mnt/data/datasets/machine-learning-matrices-reorder/pgsf.4.3.vc.C 
Ans-fold time: 173.0013
Elapsed time: 1363.1689
==== Compression Report:
 >> matrix name: /mnt/data/datasets/machine-learning-matrices-reorder/pgsf
 >> conversion time: 0.00
 >> repair time: 2717.78
 >> integer vectors time: 19.96
 >> ansf time: 173.00
 >> total time: 1363.17
 >> matrix log(alpha)xNumEntries size: 2496000000 bytes
 >> matrix dense size: 12288000000 bytes
 >> total number of nonzero: 1535180832 (99.95%)
 >> number of distinct nonzero: 4744
 >> CRSV  size: 6148761280 bytes  (50.04%)
 >> RE32  size: 5939544664 bytes  (48.34%)
 >> REIV  size: 4825887256 bytes  (39.27%)
 >> REANS size: 4264850665 bytes  (34.71%)
==== Done

#### 2026-09-19 11:01:22
 Command line: /home/louza/mm-repair/matrepair -r -b 8 -p 1 --noconv /mnt/data/datasets/machine-learning-matrices-reorder/pgsf 2000000 768 
Setting memory for each repair instance to 464053 MBs
Sending logging messages to file: /mnt/data/datasets/machine-learning-matrices-reorder/pgsf.log
---- Skipping conversion bin/csv->csrv
==== Repair compression
Command: /home/louza/mm-repair/brepair/irepair0 /mnt/data/datasets/machine-learning-matrices-reorder/pgsf.8.0.vc 464053
==== Repair compression
Command: /home/louza/mm-repair/brepair/irepair0 /mnt/data/datasets/machine-learning-matrices-reorder/pgsf.8.1.vc 464053
==== Repair compression
Command: /home/louza/mm-repair/brepair/irepair0 /mnt/data/datasets/machine-learning-matrices-reorder/pgsf.8.2.vc 464053
==== Repair compression
Command: /home/louza/mm-repair/brepair/irepair0 /mnt/data/datasets/machine-learning-matrices-reorder/pgsf.8.3.vc 464053
==== Repair compression
Command: /home/louza/mm-repair/brepair/irepair0 /mnt/data/datasets/machine-learning-matrices-reorder/pgsf.8.4.vc 464053
==== Repair compression
Command: /home/louza/mm-repair/brepair/irepair0 /mnt/data/datasets/machine-learning-matrices-reorder/pgsf.8.5.vc 464053
==== Repair compression
Command: /home/louza/mm-repair/brepair/irepair0 /mnt/data/datasets/machine-learning-matrices-reorder/pgsf.8.6.vc 464053
==== Repair compression
Command: /home/louza/mm-repair/brepair/irepair0 /mnt/data/datasets/machine-learning-matrices-reorder/pgsf.8.7.vc 464053
Repair time: 3218.9794
==== Integer vector .C compression
Command: /home/louza/mm-repair/sdsl/encode.x /mnt/data/datasets/machine-learning-matrices-reorder/pgsf.8.0.vc.C 
==== Integer vector .R compression
Command: /home/louza/mm-repair/sdsl/encode.x /mnt/data/datasets/machine-learning-matrices-reorder/pgsf.8.0.vc.R 
Integer vector compression time: 10.5467
==== Ans-fold compression
Command: /home/louza/mm-repair/ans/encode.x /mnt/data/datasets/machine-learning-matrices-reorder/pgsf.8.0.vc.C 
Ans-fold time: 18.9813
==== Integer vector .C compression
Command: /home/louza/mm-repair/sdsl/encode.x /mnt/data/datasets/machine-learning-matrices-reorder/pgsf.8.1.vc.C 
==== Integer vector .R compression
Command: /home/louza/mm-repair/sdsl/encode.x /mnt/data/datasets/machine-learning-matrices-reorder/pgsf.8.1.vc.R 
Integer vector compression time: 9.1778
==== Ans-fold compression
Command: /home/louza/mm-repair/ans/encode.x /mnt/data/datasets/machine-learning-matrices-reorder/pgsf.8.1.vc.C 
Ans-fold time: 37.8376
==== Integer vector .C compression
Command: /home/louza/mm-repair/sdsl/encode.x /mnt/data/datasets/machine-learning-matrices-reorder/pgsf.8.2.vc.C 
==== Integer vector .R compression
Command: /home/louza/mm-repair/sdsl/encode.x /mnt/data/datasets/machine-learning-matrices-reorder/pgsf.8.2.vc.R 
Integer vector compression time: 8.8427
==== Ans-fold compression
Command: /home/louza/mm-repair/ans/encode.x /mnt/data/datasets/machine-learning-matrices-reorder/pgsf.8.2.vc.C 
Ans-fold time: 56.4074
==== Integer vector .C compression
Command: /home/louza/mm-repair/sdsl/encode.x /mnt/data/datasets/machine-learning-matrices-reorder/pgsf.8.3.vc.C 
==== Integer vector .R compression
Command: /home/louza/mm-repair/sdsl/encode.x /mnt/data/datasets/machine-learning-matrices-reorder/pgsf.8.3.vc.R 
Integer vector compression time: 8.6564
==== Ans-fold compression
Command: /home/louza/mm-repair/ans/encode.x /mnt/data/datasets/machine-learning-matrices-reorder/pgsf.8.3.vc.C 
Ans-fold time: 75.5306
==== Integer vector .C compression
Command: /home/louza/mm-repair/sdsl/encode.x /mnt/data/datasets/machine-learning-matrices-reorder/pgsf.8.4.vc.C 
==== Integer vector .R compression
Command: /home/louza/mm-repair/sdsl/encode.x /mnt/data/datasets/machine-learning-matrices-reorder/pgsf.8.4.vc.R 
Integer vector compression time: 9.1595
==== Ans-fold compression
Command: /home/louza/mm-repair/ans/encode.x /mnt/data/datasets/machine-learning-matrices-reorder/pgsf.8.4.vc.C 
Ans-fold time: 94.2512
==== Integer vector .C compression
Command: /home/louza/mm-repair/sdsl/encode.x /mnt/data/datasets/machine-learning-matrices-reorder/pgsf.8.5.vc.C 
==== Integer vector .R compression
Command: /home/louza/mm-repair/sdsl/encode.x /mnt/data/datasets/machine-learning-matrices-reorder/pgsf.8.5.vc.R 
Integer vector compression time: 9.1834
==== Ans-fold compression
Command: /home/louza/mm-repair/ans/encode.x /mnt/data/datasets/machine-learning-matrices-reorder/pgsf.8.5.vc.C 
Ans-fold time: 112.7042
==== Integer vector .C compression
Command: /home/louza/mm-repair/sdsl/encode.x /mnt/data/datasets/machine-learning-matrices-reorder/pgsf.8.6.vc.C 
==== Integer vector .R compression
Command: /home/louza/mm-repair/sdsl/encode.x /mnt/data/datasets/machine-learning-matrices-reorder/pgsf.8.6.vc.R 
Integer vector compression time: 10.6324
==== Ans-fold compression
Command: /home/louza/mm-repair/ans/encode.x /mnt/data/datasets/machine-learning-matrices-reorder/pgsf.8.6.vc.C 
Ans-fold time: 132.4496
==== Integer vector .C compression
Command: /home/louza/mm-repair/sdsl/encode.x /mnt/data/datasets/machine-learning-matrices-reorder/pgsf.8.7.vc.C 
==== Integer vector .R compression
Command: /home/louza/mm-repair/sdsl/encode.x /mnt/data/datasets/machine-learning-matrices-reorder/pgsf.8.7.vc.R 
Integer vector compression time: 9.4002
==== Ans-fold compression
Command: /home/louza/mm-repair/ans/encode.x /mnt/data/datasets/machine-learning-matrices-reorder/pgsf.8.7.vc.C 
Ans-fold time: 151.4431
Elapsed time: 941.3392
==== Compression Report:
 >> matrix name: /mnt/data/datasets/machine-learning-matrices-reorder/pgsf
 >> conversion time: 0.00
 >> repair time: 3218.98
 >> integer vectors time: 9.40
 >> ansf time: 151.44
 >> total time: 941.34
 >> matrix log(alpha)xNumEntries size: 2496000000 bytes
 >> matrix dense size: 12288000000 bytes
 >> total number of nonzero: 1535180832 (99.95%)
 >> number of distinct nonzero: 4744
 >> CRSV  size: 6148761280 bytes  (50.04%)
 >> RE32  size: 6056206348 bytes  (49.29%)
 >> REIV  size: 4542164440 bytes  (36.96%)
 >> REANS size: 4140679970 bytes  (33.70%)
==== Done

#### 2026-09-20 04:01:36
 Command line: /home/louza/mm-repair/matrepair -r -b 12 -p 1 --noconv /mnt/data/datasets/machine-learning-matrices-reorder/pgsf 2000000 768 
Setting memory for each repair instance to 464053 MBs
Sending logging messages to file: /mnt/data/datasets/machine-learning-matrices-reorder/pgsf.log
---- Skipping conversion bin/csv->csrv
==== Repair compression
Command: /home/louza/mm-repair/brepair/irepair0 /mnt/data/datasets/machine-learning-matrices-reorder/pgsf.12.0.vc 464053
==== Repair compression
Command: /home/louza/mm-repair/brepair/irepair0 /mnt/data/datasets/machine-learning-matrices-reorder/pgsf.12.1.vc 464053
==== Repair compression
Command: /home/louza/mm-repair/brepair/irepair0 /mnt/data/datasets/machine-learning-matrices-reorder/pgsf.12.2.vc 464053
==== Repair compression
Command: /home/louza/mm-repair/brepair/irepair0 /mnt/data/datasets/machine-learning-matrices-reorder/pgsf.12.3.vc 464053
==== Repair compression
Command: /home/louza/mm-repair/brepair/irepair0 /mnt/data/datasets/machine-learning-matrices-reorder/pgsf.12.4.vc 464053
==== Repair compression
Command: /home/louza/mm-repair/brepair/irepair0 /mnt/data/datasets/machine-learning-matrices-reorder/pgsf.12.5.vc 464053
==== Repair compression
Command: /home/louza/mm-repair/brepair/irepair0 /mnt/data/datasets/machine-learning-matrices-reorder/pgsf.12.6.vc 464053
==== Repair compression
Command: /home/louza/mm-repair/brepair/irepair0 /mnt/data/datasets/machine-learning-matrices-reorder/pgsf.12.7.vc 464053
==== Repair compression
Command: /home/louza/mm-repair/brepair/irepair0 /mnt/data/datasets/machine-learning-matrices-reorder/pgsf.12.8.vc 464053
==== Repair compression
Command: /home/louza/mm-repair/brepair/irepair0 /mnt/data/datasets/machine-learning-matrices-reorder/pgsf.12.9.vc 464053
==== Repair compression
Command: /home/louza/mm-repair/brepair/irepair0 /mnt/data/datasets/machine-learning-matrices-reorder/pgsf.12.10.vc 464053
==== Repair compression
Command: /home/louza/mm-repair/brepair/irepair0 /mnt/data/datasets/machine-learning-matrices-reorder/pgsf.12.11.vc 464053
Repair time: 4138.4783
==== Integer vector .C compression
Command: /home/louza/mm-repair/sdsl/encode.x /mnt/data/datasets/machine-learning-matrices-reorder/pgsf.12.0.vc.C 
==== Integer vector .R compression
Command: /home/louza/mm-repair/sdsl/encode.x /mnt/data/datasets/machine-learning-matrices-reorder/pgsf.12.0.vc.R 
Integer vector compression time: 5.9210
==== Ans-fold compression
Command: /home/louza/mm-repair/ans/encode.x /mnt/data/datasets/machine-learning-matrices-reorder/pgsf.12.0.vc.C 
Ans-fold time: 11.4846
==== Integer vector .C compression
Command: /home/louza/mm-repair/sdsl/encode.x /mnt/data/datasets/machine-learning-matrices-reorder/pgsf.12.1.vc.C 
==== Integer vector .R compression
Command: /home/louza/mm-repair/sdsl/encode.x /mnt/data/datasets/machine-learning-matrices-reorder/pgsf.12.1.vc.R 
Integer vector compression time: 6.0185
==== Ans-fold compression
Command: /home/louza/mm-repair/ans/encode.x /mnt/data/datasets/machine-learning-matrices-reorder/pgsf.12.1.vc.C 
Ans-fold time: 22.7512
==== Integer vector .C compression
Command: /home/louza/mm-repair/sdsl/encode.x /mnt/data/datasets/machine-learning-matrices-reorder/pgsf.12.2.vc.C 
==== Integer vector .R compression
Command: /home/louza/mm-repair/sdsl/encode.x /mnt/data/datasets/machine-learning-matrices-reorder/pgsf.12.2.vc.R 
Integer vector compression time: 5.9091
==== Ans-fold compression
Command: /home/louza/mm-repair/ans/encode.x /mnt/data/datasets/machine-learning-matrices-reorder/pgsf.12.2.vc.C 
Ans-fold time: 34.0033
==== Integer vector .C compression
Command: /home/louza/mm-repair/sdsl/encode.x /mnt/data/datasets/machine-learning-matrices-reorder/pgsf.12.3.vc.C 
==== Integer vector .R compression
Command: /home/louza/mm-repair/sdsl/encode.x /mnt/data/datasets/machine-learning-matrices-reorder/pgsf.12.3.vc.R 
Integer vector compression time: 5.9534
==== Ans-fold compression
Command: /home/louza/mm-repair/ans/encode.x /mnt/data/datasets/machine-learning-matrices-reorder/pgsf.12.3.vc.C 
Ans-fold time: 45.3919
==== Integer vector .C compression
Command: /home/louza/mm-repair/sdsl/encode.x /mnt/data/datasets/machine-learning-matrices-reorder/pgsf.12.4.vc.C 
==== Integer vector .R compression
Command: /home/louza/mm-repair/sdsl/encode.x /mnt/data/datasets/machine-learning-matrices-reorder/pgsf.12.4.vc.R 
Integer vector compression time: 6.0438
==== Ans-fold compression
Command: /home/louza/mm-repair/ans/encode.x /mnt/data/datasets/machine-learning-matrices-reorder/pgsf.12.4.vc.C 
Ans-fold time: 56.7626
==== Integer vector .C compression
Command: /home/louza/mm-repair/sdsl/encode.x /mnt/data/datasets/machine-learning-matrices-reorder/pgsf.12.5.vc.C 
==== Integer vector .R compression
Command: /home/louza/mm-repair/sdsl/encode.x /mnt/data/datasets/machine-learning-matrices-reorder/pgsf.12.5.vc.R 
Integer vector compression time: 5.8164
==== Ans-fold compression
Command: /home/louza/mm-repair/ans/encode.x /mnt/data/datasets/machine-learning-matrices-reorder/pgsf.12.5.vc.C 
Ans-fold time: 68.0788
==== Integer vector .C compression
Command: /home/louza/mm-repair/sdsl/encode.x /mnt/data/datasets/machine-learning-matrices-reorder/pgsf.12.6.vc.C 
==== Integer vector .R compression
Command: /home/louza/mm-repair/sdsl/encode.x /mnt/data/datasets/machine-learning-matrices-reorder/pgsf.12.6.vc.R 
Integer vector compression time: 5.9314
==== Ans-fold compression
Command: /home/louza/mm-repair/ans/encode.x /mnt/data/datasets/machine-learning-matrices-reorder/pgsf.12.6.vc.C 
Ans-fold time: 79.4153
==== Integer vector .C compression
Command: /home/louza/mm-repair/sdsl/encode.x /mnt/data/datasets/machine-learning-matrices-reorder/pgsf.12.7.vc.C 
==== Integer vector .R compression
Command: /home/louza/mm-repair/sdsl/encode.x /mnt/data/datasets/machine-learning-matrices-reorder/pgsf.12.7.vc.R 
Integer vector compression time: 5.9541
==== Ans-fold compression
Command: /home/louza/mm-repair/ans/encode.x /mnt/data/datasets/machine-learning-matrices-reorder/pgsf.12.7.vc.C 
Ans-fold time: 90.6037
==== Integer vector .C compression
Command: /home/louza/mm-repair/sdsl/encode.x /mnt/data/datasets/machine-learning-matrices-reorder/pgsf.12.8.vc.C 
==== Integer vector .R compression
Command: /home/louza/mm-repair/sdsl/encode.x /mnt/data/datasets/machine-learning-matrices-reorder/pgsf.12.8.vc.R 
Integer vector compression time: 5.9486
==== Ans-fold compression
Command: /home/louza/mm-repair/ans/encode.x /mnt/data/datasets/machine-learning-matrices-reorder/pgsf.12.8.vc.C 
Ans-fold time: 101.9219
==== Integer vector .C compression
Command: /home/louza/mm-repair/sdsl/encode.x /mnt/data/datasets/machine-learning-matrices-reorder/pgsf.12.9.vc.C 
==== Integer vector .R compression
Command: /home/louza/mm-repair/sdsl/encode.x /mnt/data/datasets/machine-learning-matrices-reorder/pgsf.12.9.vc.R 
Integer vector compression time: 6.1231
==== Ans-fold compression
Command: /home/louza/mm-repair/ans/encode.x /mnt/data/datasets/machine-learning-matrices-reorder/pgsf.12.9.vc.C 
Ans-fold time: 113.2154
==== Integer vector .C compression
Command: /home/louza/mm-repair/sdsl/encode.x /mnt/data/datasets/machine-learning-matrices-reorder/pgsf.12.10.vc.C 
==== Integer vector .R compression
Command: /home/louza/mm-repair/sdsl/encode.x /mnt/data/datasets/machine-learning-matrices-reorder/pgsf.12.10.vc.R 
Integer vector compression time: 6.0891
==== Ans-fold compression
Command: /home/louza/mm-repair/ans/encode.x /mnt/data/datasets/machine-learning-matrices-reorder/pgsf.12.10.vc.C 
Ans-fold time: 124.4009
==== Integer vector .C compression
Command: /home/louza/mm-repair/sdsl/encode.x /mnt/data/datasets/machine-learning-matrices-reorder/pgsf.12.11.vc.C 
==== Integer vector .R compression
Command: /home/louza/mm-repair/sdsl/encode.x /mnt/data/datasets/machine-learning-matrices-reorder/pgsf.12.11.vc.R 
Integer vector compression time: 5.8230
==== Ans-fold compression
Command: /home/louza/mm-repair/ans/encode.x /mnt/data/datasets/machine-learning-matrices-reorder/pgsf.12.11.vc.C 
Ans-fold time: 135.7230
Elapsed time: 845.3227
==== Compression Report:
 >> matrix name: /mnt/data/datasets/machine-learning-matrices-reorder/pgsf
 >> conversion time: 0.00
 >> repair time: 4138.48
 >> integer vectors time: 5.82
 >> ansf time: 135.72
 >> total time: 845.32
 >> matrix log(alpha)xNumEntries size: 2496000000 bytes
 >> matrix dense size: 12288000000 bytes
 >> total number of nonzero: 1535180832 (99.95%)
 >> number of distinct nonzero: 4744
 >> CRSV  size: 6148761280 bytes  (50.04%)
 >> RE32  size: 6093297068 bytes  (49.59%)
 >> REIV  size: 4569982624 bytes  (37.19%)
 >> REANS size: 4095339918 bytes  (33.33%)
==== Done

#### 2026-09-20 18:54:21
 Command line: /home/louza/mm-repair/matrepair -r -b 32 -p 1 --noconv /mnt/data/datasets/machine-learning-matrices-reorder/pgsf 2000000 768 
Setting memory for each repair instance to 464053 MBs
Sending logging messages to file: /mnt/data/datasets/machine-learning-matrices-reorder/pgsf.log
---- Skipping conversion bin/csv->csrv
==== Repair compression
Command: /home/louza/mm-repair/brepair/irepair0 /mnt/data/datasets/machine-learning-matrices-reorder/pgsf.32.0.vc 464053
==== Repair compression
Command: /home/louza/mm-repair/brepair/irepair0 /mnt/data/datasets/machine-learning-matrices-reorder/pgsf.32.1.vc 464053
==== Repair compression
Command: /home/louza/mm-repair/brepair/irepair0 /mnt/data/datasets/machine-learning-matrices-reorder/pgsf.32.2.vc 464053
==== Repair compression
Command: /home/louza/mm-repair/brepair/irepair0 /mnt/data/datasets/machine-learning-matrices-reorder/pgsf.32.3.vc 464053
==== Repair compression
Command: /home/louza/mm-repair/brepair/irepair0 /mnt/data/datasets/machine-learning-matrices-reorder/pgsf.32.4.vc 464053
==== Repair compression
Command: /home/louza/mm-repair/brepair/irepair0 /mnt/data/datasets/machine-learning-matrices-reorder/pgsf.32.5.vc 464053
==== Repair compression
Command: /home/louza/mm-repair/brepair/irepair0 /mnt/data/datasets/machine-learning-matrices-reorder/pgsf.32.6.vc 464053
==== Repair compression
Command: /home/louza/mm-repair/brepair/irepair0 /mnt/data/datasets/machine-learning-matrices-reorder/pgsf.32.7.vc 464053
==== Repair compression
Command: /home/louza/mm-repair/brepair/irepair0 /mnt/data/datasets/machine-learning-matrices-reorder/pgsf.32.8.vc 464053
==== Repair compression
Command: /home/louza/mm-repair/brepair/irepair0 /mnt/data/datasets/machine-learning-matrices-reorder/pgsf.32.9.vc 464053
==== Repair compression
Command: /home/louza/mm-repair/brepair/irepair0 /mnt/data/datasets/machine-learning-matrices-reorder/pgsf.32.10.vc 464053
==== Repair compression
Command: /home/louza/mm-repair/brepair/irepair0 /mnt/data/datasets/machine-learning-matrices-reorder/pgsf.32.11.vc 464053
==== Repair compression
Command: /home/louza/mm-repair/brepair/irepair0 /mnt/data/datasets/machine-learning-matrices-reorder/pgsf.32.12.vc 464053
==== Repair compression
Command: /home/louza/mm-repair/brepair/irepair0 /mnt/data/datasets/machine-learning-matrices-reorder/pgsf.32.13.vc 464053
==== Repair compression
Command: /home/louza/mm-repair/brepair/irepair0 /mnt/data/datasets/machine-learning-matrices-reorder/pgsf.32.14.vc 464053
==== Repair compression
Command: /home/louza/mm-repair/brepair/irepair0 /mnt/data/datasets/machine-learning-matrices-reorder/pgsf.32.15.vc 464053
==== Repair compression
Command: /home/louza/mm-repair/brepair/irepair0 /mnt/data/datasets/machine-learning-matrices-reorder/pgsf.32.16.vc 464053
==== Repair compression
Command: /home/louza/mm-repair/brepair/irepair0 /mnt/data/datasets/machine-learning-matrices-reorder/pgsf.32.17.vc 464053
==== Repair compression
Command: /home/louza/mm-repair/brepair/irepair0 /mnt/data/datasets/machine-learning-matrices-reorder/pgsf.32.18.vc 464053
==== Repair compression
Command: /home/louza/mm-repair/brepair/irepair0 /mnt/data/datasets/machine-learning-matrices-reorder/pgsf.32.19.vc 464053
==== Repair compression
Command: /home/louza/mm-repair/brepair/irepair0 /mnt/data/datasets/machine-learning-matrices-reorder/pgsf.32.20.vc 464053
==== Repair compression
Command: /home/louza/mm-repair/brepair/irepair0 /mnt/data/datasets/machine-learning-matrices-reorder/pgsf.32.21.vc 464053
==== Repair compression
Command: /home/louza/mm-repair/brepair/irepair0 /mnt/data/datasets/machine-learning-matrices-reorder/pgsf.32.22.vc 464053
==== Repair compression
Command: /home/louza/mm-repair/brepair/irepair0 /mnt/data/datasets/machine-learning-matrices-reorder/pgsf.32.23.vc 464053
==== Repair compression
Command: /home/louza/mm-repair/brepair/irepair0 /mnt/data/datasets/machine-learning-matrices-reorder/pgsf.32.24.vc 464053
==== Repair compression
Command: /home/louza/mm-repair/brepair/irepair0 /mnt/data/datasets/machine-learning-matrices-reorder/pgsf.32.25.vc 464053
==== Repair compression
Command: /home/louza/mm-repair/brepair/irepair0 /mnt/data/datasets/machine-learning-matrices-reorder/pgsf.32.26.vc 464053
==== Repair compression
Command: /home/louza/mm-repair/brepair/irepair0 /mnt/data/datasets/machine-learning-matrices-reorder/pgsf.32.27.vc 464053
==== Repair compression
Command: /home/louza/mm-repair/brepair/irepair0 /mnt/data/datasets/machine-learning-matrices-reorder/pgsf.32.28.vc 464053
==== Repair compression
Command: /home/louza/mm-repair/brepair/irepair0 /mnt/data/datasets/machine-learning-matrices-reorder/pgsf.32.29.vc 464053
==== Repair compression
Command: /home/louza/mm-repair/brepair/irepair0 /mnt/data/datasets/machine-learning-matrices-reorder/pgsf.32.30.vc 464053
==== Repair compression
Command: /home/louza/mm-repair/brepair/irepair0 /mnt/data/datasets/machine-learning-matrices-reorder/pgsf.32.31.vc 464053
Repair time: 8674.5010
==== Integer vector .C compression
Command: /home/louza/mm-repair/sdsl/encode.x /mnt/data/datasets/machine-learning-matrices-reorder/pgsf.32.0.vc.C 
==== Integer vector .R compression
Command: /home/louza/mm-repair/sdsl/encode.x /mnt/data/datasets/machine-learning-matrices-reorder/pgsf.32.0.vc.R 
Integer vector compression time: 2.2657
==== Ans-fold compression
Command: /home/louza/mm-repair/ans/encode.x /mnt/data/datasets/machine-learning-matrices-reorder/pgsf.32.0.vc.C 
Ans-fold time: 4.6825
==== Integer vector .C compression
Command: /home/louza/mm-repair/sdsl/encode.x /mnt/data/datasets/machine-learning-matrices-reorder/pgsf.32.1.vc.C 
==== Integer vector .R compression
Command: /home/louza/mm-repair/sdsl/encode.x /mnt/data/datasets/machine-learning-matrices-reorder/pgsf.32.1.vc.R 
Integer vector compression time: 2.1959
==== Ans-fold compression
Command: /home/louza/mm-repair/ans/encode.x /mnt/data/datasets/machine-learning-matrices-reorder/pgsf.32.1.vc.C 
Ans-fold time: 9.4669
==== Integer vector .C compression
Command: /home/louza/mm-repair/sdsl/encode.x /mnt/data/datasets/machine-learning-matrices-reorder/pgsf.32.2.vc.C 
==== Integer vector .R compression
Command: /home/louza/mm-repair/sdsl/encode.x /mnt/data/datasets/machine-learning-matrices-reorder/pgsf.32.2.vc.R 
Integer vector compression time: 2.2955
==== Ans-fold compression
Command: /home/louza/mm-repair/ans/encode.x /mnt/data/datasets/machine-learning-matrices-reorder/pgsf.32.2.vc.C 
Ans-fold time: 14.1205
==== Integer vector .C compression
Command: /home/louza/mm-repair/sdsl/encode.x /mnt/data/datasets/machine-learning-matrices-reorder/pgsf.32.3.vc.C 
==== Integer vector .R compression
Command: /home/louza/mm-repair/sdsl/encode.x /mnt/data/datasets/machine-learning-matrices-reorder/pgsf.32.3.vc.R 
Integer vector compression time: 2.1641
==== Ans-fold compression
Command: /home/louza/mm-repair/ans/encode.x /mnt/data/datasets/machine-learning-matrices-reorder/pgsf.32.3.vc.C 
Ans-fold time: 18.8475
==== Integer vector .C compression
Command: /home/louza/mm-repair/sdsl/encode.x /mnt/data/datasets/machine-learning-matrices-reorder/pgsf.32.4.vc.C 
==== Integer vector .R compression
Command: /home/louza/mm-repair/sdsl/encode.x /mnt/data/datasets/machine-learning-matrices-reorder/pgsf.32.4.vc.R 
Integer vector compression time: 2.1497
==== Ans-fold compression
Command: /home/louza/mm-repair/ans/encode.x /mnt/data/datasets/machine-learning-matrices-reorder/pgsf.32.4.vc.C 
Ans-fold time: 23.3720
==== Integer vector .C compression
Command: /home/louza/mm-repair/sdsl/encode.x /mnt/data/datasets/machine-learning-matrices-reorder/pgsf.32.5.vc.C 
==== Integer vector .R compression
Command: /home/louza/mm-repair/sdsl/encode.x /mnt/data/datasets/machine-learning-matrices-reorder/pgsf.32.5.vc.R 
Integer vector compression time: 2.1148
==== Ans-fold compression
Command: /home/louza/mm-repair/ans/encode.x /mnt/data/datasets/machine-learning-matrices-reorder/pgsf.32.5.vc.C 
Ans-fold time: 27.8994
==== Integer vector .C compression
Command: /home/louza/mm-repair/sdsl/encode.x /mnt/data/datasets/machine-learning-matrices-reorder/pgsf.32.6.vc.C 
==== Integer vector .R compression
Command: /home/louza/mm-repair/sdsl/encode.x /mnt/data/datasets/machine-learning-matrices-reorder/pgsf.32.6.vc.R 
Integer vector compression time: 2.2294
==== Ans-fold compression
Command: /home/louza/mm-repair/ans/encode.x /mnt/data/datasets/machine-learning-matrices-reorder/pgsf.32.6.vc.C 
Ans-fold time: 32.4306
==== Integer vector .C compression
Command: /home/louza/mm-repair/sdsl/encode.x /mnt/data/datasets/machine-learning-matrices-reorder/pgsf.32.7.vc.C 
==== Integer vector .R compression
Command: /home/louza/mm-repair/sdsl/encode.x /mnt/data/datasets/machine-learning-matrices-reorder/pgsf.32.7.vc.R 
Integer vector compression time: 2.1175
==== Ans-fold compression
Command: /home/louza/mm-repair/ans/encode.x /mnt/data/datasets/machine-learning-matrices-reorder/pgsf.32.7.vc.C 
Ans-fold time: 36.9042
==== Integer vector .C compression
Command: /home/louza/mm-repair/sdsl/encode.x /mnt/data/datasets/machine-learning-matrices-reorder/pgsf.32.8.vc.C 
==== Integer vector .R compression
Command: /home/louza/mm-repair/sdsl/encode.x /mnt/data/datasets/machine-learning-matrices-reorder/pgsf.32.8.vc.R 
Integer vector compression time: 2.1529
==== Ans-fold compression
Command: /home/louza/mm-repair/ans/encode.x /mnt/data/datasets/machine-learning-matrices-reorder/pgsf.32.8.vc.C 
Ans-fold time: 41.4223
==== Integer vector .C compression
Command: /home/louza/mm-repair/sdsl/encode.x /mnt/data/datasets/machine-learning-matrices-reorder/pgsf.32.9.vc.C 
==== Integer vector .R compression
Command: /home/louza/mm-repair/sdsl/encode.x /mnt/data/datasets/machine-learning-matrices-reorder/pgsf.32.9.vc.R 
Integer vector compression time: 2.1854
==== Ans-fold compression
Command: /home/louza/mm-repair/ans/encode.x /mnt/data/datasets/machine-learning-matrices-reorder/pgsf.32.9.vc.C 
Ans-fold time: 45.9281
==== Integer vector .C compression
Command: /home/louza/mm-repair/sdsl/encode.x /mnt/data/datasets/machine-learning-matrices-reorder/pgsf.32.10.vc.C 
==== Integer vector .R compression
Command: /home/louza/mm-repair/sdsl/encode.x /mnt/data/datasets/machine-learning-matrices-reorder/pgsf.32.10.vc.R 
Integer vector compression time: 2.1305
==== Ans-fold compression
Command: /home/louza/mm-repair/ans/encode.x /mnt/data/datasets/machine-learning-matrices-reorder/pgsf.32.10.vc.C 
Ans-fold time: 50.4822
==== Integer vector .C compression
Command: /home/louza/mm-repair/sdsl/encode.x /mnt/data/datasets/machine-learning-matrices-reorder/pgsf.32.11.vc.C 
==== Integer vector .R compression
Command: /home/louza/mm-repair/sdsl/encode.x /mnt/data/datasets/machine-learning-matrices-reorder/pgsf.32.11.vc.R 
Integer vector compression time: 2.1357
==== Ans-fold compression
Command: /home/louza/mm-repair/ans/encode.x /mnt/data/datasets/machine-learning-matrices-reorder/pgsf.32.11.vc.C 
Ans-fold time: 54.9212
==== Integer vector .C compression
Command: /home/louza/mm-repair/sdsl/encode.x /mnt/data/datasets/machine-learning-matrices-reorder/pgsf.32.12.vc.C 
==== Integer vector .R compression
Command: /home/louza/mm-repair/sdsl/encode.x /mnt/data/datasets/machine-learning-matrices-reorder/pgsf.32.12.vc.R 
Integer vector compression time: 2.1467
==== Ans-fold compression
Command: /home/louza/mm-repair/ans/encode.x /mnt/data/datasets/machine-learning-matrices-reorder/pgsf.32.12.vc.C 
Ans-fold time: 59.2901
==== Integer vector .C compression
Command: /home/louza/mm-repair/sdsl/encode.x /mnt/data/datasets/machine-learning-matrices-reorder/pgsf.32.13.vc.C 
==== Integer vector .R compression
Command: /home/louza/mm-repair/sdsl/encode.x /mnt/data/datasets/machine-learning-matrices-reorder/pgsf.32.13.vc.R 
Integer vector compression time: 2.1489
==== Ans-fold compression
Command: /home/louza/mm-repair/ans/encode.x /mnt/data/datasets/machine-learning-matrices-reorder/pgsf.32.13.vc.C 
Ans-fold time: 63.7055
==== Integer vector .C compression
Command: /home/louza/mm-repair/sdsl/encode.x /mnt/data/datasets/machine-learning-matrices-reorder/pgsf.32.14.vc.C 
==== Integer vector .R compression
Command: /home/louza/mm-repair/sdsl/encode.x /mnt/data/datasets/machine-learning-matrices-reorder/pgsf.32.14.vc.R 
Integer vector compression time: 2.1537
==== Ans-fold compression
Command: /home/louza/mm-repair/ans/encode.x /mnt/data/datasets/machine-learning-matrices-reorder/pgsf.32.14.vc.C 
Ans-fold time: 68.0970
==== Integer vector .C compression
Command: /home/louza/mm-repair/sdsl/encode.x /mnt/data/datasets/machine-learning-matrices-reorder/pgsf.32.15.vc.C 
==== Integer vector .R compression
Command: /home/louza/mm-repair/sdsl/encode.x /mnt/data/datasets/machine-learning-matrices-reorder/pgsf.32.15.vc.R 
Integer vector compression time: 2.1249
==== Ans-fold compression
Command: /home/louza/mm-repair/ans/encode.x /mnt/data/datasets/machine-learning-matrices-reorder/pgsf.32.15.vc.C 
Ans-fold time: 72.4721
==== Integer vector .C compression
Command: /home/louza/mm-repair/sdsl/encode.x /mnt/data/datasets/machine-learning-matrices-reorder/pgsf.32.16.vc.C 
==== Integer vector .R compression
Command: /home/louza/mm-repair/sdsl/encode.x /mnt/data/datasets/machine-learning-matrices-reorder/pgsf.32.16.vc.R 
Integer vector compression time: 2.1419
==== Ans-fold compression
Command: /home/louza/mm-repair/ans/encode.x /mnt/data/datasets/machine-learning-matrices-reorder/pgsf.32.16.vc.C 
Ans-fold time: 76.8381
==== Integer vector .C compression
Command: /home/louza/mm-repair/sdsl/encode.x /mnt/data/datasets/machine-learning-matrices-reorder/pgsf.32.17.vc.C 
==== Integer vector .R compression
Command: /home/louza/mm-repair/sdsl/encode.x /mnt/data/datasets/machine-learning-matrices-reorder/pgsf.32.17.vc.R 
Integer vector compression time: 2.1775
==== Ans-fold compression
Command: /home/louza/mm-repair/ans/encode.x /mnt/data/datasets/machine-learning-matrices-reorder/pgsf.32.17.vc.C 
Ans-fold time: 81.2235
==== Integer vector .C compression
Command: /home/louza/mm-repair/sdsl/encode.x /mnt/data/datasets/machine-learning-matrices-reorder/pgsf.32.18.vc.C 
==== Integer vector .R compression
Command: /home/louza/mm-repair/sdsl/encode.x /mnt/data/datasets/machine-learning-matrices-reorder/pgsf.32.18.vc.R 
Integer vector compression time: 2.1693
==== Ans-fold compression
Command: /home/louza/mm-repair/ans/encode.x /mnt/data/datasets/machine-learning-matrices-reorder/pgsf.32.18.vc.C 
Ans-fold time: 85.5748
==== Integer vector .C compression
Command: /home/louza/mm-repair/sdsl/encode.x /mnt/data/datasets/machine-learning-matrices-reorder/pgsf.32.19.vc.C 
==== Integer vector .R compression
Command: /home/louza/mm-repair/sdsl/encode.x /mnt/data/datasets/machine-learning-matrices-reorder/pgsf.32.19.vc.R 
Integer vector compression time: 2.2796
==== Ans-fold compression
Command: /home/louza/mm-repair/ans/encode.x /mnt/data/datasets/machine-learning-matrices-reorder/pgsf.32.19.vc.C 
Ans-fold time: 90.0032
==== Integer vector .C compression
Command: /home/louza/mm-repair/sdsl/encode.x /mnt/data/datasets/machine-learning-matrices-reorder/pgsf.32.20.vc.C 
==== Integer vector .R compression
Command: /home/louza/mm-repair/sdsl/encode.x /mnt/data/datasets/machine-learning-matrices-reorder/pgsf.32.20.vc.R 
Integer vector compression time: 2.2084
==== Ans-fold compression
Command: /home/louza/mm-repair/ans/encode.x /mnt/data/datasets/machine-learning-matrices-reorder/pgsf.32.20.vc.C 
Ans-fold time: 94.3048
==== Integer vector .C compression
Command: /home/louza/mm-repair/sdsl/encode.x /mnt/data/datasets/machine-learning-matrices-reorder/pgsf.32.21.vc.C 
==== Integer vector .R compression
Command: /home/louza/mm-repair/sdsl/encode.x /mnt/data/datasets/machine-learning-matrices-reorder/pgsf.32.21.vc.R 
Integer vector compression time: 2.3050
==== Ans-fold compression
Command: /home/louza/mm-repair/ans/encode.x /mnt/data/datasets/machine-learning-matrices-reorder/pgsf.32.21.vc.C 
Ans-fold time: 98.6017
==== Integer vector .C compression
Command: /home/louza/mm-repair/sdsl/encode.x /mnt/data/datasets/machine-learning-matrices-reorder/pgsf.32.22.vc.C 
==== Integer vector .R compression
Command: /home/louza/mm-repair/sdsl/encode.x /mnt/data/datasets/machine-learning-matrices-reorder/pgsf.32.22.vc.R 
Integer vector compression time: 2.1909
==== Ans-fold compression
Command: /home/louza/mm-repair/ans/encode.x /mnt/data/datasets/machine-learning-matrices-reorder/pgsf.32.22.vc.C 
Ans-fold time: 102.8920
==== Integer vector .C compression
Command: /home/louza/mm-repair/sdsl/encode.x /mnt/data/datasets/machine-learning-matrices-reorder/pgsf.32.23.vc.C 
==== Integer vector .R compression
Command: /home/louza/mm-repair/sdsl/encode.x /mnt/data/datasets/machine-learning-matrices-reorder/pgsf.32.23.vc.R 
Integer vector compression time: 2.1430
==== Ans-fold compression
Command: /home/louza/mm-repair/ans/encode.x /mnt/data/datasets/machine-learning-matrices-reorder/pgsf.32.23.vc.C 
Ans-fold time: 107.1875
==== Integer vector .C compression
Command: /home/louza/mm-repair/sdsl/encode.x /mnt/data/datasets/machine-learning-matrices-reorder/pgsf.32.24.vc.C 
==== Integer vector .R compression
Command: /home/louza/mm-repair/sdsl/encode.x /mnt/data/datasets/machine-learning-matrices-reorder/pgsf.32.24.vc.R 
Integer vector compression time: 2.0874
==== Ans-fold compression
Command: /home/louza/mm-repair/ans/encode.x /mnt/data/datasets/machine-learning-matrices-reorder/pgsf.32.24.vc.C 
Ans-fold time: 111.5053
==== Integer vector .C compression
Command: /home/louza/mm-repair/sdsl/encode.x /mnt/data/datasets/machine-learning-matrices-reorder/pgsf.32.25.vc.C 
==== Integer vector .R compression
Command: /home/louza/mm-repair/sdsl/encode.x /mnt/data/datasets/machine-learning-matrices-reorder/pgsf.32.25.vc.R 
Integer vector compression time: 2.1479
==== Ans-fold compression
Command: /home/louza/mm-repair/ans/encode.x /mnt/data/datasets/machine-learning-matrices-reorder/pgsf.32.25.vc.C 
Ans-fold time: 115.8355
==== Integer vector .C compression
Command: /home/louza/mm-repair/sdsl/encode.x /mnt/data/datasets/machine-learning-matrices-reorder/pgsf.32.26.vc.C 
==== Integer vector .R compression
Command: /home/louza/mm-repair/sdsl/encode.x /mnt/data/datasets/machine-learning-matrices-reorder/pgsf.32.26.vc.R 
Integer vector compression time: 2.1675
==== Ans-fold compression
Command: /home/louza/mm-repair/ans/encode.x /mnt/data/datasets/machine-learning-matrices-reorder/pgsf.32.26.vc.C 
Ans-fold time: 120.0545
==== Integer vector .C compression
Command: /home/louza/mm-repair/sdsl/encode.x /mnt/data/datasets/machine-learning-matrices-reorder/pgsf.32.27.vc.C 
==== Integer vector .R compression
Command: /home/louza/mm-repair/sdsl/encode.x /mnt/data/datasets/machine-learning-matrices-reorder/pgsf.32.27.vc.R 
Integer vector compression time: 2.1432
==== Ans-fold compression
Command: /home/louza/mm-repair/ans/encode.x /mnt/data/datasets/machine-learning-matrices-reorder/pgsf.32.27.vc.C 
Ans-fold time: 124.2947
==== Integer vector .C compression
Command: /home/louza/mm-repair/sdsl/encode.x /mnt/data/datasets/machine-learning-matrices-reorder/pgsf.32.28.vc.C 
==== Integer vector .R compression
Command: /home/louza/mm-repair/sdsl/encode.x /mnt/data/datasets/machine-learning-matrices-reorder/pgsf.32.28.vc.R 
Integer vector compression time: 2.3104
==== Ans-fold compression
Command: /home/louza/mm-repair/ans/encode.x /mnt/data/datasets/machine-learning-matrices-reorder/pgsf.32.28.vc.C 
Ans-fold time: 128.5778
==== Integer vector .C compression
Command: /home/louza/mm-repair/sdsl/encode.x /mnt/data/datasets/machine-learning-matrices-reorder/pgsf.32.29.vc.C 
==== Integer vector .R compression
Command: /home/louza/mm-repair/sdsl/encode.x /mnt/data/datasets/machine-learning-matrices-reorder/pgsf.32.29.vc.R 
Integer vector compression time: 2.2008
==== Ans-fold compression
Command: /home/louza/mm-repair/ans/encode.x /mnt/data/datasets/machine-learning-matrices-reorder/pgsf.32.29.vc.C 
Ans-fold time: 132.7962
==== Integer vector .C compression
Command: /home/louza/mm-repair/sdsl/encode.x /mnt/data/datasets/machine-learning-matrices-reorder/pgsf.32.30.vc.C 
==== Integer vector .R compression
Command: /home/louza/mm-repair/sdsl/encode.x /mnt/data/datasets/machine-learning-matrices-reorder/pgsf.32.30.vc.R 
Integer vector compression time: 2.2426
==== Ans-fold compression
Command: /home/louza/mm-repair/ans/encode.x /mnt/data/datasets/machine-learning-matrices-reorder/pgsf.32.30.vc.C 
Ans-fold time: 136.9650
==== Integer vector .C compression
Command: /home/louza/mm-repair/sdsl/encode.x /mnt/data/datasets/machine-learning-matrices-reorder/pgsf.32.31.vc.C 
==== Integer vector .R compression
Command: /home/louza/mm-repair/sdsl/encode.x /mnt/data/datasets/machine-learning-matrices-reorder/pgsf.32.31.vc.R 
Integer vector compression time: 2.1852
==== Ans-fold compression
Command: /home/louza/mm-repair/ans/encode.x /mnt/data/datasets/machine-learning-matrices-reorder/pgsf.32.31.vc.C 
Ans-fold time: 141.1816
Elapsed time: 737.5661
==== Compression Report:
 >> matrix name: /mnt/data/datasets/machine-learning-matrices-reorder/pgsf
 >> conversion time: 0.00
 >> repair time: 8674.50
 >> integer vectors time: 2.19
 >> ansf time: 141.18
 >> total time: 737.57
 >> matrix log(alpha)xNumEntries size: 2496000000 bytes
 >> matrix dense size: 12288000000 bytes
 >> total number of nonzero: 1535180832 (99.95%)
 >> number of distinct nonzero: 4744
 >> CRSV  size: 6148761280 bytes  (50.04%)
 >> RE32  size: 6130965940 bytes  (49.89%)
 >> REIV  size: 4406643272 bytes  (35.86%)
 >> REANS size: 3990758238 bytes  (32.48%)
==== Done
