
#### 2026-09-12 07:13:57
 Command line: /home/louza/mm-repair/matrepair -r -b 1 -p 1 --noconv /mnt/data/datasets/machine-learning-matrices-reorder/imagenet 1262102 900 
Setting memory for each repair instance to 464053 MBs
Sending logging messages to file: /mnt/data/datasets/machine-learning-matrices-reorder/imagenet.log
---- Skipping conversion bin/csv->csrv
==== Repair compression
Command: /home/louza/mm-repair/brepair/irepair0 /mnt/data/datasets/machine-learning-matrices-reorder/imagenet.vc 464053
Repair time: 356.7334
==== Integer vector .C compression
Command: /home/louza/mm-repair/sdsl/encode.x /mnt/data/datasets/machine-learning-matrices-reorder/imagenet.vc.C 
==== Integer vector .R compression
Command: /home/louza/mm-repair/sdsl/encode.x /mnt/data/datasets/machine-learning-matrices-reorder/imagenet.vc.R 
Integer vector compression time: 7.5022
==== Ans-fold compression
Command: /home/louza/mm-repair/ans/encode.x /mnt/data/datasets/machine-learning-matrices-reorder/imagenet.vc.C 
Ans-fold time: 12.6597
Elapsed time: 376.8955
==== Compression Report:
 >> matrix name: /mnt/data/datasets/machine-learning-matrices-reorder/imagenet
 >> conversion time: 0.00
 >> repair time: 356.73
 >> integer vectors time: 7.50
 >> ansf time: 12.66
 >> total time: 376.90
 >> matrix log(alpha)xNumEntries size: 1419864750 bytes
 >> matrix dense size: 9087134400 bytes
 >> total number of nonzero: 352027730 (30.99%)
 >> number of distinct nonzero: 824
 >> CRSV  size: 1413165920 bytes  (15.55%)
 >> RE32  size: 516977348 bytes  (5.69%)
 >> REIV  size: 387734682 bytes  (4.27%)
 >> REANS size: 346071182 bytes  (3.81%)
==== Done

#### 2026-09-12 13:02:41
 Command line: /home/louza/mm-repair/matrepair -r -b 16 -p 1 --noconv /mnt/data/datasets/machine-learning-matrices-reorder/imagenet 1262102 900 
Setting memory for each repair instance to 464053 MBs
Sending logging messages to file: /mnt/data/datasets/machine-learning-matrices-reorder/imagenet.log
---- Skipping conversion bin/csv->csrv
==== Repair compression
Command: /home/louza/mm-repair/brepair/irepair0 /mnt/data/datasets/machine-learning-matrices-reorder/imagenet.16.0.vc 464053
==== Repair compression
Command: /home/louza/mm-repair/brepair/irepair0 /mnt/data/datasets/machine-learning-matrices-reorder/imagenet.16.1.vc 464053
==== Repair compression
Command: /home/louza/mm-repair/brepair/irepair0 /mnt/data/datasets/machine-learning-matrices-reorder/imagenet.16.2.vc 464053
==== Repair compression
Command: /home/louza/mm-repair/brepair/irepair0 /mnt/data/datasets/machine-learning-matrices-reorder/imagenet.16.3.vc 464053
==== Repair compression
Command: /home/louza/mm-repair/brepair/irepair0 /mnt/data/datasets/machine-learning-matrices-reorder/imagenet.16.4.vc 464053
==== Repair compression
Command: /home/louza/mm-repair/brepair/irepair0 /mnt/data/datasets/machine-learning-matrices-reorder/imagenet.16.5.vc 464053
==== Repair compression
Command: /home/louza/mm-repair/brepair/irepair0 /mnt/data/datasets/machine-learning-matrices-reorder/imagenet.16.6.vc 464053
==== Repair compression
Command: /home/louza/mm-repair/brepair/irepair0 /mnt/data/datasets/machine-learning-matrices-reorder/imagenet.16.7.vc 464053
==== Repair compression
Command: /home/louza/mm-repair/brepair/irepair0 /mnt/data/datasets/machine-learning-matrices-reorder/imagenet.16.8.vc 464053
==== Repair compression
Command: /home/louza/mm-repair/brepair/irepair0 /mnt/data/datasets/machine-learning-matrices-reorder/imagenet.16.9.vc 464053
==== Repair compression
Command: /home/louza/mm-repair/brepair/irepair0 /mnt/data/datasets/machine-learning-matrices-reorder/imagenet.16.10.vc 464053
==== Repair compression
Command: /home/louza/mm-repair/brepair/irepair0 /mnt/data/datasets/machine-learning-matrices-reorder/imagenet.16.11.vc 464053
==== Repair compression
Command: /home/louza/mm-repair/brepair/irepair0 /mnt/data/datasets/machine-learning-matrices-reorder/imagenet.16.12.vc 464053
==== Repair compression
Command: /home/louza/mm-repair/brepair/irepair0 /mnt/data/datasets/machine-learning-matrices-reorder/imagenet.16.13.vc 464053
==== Repair compression
Command: /home/louza/mm-repair/brepair/irepair0 /mnt/data/datasets/machine-learning-matrices-reorder/imagenet.16.14.vc 464053
==== Repair compression
Command: /home/louza/mm-repair/brepair/irepair0 /mnt/data/datasets/machine-learning-matrices-reorder/imagenet.16.15.vc 464053
Repair time: 1557.8731
==== Integer vector .C compression
Command: /home/louza/mm-repair/sdsl/encode.x /mnt/data/datasets/machine-learning-matrices-reorder/imagenet.16.0.vc.C 
==== Integer vector .R compression
Command: /home/louza/mm-repair/sdsl/encode.x /mnt/data/datasets/machine-learning-matrices-reorder/imagenet.16.0.vc.R 
Integer vector compression time: 0.5475
==== Ans-fold compression
Command: /home/louza/mm-repair/ans/encode.x /mnt/data/datasets/machine-learning-matrices-reorder/imagenet.16.0.vc.C 
Ans-fold time: 0.7271
==== Integer vector .C compression
Command: /home/louza/mm-repair/sdsl/encode.x /mnt/data/datasets/machine-learning-matrices-reorder/imagenet.16.1.vc.C 
==== Integer vector .R compression
Command: /home/louza/mm-repair/sdsl/encode.x /mnt/data/datasets/machine-learning-matrices-reorder/imagenet.16.1.vc.R 
Integer vector compression time: 0.4890
==== Ans-fold compression
Command: /home/louza/mm-repair/ans/encode.x /mnt/data/datasets/machine-learning-matrices-reorder/imagenet.16.1.vc.C 
Ans-fold time: 1.4494
==== Integer vector .C compression
Command: /home/louza/mm-repair/sdsl/encode.x /mnt/data/datasets/machine-learning-matrices-reorder/imagenet.16.2.vc.C 
==== Integer vector .R compression
Command: /home/louza/mm-repair/sdsl/encode.x /mnt/data/datasets/machine-learning-matrices-reorder/imagenet.16.2.vc.R 
Integer vector compression time: 0.4846
==== Ans-fold compression
Command: /home/louza/mm-repair/ans/encode.x /mnt/data/datasets/machine-learning-matrices-reorder/imagenet.16.2.vc.C 
Ans-fold time: 2.2439
==== Integer vector .C compression
Command: /home/louza/mm-repair/sdsl/encode.x /mnt/data/datasets/machine-learning-matrices-reorder/imagenet.16.3.vc.C 
==== Integer vector .R compression
Command: /home/louza/mm-repair/sdsl/encode.x /mnt/data/datasets/machine-learning-matrices-reorder/imagenet.16.3.vc.R 
Integer vector compression time: 0.4279
==== Ans-fold compression
Command: /home/louza/mm-repair/ans/encode.x /mnt/data/datasets/machine-learning-matrices-reorder/imagenet.16.3.vc.C 
Ans-fold time: 2.9460
==== Integer vector .C compression
Command: /home/louza/mm-repair/sdsl/encode.x /mnt/data/datasets/machine-learning-matrices-reorder/imagenet.16.4.vc.C 
==== Integer vector .R compression
Command: /home/louza/mm-repair/sdsl/encode.x /mnt/data/datasets/machine-learning-matrices-reorder/imagenet.16.4.vc.R 
Integer vector compression time: 0.3827
==== Ans-fold compression
Command: /home/louza/mm-repair/ans/encode.x /mnt/data/datasets/machine-learning-matrices-reorder/imagenet.16.4.vc.C 
Ans-fold time: 3.6545
==== Integer vector .C compression
Command: /home/louza/mm-repair/sdsl/encode.x /mnt/data/datasets/machine-learning-matrices-reorder/imagenet.16.5.vc.C 
==== Integer vector .R compression
Command: /home/louza/mm-repair/sdsl/encode.x /mnt/data/datasets/machine-learning-matrices-reorder/imagenet.16.5.vc.R 
Integer vector compression time: 0.3792
==== Ans-fold compression
Command: /home/louza/mm-repair/ans/encode.x /mnt/data/datasets/machine-learning-matrices-reorder/imagenet.16.5.vc.C 
Ans-fold time: 4.4007
==== Integer vector .C compression
Command: /home/louza/mm-repair/sdsl/encode.x /mnt/data/datasets/machine-learning-matrices-reorder/imagenet.16.6.vc.C 
==== Integer vector .R compression
Command: /home/louza/mm-repair/sdsl/encode.x /mnt/data/datasets/machine-learning-matrices-reorder/imagenet.16.6.vc.R 
Integer vector compression time: 0.3921
==== Ans-fold compression
Command: /home/louza/mm-repair/ans/encode.x /mnt/data/datasets/machine-learning-matrices-reorder/imagenet.16.6.vc.C 
Ans-fold time: 5.0994
==== Integer vector .C compression
Command: /home/louza/mm-repair/sdsl/encode.x /mnt/data/datasets/machine-learning-matrices-reorder/imagenet.16.7.vc.C 
==== Integer vector .R compression
Command: /home/louza/mm-repair/sdsl/encode.x /mnt/data/datasets/machine-learning-matrices-reorder/imagenet.16.7.vc.R 
Integer vector compression time: 0.4732
==== Ans-fold compression
Command: /home/louza/mm-repair/ans/encode.x /mnt/data/datasets/machine-learning-matrices-reorder/imagenet.16.7.vc.C 
Ans-fold time: 5.8409
==== Integer vector .C compression
Command: /home/louza/mm-repair/sdsl/encode.x /mnt/data/datasets/machine-learning-matrices-reorder/imagenet.16.8.vc.C 
==== Integer vector .R compression
Command: /home/louza/mm-repair/sdsl/encode.x /mnt/data/datasets/machine-learning-matrices-reorder/imagenet.16.8.vc.R 
Integer vector compression time: 0.3918
==== Ans-fold compression
Command: /home/louza/mm-repair/ans/encode.x /mnt/data/datasets/machine-learning-matrices-reorder/imagenet.16.8.vc.C 
Ans-fold time: 6.5294
==== Integer vector .C compression
Command: /home/louza/mm-repair/sdsl/encode.x /mnt/data/datasets/machine-learning-matrices-reorder/imagenet.16.9.vc.C 
==== Integer vector .R compression
Command: /home/louza/mm-repair/sdsl/encode.x /mnt/data/datasets/machine-learning-matrices-reorder/imagenet.16.9.vc.R 
Integer vector compression time: 0.4144
==== Ans-fold compression
Command: /home/louza/mm-repair/ans/encode.x /mnt/data/datasets/machine-learning-matrices-reorder/imagenet.16.9.vc.C 
Ans-fold time: 7.4169
==== Integer vector .C compression
Command: /home/louza/mm-repair/sdsl/encode.x /mnt/data/datasets/machine-learning-matrices-reorder/imagenet.16.10.vc.C 
==== Integer vector .R compression
Command: /home/louza/mm-repair/sdsl/encode.x /mnt/data/datasets/machine-learning-matrices-reorder/imagenet.16.10.vc.R 
Integer vector compression time: 0.4116
==== Ans-fold compression
Command: /home/louza/mm-repair/ans/encode.x /mnt/data/datasets/machine-learning-matrices-reorder/imagenet.16.10.vc.C 
Ans-fold time: 8.1425
==== Integer vector .C compression
Command: /home/louza/mm-repair/sdsl/encode.x /mnt/data/datasets/machine-learning-matrices-reorder/imagenet.16.11.vc.C 
==== Integer vector .R compression
Command: /home/louza/mm-repair/sdsl/encode.x /mnt/data/datasets/machine-learning-matrices-reorder/imagenet.16.11.vc.R 
Integer vector compression time: 0.3851
==== Ans-fold compression
Command: /home/louza/mm-repair/ans/encode.x /mnt/data/datasets/machine-learning-matrices-reorder/imagenet.16.11.vc.C 
Ans-fold time: 8.8821
==== Integer vector .C compression
Command: /home/louza/mm-repair/sdsl/encode.x /mnt/data/datasets/machine-learning-matrices-reorder/imagenet.16.12.vc.C 
==== Integer vector .R compression
Command: /home/louza/mm-repair/sdsl/encode.x /mnt/data/datasets/machine-learning-matrices-reorder/imagenet.16.12.vc.R 
Integer vector compression time: 0.3865
==== Ans-fold compression
Command: /home/louza/mm-repair/ans/encode.x /mnt/data/datasets/machine-learning-matrices-reorder/imagenet.16.12.vc.C 
Ans-fold time: 9.5752
==== Integer vector .C compression
Command: /home/louza/mm-repair/sdsl/encode.x /mnt/data/datasets/machine-learning-matrices-reorder/imagenet.16.13.vc.C 
==== Integer vector .R compression
Command: /home/louza/mm-repair/sdsl/encode.x /mnt/data/datasets/machine-learning-matrices-reorder/imagenet.16.13.vc.R 
Integer vector compression time: 0.4868
==== Ans-fold compression
Command: /home/louza/mm-repair/ans/encode.x /mnt/data/datasets/machine-learning-matrices-reorder/imagenet.16.13.vc.C 
Ans-fold time: 10.2662
==== Integer vector .C compression
Command: /home/louza/mm-repair/sdsl/encode.x /mnt/data/datasets/machine-learning-matrices-reorder/imagenet.16.14.vc.C 
==== Integer vector .R compression
Command: /home/louza/mm-repair/sdsl/encode.x /mnt/data/datasets/machine-learning-matrices-reorder/imagenet.16.14.vc.R 
Integer vector compression time: 0.3804
==== Ans-fold compression
Command: /home/louza/mm-repair/ans/encode.x /mnt/data/datasets/machine-learning-matrices-reorder/imagenet.16.14.vc.C 
Ans-fold time: 10.9504
==== Integer vector .C compression
Command: /home/louza/mm-repair/sdsl/encode.x /mnt/data/datasets/machine-learning-matrices-reorder/imagenet.16.15.vc.C 
==== Integer vector .R compression
Command: /home/louza/mm-repair/sdsl/encode.x /mnt/data/datasets/machine-learning-matrices-reorder/imagenet.16.15.vc.R 
Integer vector compression time: 0.4062
==== Ans-fold compression
Command: /home/louza/mm-repair/ans/encode.x /mnt/data/datasets/machine-learning-matrices-reorder/imagenet.16.15.vc.C 
Ans-fold time: 11.6478
Elapsed time: 200.7641
==== Compression Report:
 >> matrix name: /mnt/data/datasets/machine-learning-matrices-reorder/imagenet
 >> conversion time: 0.00
 >> repair time: 1557.87
 >> integer vectors time: 0.41
 >> ansf time: 11.65
 >> total time: 200.76
 >> matrix log(alpha)xNumEntries size: 1419864750 bytes
 >> matrix dense size: 9087134400 bytes
 >> total number of nonzero: 352027730 (30.99%)
 >> number of distinct nonzero: 824
 >> CRSV  size: 1413165920 bytes  (15.55%)
 >> RE32  size: 656458872 bytes  (7.22%)
 >> REIV  size: 430803824 bytes  (4.74%)
 >> REANS size: 392102989 bytes  (4.31%)
==== Done

#### 2026-09-17 14:57:38
 Command line: /home/louza/mm-repair/matrepair -r -b 4 -p 1 --noconv /mnt/data/datasets/machine-learning-matrices-reorder/imagenet 1262102 900 
Setting memory for each repair instance to 464053 MBs
Sending logging messages to file: /mnt/data/datasets/machine-learning-matrices-reorder/imagenet.log
---- Skipping conversion bin/csv->csrv
==== Repair compression
Command: /home/louza/mm-repair/brepair/irepair0 /mnt/data/datasets/machine-learning-matrices-reorder/imagenet.4.0.vc 464053
==== Repair compression
Command: /home/louza/mm-repair/brepair/irepair0 /mnt/data/datasets/machine-learning-matrices-reorder/imagenet.4.1.vc 464053
==== Repair compression
Command: /home/louza/mm-repair/brepair/irepair0 /mnt/data/datasets/machine-learning-matrices-reorder/imagenet.4.2.vc 464053
==== Repair compression
Command: /home/louza/mm-repair/brepair/irepair0 /mnt/data/datasets/machine-learning-matrices-reorder/imagenet.4.3.vc 464053
Repair time: 506.1679
==== Integer vector .C compression
Command: /home/louza/mm-repair/sdsl/encode.x /mnt/data/datasets/machine-learning-matrices-reorder/imagenet.4.0.vc.C 
==== Integer vector .R compression
Command: /home/louza/mm-repair/sdsl/encode.x /mnt/data/datasets/machine-learning-matrices-reorder/imagenet.4.0.vc.R 
Integer vector compression time: 1.7545
==== Ans-fold compression
Command: /home/louza/mm-repair/ans/encode.x /mnt/data/datasets/machine-learning-matrices-reorder/imagenet.4.0.vc.C 
Ans-fold time: 2.9601
==== Integer vector .C compression
Command: /home/louza/mm-repair/sdsl/encode.x /mnt/data/datasets/machine-learning-matrices-reorder/imagenet.4.1.vc.C 
==== Integer vector .R compression
Command: /home/louza/mm-repair/sdsl/encode.x /mnt/data/datasets/machine-learning-matrices-reorder/imagenet.4.1.vc.R 
Integer vector compression time: 1.6351
==== Ans-fold compression
Command: /home/louza/mm-repair/ans/encode.x /mnt/data/datasets/machine-learning-matrices-reorder/imagenet.4.1.vc.C 
Ans-fold time: 6.0179
==== Integer vector .C compression
Command: /home/louza/mm-repair/sdsl/encode.x /mnt/data/datasets/machine-learning-matrices-reorder/imagenet.4.2.vc.C 
==== Integer vector .R compression
Command: /home/louza/mm-repair/sdsl/encode.x /mnt/data/datasets/machine-learning-matrices-reorder/imagenet.4.2.vc.R 
Integer vector compression time: 1.6098
==== Ans-fold compression
Command: /home/louza/mm-repair/ans/encode.x /mnt/data/datasets/machine-learning-matrices-reorder/imagenet.4.2.vc.C 
Ans-fold time: 8.9553
==== Integer vector .C compression
Command: /home/louza/mm-repair/sdsl/encode.x /mnt/data/datasets/machine-learning-matrices-reorder/imagenet.4.3.vc.C 
==== Integer vector .R compression
Command: /home/louza/mm-repair/sdsl/encode.x /mnt/data/datasets/machine-learning-matrices-reorder/imagenet.4.3.vc.R 
Integer vector compression time: 1.6112
==== Ans-fold compression
Command: /home/louza/mm-repair/ans/encode.x /mnt/data/datasets/machine-learning-matrices-reorder/imagenet.4.3.vc.C 
Ans-fold time: 11.9168
Elapsed time: 220.1191
==== Compression Report:
 >> matrix name: /mnt/data/datasets/machine-learning-matrices-reorder/imagenet
 >> conversion time: 0.00
 >> repair time: 506.17
 >> integer vectors time: 1.61
 >> ansf time: 11.92
 >> total time: 220.12
 >> matrix log(alpha)xNumEntries size: 1419864750 bytes
 >> matrix dense size: 9087134400 bytes
 >> total number of nonzero: 352027730 (30.99%)
 >> number of distinct nonzero: 824
 >> CRSV  size: 1413165920 bytes  (15.55%)
 >> RE32  size: 579055120 bytes  (6.37%)
 >> REIV  size: 398102560 bytes  (4.38%)
 >> REANS size: 365065296 bytes  (4.02%)
==== Done

#### 2026-09-18 01:30:22
 Command line: /home/louza/mm-repair/matrepair -r -b 8 -p 1 --noconv /mnt/data/datasets/machine-learning-matrices-reorder/imagenet 1262102 900 
Setting memory for each repair instance to 464053 MBs
Sending logging messages to file: /mnt/data/datasets/machine-learning-matrices-reorder/imagenet.log
---- Skipping conversion bin/csv->csrv
==== Repair compression
Command: /home/louza/mm-repair/brepair/irepair0 /mnt/data/datasets/machine-learning-matrices-reorder/imagenet.8.0.vc 464053
==== Repair compression
Command: /home/louza/mm-repair/brepair/irepair0 /mnt/data/datasets/machine-learning-matrices-reorder/imagenet.8.1.vc 464053
==== Repair compression
Command: /home/louza/mm-repair/brepair/irepair0 /mnt/data/datasets/machine-learning-matrices-reorder/imagenet.8.2.vc 464053
==== Repair compression
Command: /home/louza/mm-repair/brepair/irepair0 /mnt/data/datasets/machine-learning-matrices-reorder/imagenet.8.3.vc 464053
==== Repair compression
Command: /home/louza/mm-repair/brepair/irepair0 /mnt/data/datasets/machine-learning-matrices-reorder/imagenet.8.4.vc 464053
==== Repair compression
Command: /home/louza/mm-repair/brepair/irepair0 /mnt/data/datasets/machine-learning-matrices-reorder/imagenet.8.5.vc 464053
==== Repair compression
Command: /home/louza/mm-repair/brepair/irepair0 /mnt/data/datasets/machine-learning-matrices-reorder/imagenet.8.6.vc 464053
==== Repair compression
Command: /home/louza/mm-repair/brepair/irepair0 /mnt/data/datasets/machine-learning-matrices-reorder/imagenet.8.7.vc 464053
Repair time: 1034.2058
==== Integer vector .C compression
Command: /home/louza/mm-repair/sdsl/encode.x /mnt/data/datasets/machine-learning-matrices-reorder/imagenet.8.0.vc.C 
==== Integer vector .R compression
Command: /home/louza/mm-repair/sdsl/encode.x /mnt/data/datasets/machine-learning-matrices-reorder/imagenet.8.0.vc.R 
Integer vector compression time: 1.0703
==== Ans-fold compression
Command: /home/louza/mm-repair/ans/encode.x /mnt/data/datasets/machine-learning-matrices-reorder/imagenet.8.0.vc.C 
Ans-fold time: 1.7442
==== Integer vector .C compression
Command: /home/louza/mm-repair/sdsl/encode.x /mnt/data/datasets/machine-learning-matrices-reorder/imagenet.8.1.vc.C 
==== Integer vector .R compression
Command: /home/louza/mm-repair/sdsl/encode.x /mnt/data/datasets/machine-learning-matrices-reorder/imagenet.8.1.vc.R 
Integer vector compression time: 0.9243
==== Ans-fold compression
Command: /home/louza/mm-repair/ans/encode.x /mnt/data/datasets/machine-learning-matrices-reorder/imagenet.8.1.vc.C 
Ans-fold time: 3.5646
==== Integer vector .C compression
Command: /home/louza/mm-repair/sdsl/encode.x /mnt/data/datasets/machine-learning-matrices-reorder/imagenet.8.2.vc.C 
==== Integer vector .R compression
Command: /home/louza/mm-repair/sdsl/encode.x /mnt/data/datasets/machine-learning-matrices-reorder/imagenet.8.2.vc.R 
Integer vector compression time: 0.9380
==== Ans-fold compression
Command: /home/louza/mm-repair/ans/encode.x /mnt/data/datasets/machine-learning-matrices-reorder/imagenet.8.2.vc.C 
Ans-fold time: 5.4782
==== Integer vector .C compression
Command: /home/louza/mm-repair/sdsl/encode.x /mnt/data/datasets/machine-learning-matrices-reorder/imagenet.8.3.vc.C 
==== Integer vector .R compression
Command: /home/louza/mm-repair/sdsl/encode.x /mnt/data/datasets/machine-learning-matrices-reorder/imagenet.8.3.vc.R 
Integer vector compression time: 0.9179
==== Ans-fold compression
Command: /home/louza/mm-repair/ans/encode.x /mnt/data/datasets/machine-learning-matrices-reorder/imagenet.8.3.vc.C 
Ans-fold time: 7.2609
==== Integer vector .C compression
Command: /home/louza/mm-repair/sdsl/encode.x /mnt/data/datasets/machine-learning-matrices-reorder/imagenet.8.4.vc.C 
==== Integer vector .R compression
Command: /home/louza/mm-repair/sdsl/encode.x /mnt/data/datasets/machine-learning-matrices-reorder/imagenet.8.4.vc.R 
Integer vector compression time: 0.9513
==== Ans-fold compression
Command: /home/louza/mm-repair/ans/encode.x /mnt/data/datasets/machine-learning-matrices-reorder/imagenet.8.4.vc.C 
Ans-fold time: 9.0665
==== Integer vector .C compression
Command: /home/louza/mm-repair/sdsl/encode.x /mnt/data/datasets/machine-learning-matrices-reorder/imagenet.8.5.vc.C 
==== Integer vector .R compression
Command: /home/louza/mm-repair/sdsl/encode.x /mnt/data/datasets/machine-learning-matrices-reorder/imagenet.8.5.vc.R 
Integer vector compression time: 0.9021
==== Ans-fold compression
Command: /home/louza/mm-repair/ans/encode.x /mnt/data/datasets/machine-learning-matrices-reorder/imagenet.8.5.vc.C 
Ans-fold time: 10.8684
==== Integer vector .C compression
Command: /home/louza/mm-repair/sdsl/encode.x /mnt/data/datasets/machine-learning-matrices-reorder/imagenet.8.6.vc.C 
==== Integer vector .R compression
Command: /home/louza/mm-repair/sdsl/encode.x /mnt/data/datasets/machine-learning-matrices-reorder/imagenet.8.6.vc.R 
Integer vector compression time: 0.9375
==== Ans-fold compression
Command: /home/louza/mm-repair/ans/encode.x /mnt/data/datasets/machine-learning-matrices-reorder/imagenet.8.6.vc.C 
Ans-fold time: 12.7337
==== Integer vector .C compression
Command: /home/louza/mm-repair/sdsl/encode.x /mnt/data/datasets/machine-learning-matrices-reorder/imagenet.8.7.vc.C 
==== Integer vector .R compression
Command: /home/louza/mm-repair/sdsl/encode.x /mnt/data/datasets/machine-learning-matrices-reorder/imagenet.8.7.vc.R 
Integer vector compression time: 0.9354
==== Ans-fold compression
Command: /home/louza/mm-repair/ans/encode.x /mnt/data/datasets/machine-learning-matrices-reorder/imagenet.8.7.vc.C 
Ans-fold time: 14.4744
Elapsed time: 249.6995
==== Compression Report:
 >> matrix name: /mnt/data/datasets/machine-learning-matrices-reorder/imagenet
 >> conversion time: 0.00
 >> repair time: 1034.21
 >> integer vectors time: 0.94
 >> ansf time: 14.47
 >> total time: 249.70
 >> matrix log(alpha)xNumEntries size: 1419864750 bytes
 >> matrix dense size: 9087134400 bytes
 >> total number of nonzero: 352027730 (30.99%)
 >> number of distinct nonzero: 824
 >> CRSV  size: 1413165920 bytes  (15.55%)
 >> RE32  size: 615666480 bytes  (6.78%)
 >> REIV  size: 423272968 bytes  (4.66%)
 >> REANS size: 379594267 bytes  (4.18%)
==== Done

#### 2026-09-19 04:41:24
 Command line: /home/louza/mm-repair/matrepair -r -b 12 -p 1 --noconv /mnt/data/datasets/machine-learning-matrices-reorder/imagenet 1262102 900 
Setting memory for each repair instance to 464053 MBs
Sending logging messages to file: /mnt/data/datasets/machine-learning-matrices-reorder/imagenet.log
---- Skipping conversion bin/csv->csrv
==== Repair compression
Command: /home/louza/mm-repair/brepair/irepair0 /mnt/data/datasets/machine-learning-matrices-reorder/imagenet.12.0.vc 464053
==== Repair compression
Command: /home/louza/mm-repair/brepair/irepair0 /mnt/data/datasets/machine-learning-matrices-reorder/imagenet.12.1.vc 464053
==== Repair compression
Command: /home/louza/mm-repair/brepair/irepair0 /mnt/data/datasets/machine-learning-matrices-reorder/imagenet.12.2.vc 464053
==== Repair compression
Command: /home/louza/mm-repair/brepair/irepair0 /mnt/data/datasets/machine-learning-matrices-reorder/imagenet.12.3.vc 464053
==== Repair compression
Command: /home/louza/mm-repair/brepair/irepair0 /mnt/data/datasets/machine-learning-matrices-reorder/imagenet.12.4.vc 464053
==== Repair compression
Command: /home/louza/mm-repair/brepair/irepair0 /mnt/data/datasets/machine-learning-matrices-reorder/imagenet.12.5.vc 464053
==== Repair compression
Command: /home/louza/mm-repair/brepair/irepair0 /mnt/data/datasets/machine-learning-matrices-reorder/imagenet.12.6.vc 464053
==== Repair compression
Command: /home/louza/mm-repair/brepair/irepair0 /mnt/data/datasets/machine-learning-matrices-reorder/imagenet.12.7.vc 464053
==== Repair compression
Command: /home/louza/mm-repair/brepair/irepair0 /mnt/data/datasets/machine-learning-matrices-reorder/imagenet.12.8.vc 464053
==== Repair compression
Command: /home/louza/mm-repair/brepair/irepair0 /mnt/data/datasets/machine-learning-matrices-reorder/imagenet.12.9.vc 464053
==== Repair compression
Command: /home/louza/mm-repair/brepair/irepair0 /mnt/data/datasets/machine-learning-matrices-reorder/imagenet.12.10.vc 464053
==== Repair compression
Command: /home/louza/mm-repair/brepair/irepair0 /mnt/data/datasets/machine-learning-matrices-reorder/imagenet.12.11.vc 464053
Repair time: 1556.6036
==== Integer vector .C compression
Command: /home/louza/mm-repair/sdsl/encode.x /mnt/data/datasets/machine-learning-matrices-reorder/imagenet.12.0.vc.C 
==== Integer vector .R compression
Command: /home/louza/mm-repair/sdsl/encode.x /mnt/data/datasets/machine-learning-matrices-reorder/imagenet.12.0.vc.R 
Integer vector compression time: 0.5498
==== Ans-fold compression
Command: /home/louza/mm-repair/ans/encode.x /mnt/data/datasets/machine-learning-matrices-reorder/imagenet.12.0.vc.C 
Ans-fold time: 0.9955
==== Integer vector .C compression
Command: /home/louza/mm-repair/sdsl/encode.x /mnt/data/datasets/machine-learning-matrices-reorder/imagenet.12.1.vc.C 
==== Integer vector .R compression
Command: /home/louza/mm-repair/sdsl/encode.x /mnt/data/datasets/machine-learning-matrices-reorder/imagenet.12.1.vc.R 
Integer vector compression time: 0.5646
==== Ans-fold compression
Command: /home/louza/mm-repair/ans/encode.x /mnt/data/datasets/machine-learning-matrices-reorder/imagenet.12.1.vc.C 
Ans-fold time: 1.9523
==== Integer vector .C compression
Command: /home/louza/mm-repair/sdsl/encode.x /mnt/data/datasets/machine-learning-matrices-reorder/imagenet.12.2.vc.C 
==== Integer vector .R compression
Command: /home/louza/mm-repair/sdsl/encode.x /mnt/data/datasets/machine-learning-matrices-reorder/imagenet.12.2.vc.R 
Integer vector compression time: 0.5396
==== Ans-fold compression
Command: /home/louza/mm-repair/ans/encode.x /mnt/data/datasets/machine-learning-matrices-reorder/imagenet.12.2.vc.C 
Ans-fold time: 2.9087
==== Integer vector .C compression
Command: /home/louza/mm-repair/sdsl/encode.x /mnt/data/datasets/machine-learning-matrices-reorder/imagenet.12.3.vc.C 
==== Integer vector .R compression
Command: /home/louza/mm-repair/sdsl/encode.x /mnt/data/datasets/machine-learning-matrices-reorder/imagenet.12.3.vc.R 
Integer vector compression time: 0.6432
==== Ans-fold compression
Command: /home/louza/mm-repair/ans/encode.x /mnt/data/datasets/machine-learning-matrices-reorder/imagenet.12.3.vc.C 
Ans-fold time: 3.8876
==== Integer vector .C compression
Command: /home/louza/mm-repair/sdsl/encode.x /mnt/data/datasets/machine-learning-matrices-reorder/imagenet.12.4.vc.C 
==== Integer vector .R compression
Command: /home/louza/mm-repair/sdsl/encode.x /mnt/data/datasets/machine-learning-matrices-reorder/imagenet.12.4.vc.R 
Integer vector compression time: 0.5483
==== Ans-fold compression
Command: /home/louza/mm-repair/ans/encode.x /mnt/data/datasets/machine-learning-matrices-reorder/imagenet.12.4.vc.C 
Ans-fold time: 4.9217
==== Integer vector .C compression
Command: /home/louza/mm-repair/sdsl/encode.x /mnt/data/datasets/machine-learning-matrices-reorder/imagenet.12.5.vc.C 
==== Integer vector .R compression
Command: /home/louza/mm-repair/sdsl/encode.x /mnt/data/datasets/machine-learning-matrices-reorder/imagenet.12.5.vc.R 
Integer vector compression time: 0.5593
==== Ans-fold compression
Command: /home/louza/mm-repair/ans/encode.x /mnt/data/datasets/machine-learning-matrices-reorder/imagenet.12.5.vc.C 
Ans-fold time: 6.0021
==== Integer vector .C compression
Command: /home/louza/mm-repair/sdsl/encode.x /mnt/data/datasets/machine-learning-matrices-reorder/imagenet.12.6.vc.C 
==== Integer vector .R compression
Command: /home/louza/mm-repair/sdsl/encode.x /mnt/data/datasets/machine-learning-matrices-reorder/imagenet.12.6.vc.R 
Integer vector compression time: 0.5431
==== Ans-fold compression
Command: /home/louza/mm-repair/ans/encode.x /mnt/data/datasets/machine-learning-matrices-reorder/imagenet.12.6.vc.C 
Ans-fold time: 6.9547
==== Integer vector .C compression
Command: /home/louza/mm-repair/sdsl/encode.x /mnt/data/datasets/machine-learning-matrices-reorder/imagenet.12.7.vc.C 
==== Integer vector .R compression
Command: /home/louza/mm-repair/sdsl/encode.x /mnt/data/datasets/machine-learning-matrices-reorder/imagenet.12.7.vc.R 
Integer vector compression time: 0.5598
==== Ans-fold compression
Command: /home/louza/mm-repair/ans/encode.x /mnt/data/datasets/machine-learning-matrices-reorder/imagenet.12.7.vc.C 
Ans-fold time: 7.9846
==== Integer vector .C compression
Command: /home/louza/mm-repair/sdsl/encode.x /mnt/data/datasets/machine-learning-matrices-reorder/imagenet.12.8.vc.C 
==== Integer vector .R compression
Command: /home/louza/mm-repair/sdsl/encode.x /mnt/data/datasets/machine-learning-matrices-reorder/imagenet.12.8.vc.R 
Integer vector compression time: 0.5475
==== Ans-fold compression
Command: /home/louza/mm-repair/ans/encode.x /mnt/data/datasets/machine-learning-matrices-reorder/imagenet.12.8.vc.C 
Ans-fold time: 8.9348
==== Integer vector .C compression
Command: /home/louza/mm-repair/sdsl/encode.x /mnt/data/datasets/machine-learning-matrices-reorder/imagenet.12.9.vc.C 
==== Integer vector .R compression
Command: /home/louza/mm-repair/sdsl/encode.x /mnt/data/datasets/machine-learning-matrices-reorder/imagenet.12.9.vc.R 
Integer vector compression time: 0.5399
==== Ans-fold compression
Command: /home/louza/mm-repair/ans/encode.x /mnt/data/datasets/machine-learning-matrices-reorder/imagenet.12.9.vc.C 
Ans-fold time: 9.9371
==== Integer vector .C compression
Command: /home/louza/mm-repair/sdsl/encode.x /mnt/data/datasets/machine-learning-matrices-reorder/imagenet.12.10.vc.C 
==== Integer vector .R compression
Command: /home/louza/mm-repair/sdsl/encode.x /mnt/data/datasets/machine-learning-matrices-reorder/imagenet.12.10.vc.R 
Integer vector compression time: 0.5697
==== Ans-fold compression
Command: /home/louza/mm-repair/ans/encode.x /mnt/data/datasets/machine-learning-matrices-reorder/imagenet.12.10.vc.C 
Ans-fold time: 10.8726
==== Integer vector .C compression
Command: /home/louza/mm-repair/sdsl/encode.x /mnt/data/datasets/machine-learning-matrices-reorder/imagenet.12.11.vc.C 
==== Integer vector .R compression
Command: /home/louza/mm-repair/sdsl/encode.x /mnt/data/datasets/machine-learning-matrices-reorder/imagenet.12.11.vc.R 
Integer vector compression time: 0.5270
==== Ans-fold compression
Command: /home/louza/mm-repair/ans/encode.x /mnt/data/datasets/machine-learning-matrices-reorder/imagenet.12.11.vc.C 
Ans-fold time: 11.8096
Elapsed time: 258.0417
==== Compression Report:
 >> matrix name: /mnt/data/datasets/machine-learning-matrices-reorder/imagenet
 >> conversion time: 0.00
 >> repair time: 1556.60
 >> integer vectors time: 0.53
 >> ansf time: 11.81
 >> total time: 258.04
 >> matrix log(alpha)xNumEntries size: 1419864750 bytes
 >> matrix dense size: 9087134400 bytes
 >> total number of nonzero: 352027730 (30.99%)
 >> number of distinct nonzero: 824
 >> CRSV  size: 1413165920 bytes  (15.55%)
 >> RE32  size: 639154228 bytes  (7.03%)
 >> REIV  size: 419447544 bytes  (4.62%)
 >> REANS size: 384653335 bytes  (4.23%)
==== Done

#### 2026-09-20 22:49:33
 Command line: /home/louza/mm-repair/matrepair -r -b 32 -p 1 --noconv /mnt/data/datasets/machine-learning-matrices-reorder/imagenet 1262102 900 
Setting memory for each repair instance to 464053 MBs
Sending logging messages to file: /mnt/data/datasets/machine-learning-matrices-reorder/imagenet.log
---- Skipping conversion bin/csv->csrv
==== Repair compression
Command: /home/louza/mm-repair/brepair/irepair0 /mnt/data/datasets/machine-learning-matrices-reorder/imagenet.32.0.vc 464053
==== Repair compression
Command: /home/louza/mm-repair/brepair/irepair0 /mnt/data/datasets/machine-learning-matrices-reorder/imagenet.32.1.vc 464053
==== Repair compression
Command: /home/louza/mm-repair/brepair/irepair0 /mnt/data/datasets/machine-learning-matrices-reorder/imagenet.32.2.vc 464053
==== Repair compression
Command: /home/louza/mm-repair/brepair/irepair0 /mnt/data/datasets/machine-learning-matrices-reorder/imagenet.32.3.vc 464053
==== Repair compression
Command: /home/louza/mm-repair/brepair/irepair0 /mnt/data/datasets/machine-learning-matrices-reorder/imagenet.32.4.vc 464053
==== Repair compression
Command: /home/louza/mm-repair/brepair/irepair0 /mnt/data/datasets/machine-learning-matrices-reorder/imagenet.32.5.vc 464053
==== Repair compression
Command: /home/louza/mm-repair/brepair/irepair0 /mnt/data/datasets/machine-learning-matrices-reorder/imagenet.32.6.vc 464053
==== Repair compression
Command: /home/louza/mm-repair/brepair/irepair0 /mnt/data/datasets/machine-learning-matrices-reorder/imagenet.32.7.vc 464053
==== Repair compression
Command: /home/louza/mm-repair/brepair/irepair0 /mnt/data/datasets/machine-learning-matrices-reorder/imagenet.32.8.vc 464053
==== Repair compression
Command: /home/louza/mm-repair/brepair/irepair0 /mnt/data/datasets/machine-learning-matrices-reorder/imagenet.32.9.vc 464053
==== Repair compression
Command: /home/louza/mm-repair/brepair/irepair0 /mnt/data/datasets/machine-learning-matrices-reorder/imagenet.32.10.vc 464053
==== Repair compression
Command: /home/louza/mm-repair/brepair/irepair0 /mnt/data/datasets/machine-learning-matrices-reorder/imagenet.32.11.vc 464053
==== Repair compression
Command: /home/louza/mm-repair/brepair/irepair0 /mnt/data/datasets/machine-learning-matrices-reorder/imagenet.32.12.vc 464053
==== Repair compression
Command: /home/louza/mm-repair/brepair/irepair0 /mnt/data/datasets/machine-learning-matrices-reorder/imagenet.32.13.vc 464053
==== Repair compression
Command: /home/louza/mm-repair/brepair/irepair0 /mnt/data/datasets/machine-learning-matrices-reorder/imagenet.32.14.vc 464053
==== Repair compression
Command: /home/louza/mm-repair/brepair/irepair0 /mnt/data/datasets/machine-learning-matrices-reorder/imagenet.32.15.vc 464053
==== Repair compression
Command: /home/louza/mm-repair/brepair/irepair0 /mnt/data/datasets/machine-learning-matrices-reorder/imagenet.32.16.vc 464053
==== Repair compression
Command: /home/louza/mm-repair/brepair/irepair0 /mnt/data/datasets/machine-learning-matrices-reorder/imagenet.32.17.vc 464053
==== Repair compression
Command: /home/louza/mm-repair/brepair/irepair0 /mnt/data/datasets/machine-learning-matrices-reorder/imagenet.32.18.vc 464053
==== Repair compression
Command: /home/louza/mm-repair/brepair/irepair0 /mnt/data/datasets/machine-learning-matrices-reorder/imagenet.32.19.vc 464053
==== Repair compression
Command: /home/louza/mm-repair/brepair/irepair0 /mnt/data/datasets/machine-learning-matrices-reorder/imagenet.32.20.vc 464053
==== Repair compression
Command: /home/louza/mm-repair/brepair/irepair0 /mnt/data/datasets/machine-learning-matrices-reorder/imagenet.32.21.vc 464053
==== Repair compression
Command: /home/louza/mm-repair/brepair/irepair0 /mnt/data/datasets/machine-learning-matrices-reorder/imagenet.32.22.vc 464053
==== Repair compression
Command: /home/louza/mm-repair/brepair/irepair0 /mnt/data/datasets/machine-learning-matrices-reorder/imagenet.32.23.vc 464053
==== Repair compression
Command: /home/louza/mm-repair/brepair/irepair0 /mnt/data/datasets/machine-learning-matrices-reorder/imagenet.32.24.vc 464053
==== Repair compression
Command: /home/louza/mm-repair/brepair/irepair0 /mnt/data/datasets/machine-learning-matrices-reorder/imagenet.32.25.vc 464053
==== Repair compression
Command: /home/louza/mm-repair/brepair/irepair0 /mnt/data/datasets/machine-learning-matrices-reorder/imagenet.32.26.vc 464053
==== Repair compression
Command: /home/louza/mm-repair/brepair/irepair0 /mnt/data/datasets/machine-learning-matrices-reorder/imagenet.32.27.vc 464053
==== Repair compression
Command: /home/louza/mm-repair/brepair/irepair0 /mnt/data/datasets/machine-learning-matrices-reorder/imagenet.32.28.vc 464053
==== Repair compression
Command: /home/louza/mm-repair/brepair/irepair0 /mnt/data/datasets/machine-learning-matrices-reorder/imagenet.32.29.vc 464053
==== Repair compression
Command: /home/louza/mm-repair/brepair/irepair0 /mnt/data/datasets/machine-learning-matrices-reorder/imagenet.32.30.vc 464053
==== Repair compression
Command: /home/louza/mm-repair/brepair/irepair0 /mnt/data/datasets/machine-learning-matrices-reorder/imagenet.32.31.vc 464053
Repair time: 2732.0213
==== Integer vector .C compression
Command: /home/louza/mm-repair/sdsl/encode.x /mnt/data/datasets/machine-learning-matrices-reorder/imagenet.32.0.vc.C 
==== Integer vector .R compression
Command: /home/louza/mm-repair/sdsl/encode.x /mnt/data/datasets/machine-learning-matrices-reorder/imagenet.32.0.vc.R 
Integer vector compression time: 0.1960
==== Ans-fold compression
Command: /home/louza/mm-repair/ans/encode.x /mnt/data/datasets/machine-learning-matrices-reorder/imagenet.32.0.vc.C 
Ans-fold time: 0.2854
==== Integer vector .C compression
Command: /home/louza/mm-repair/sdsl/encode.x /mnt/data/datasets/machine-learning-matrices-reorder/imagenet.32.1.vc.C 
==== Integer vector .R compression
Command: /home/louza/mm-repair/sdsl/encode.x /mnt/data/datasets/machine-learning-matrices-reorder/imagenet.32.1.vc.R 
Integer vector compression time: 0.1976
==== Ans-fold compression
Command: /home/louza/mm-repair/ans/encode.x /mnt/data/datasets/machine-learning-matrices-reorder/imagenet.32.1.vc.C 
Ans-fold time: 0.5703
==== Integer vector .C compression
Command: /home/louza/mm-repair/sdsl/encode.x /mnt/data/datasets/machine-learning-matrices-reorder/imagenet.32.2.vc.C 
==== Integer vector .R compression
Command: /home/louza/mm-repair/sdsl/encode.x /mnt/data/datasets/machine-learning-matrices-reorder/imagenet.32.2.vc.R 
Integer vector compression time: 0.1938
==== Ans-fold compression
Command: /home/louza/mm-repair/ans/encode.x /mnt/data/datasets/machine-learning-matrices-reorder/imagenet.32.2.vc.C 
Ans-fold time: 0.8682
==== Integer vector .C compression
Command: /home/louza/mm-repair/sdsl/encode.x /mnt/data/datasets/machine-learning-matrices-reorder/imagenet.32.3.vc.C 
==== Integer vector .R compression
Command: /home/louza/mm-repair/sdsl/encode.x /mnt/data/datasets/machine-learning-matrices-reorder/imagenet.32.3.vc.R 
Integer vector compression time: 0.1974
==== Ans-fold compression
Command: /home/louza/mm-repair/ans/encode.x /mnt/data/datasets/machine-learning-matrices-reorder/imagenet.32.3.vc.C 
Ans-fold time: 1.1532
==== Integer vector .C compression
Command: /home/louza/mm-repair/sdsl/encode.x /mnt/data/datasets/machine-learning-matrices-reorder/imagenet.32.4.vc.C 
==== Integer vector .R compression
Command: /home/louza/mm-repair/sdsl/encode.x /mnt/data/datasets/machine-learning-matrices-reorder/imagenet.32.4.vc.R 
Integer vector compression time: 0.2061
==== Ans-fold compression
Command: /home/louza/mm-repair/ans/encode.x /mnt/data/datasets/machine-learning-matrices-reorder/imagenet.32.4.vc.C 
Ans-fold time: 1.4447
==== Integer vector .C compression
Command: /home/louza/mm-repair/sdsl/encode.x /mnt/data/datasets/machine-learning-matrices-reorder/imagenet.32.5.vc.C 
==== Integer vector .R compression
Command: /home/louza/mm-repair/sdsl/encode.x /mnt/data/datasets/machine-learning-matrices-reorder/imagenet.32.5.vc.R 
Integer vector compression time: 0.2512
==== Ans-fold compression
Command: /home/louza/mm-repair/ans/encode.x /mnt/data/datasets/machine-learning-matrices-reorder/imagenet.32.5.vc.C 
Ans-fold time: 1.7349
==== Integer vector .C compression
Command: /home/louza/mm-repair/sdsl/encode.x /mnt/data/datasets/machine-learning-matrices-reorder/imagenet.32.6.vc.C 
==== Integer vector .R compression
Command: /home/louza/mm-repair/sdsl/encode.x /mnt/data/datasets/machine-learning-matrices-reorder/imagenet.32.6.vc.R 
Integer vector compression time: 0.1990
==== Ans-fold compression
Command: /home/louza/mm-repair/ans/encode.x /mnt/data/datasets/machine-learning-matrices-reorder/imagenet.32.6.vc.C 
Ans-fold time: 2.0402
==== Integer vector .C compression
Command: /home/louza/mm-repair/sdsl/encode.x /mnt/data/datasets/machine-learning-matrices-reorder/imagenet.32.7.vc.C 
==== Integer vector .R compression
Command: /home/louza/mm-repair/sdsl/encode.x /mnt/data/datasets/machine-learning-matrices-reorder/imagenet.32.7.vc.R 
Integer vector compression time: 0.2563
==== Ans-fold compression
Command: /home/louza/mm-repair/ans/encode.x /mnt/data/datasets/machine-learning-matrices-reorder/imagenet.32.7.vc.C 
Ans-fold time: 2.3356
==== Integer vector .C compression
Command: /home/louza/mm-repair/sdsl/encode.x /mnt/data/datasets/machine-learning-matrices-reorder/imagenet.32.8.vc.C 
==== Integer vector .R compression
Command: /home/louza/mm-repair/sdsl/encode.x /mnt/data/datasets/machine-learning-matrices-reorder/imagenet.32.8.vc.R 
Integer vector compression time: 0.2549
==== Ans-fold compression
Command: /home/louza/mm-repair/ans/encode.x /mnt/data/datasets/machine-learning-matrices-reorder/imagenet.32.8.vc.C 
Ans-fold time: 2.6411
==== Integer vector .C compression
Command: /home/louza/mm-repair/sdsl/encode.x /mnt/data/datasets/machine-learning-matrices-reorder/imagenet.32.9.vc.C 
==== Integer vector .R compression
Command: /home/louza/mm-repair/sdsl/encode.x /mnt/data/datasets/machine-learning-matrices-reorder/imagenet.32.9.vc.R 
Integer vector compression time: 0.2507
==== Ans-fold compression
Command: /home/louza/mm-repair/ans/encode.x /mnt/data/datasets/machine-learning-matrices-reorder/imagenet.32.9.vc.C 
Ans-fold time: 3.1095
==== Integer vector .C compression
Command: /home/louza/mm-repair/sdsl/encode.x /mnt/data/datasets/machine-learning-matrices-reorder/imagenet.32.10.vc.C 
==== Integer vector .R compression
Command: /home/louza/mm-repair/sdsl/encode.x /mnt/data/datasets/machine-learning-matrices-reorder/imagenet.32.10.vc.R 
Integer vector compression time: 0.2129
==== Ans-fold compression
Command: /home/louza/mm-repair/ans/encode.x /mnt/data/datasets/machine-learning-matrices-reorder/imagenet.32.10.vc.C 
Ans-fold time: 3.4053
==== Integer vector .C compression
Command: /home/louza/mm-repair/sdsl/encode.x /mnt/data/datasets/machine-learning-matrices-reorder/imagenet.32.11.vc.C 
==== Integer vector .R compression
Command: /home/louza/mm-repair/sdsl/encode.x /mnt/data/datasets/machine-learning-matrices-reorder/imagenet.32.11.vc.R 
Integer vector compression time: 0.2563
==== Ans-fold compression
Command: /home/louza/mm-repair/ans/encode.x /mnt/data/datasets/machine-learning-matrices-reorder/imagenet.32.11.vc.C 
Ans-fold time: 3.8886
==== Integer vector .C compression
Command: /home/louza/mm-repair/sdsl/encode.x /mnt/data/datasets/machine-learning-matrices-reorder/imagenet.32.12.vc.C 
==== Integer vector .R compression
Command: /home/louza/mm-repair/sdsl/encode.x /mnt/data/datasets/machine-learning-matrices-reorder/imagenet.32.12.vc.R 
Integer vector compression time: 0.2084
==== Ans-fold compression
Command: /home/louza/mm-repair/ans/encode.x /mnt/data/datasets/machine-learning-matrices-reorder/imagenet.32.12.vc.C 
Ans-fold time: 4.1858
==== Integer vector .C compression
Command: /home/louza/mm-repair/sdsl/encode.x /mnt/data/datasets/machine-learning-matrices-reorder/imagenet.32.13.vc.C 
==== Integer vector .R compression
Command: /home/louza/mm-repair/sdsl/encode.x /mnt/data/datasets/machine-learning-matrices-reorder/imagenet.32.13.vc.R 
Integer vector compression time: 0.2044
==== Ans-fold compression
Command: /home/louza/mm-repair/ans/encode.x /mnt/data/datasets/machine-learning-matrices-reorder/imagenet.32.13.vc.C 
Ans-fold time: 4.4810
==== Integer vector .C compression
Command: /home/louza/mm-repair/sdsl/encode.x /mnt/data/datasets/machine-learning-matrices-reorder/imagenet.32.14.vc.C 
==== Integer vector .R compression
Command: /home/louza/mm-repair/sdsl/encode.x /mnt/data/datasets/machine-learning-matrices-reorder/imagenet.32.14.vc.R 
Integer vector compression time: 0.2477
==== Ans-fold compression
Command: /home/louza/mm-repair/ans/encode.x /mnt/data/datasets/machine-learning-matrices-reorder/imagenet.32.14.vc.C 
Ans-fold time: 4.9601
==== Integer vector .C compression
Command: /home/louza/mm-repair/sdsl/encode.x /mnt/data/datasets/machine-learning-matrices-reorder/imagenet.32.15.vc.C 
==== Integer vector .R compression
Command: /home/louza/mm-repair/sdsl/encode.x /mnt/data/datasets/machine-learning-matrices-reorder/imagenet.32.15.vc.R 
Integer vector compression time: 0.2150
==== Ans-fold compression
Command: /home/louza/mm-repair/ans/encode.x /mnt/data/datasets/machine-learning-matrices-reorder/imagenet.32.15.vc.C 
Ans-fold time: 5.2574
==== Integer vector .C compression
Command: /home/louza/mm-repair/sdsl/encode.x /mnt/data/datasets/machine-learning-matrices-reorder/imagenet.32.16.vc.C 
==== Integer vector .R compression
Command: /home/louza/mm-repair/sdsl/encode.x /mnt/data/datasets/machine-learning-matrices-reorder/imagenet.32.16.vc.R 
Integer vector compression time: 0.2557
==== Ans-fold compression
Command: /home/louza/mm-repair/ans/encode.x /mnt/data/datasets/machine-learning-matrices-reorder/imagenet.32.16.vc.C 
Ans-fold time: 5.7164
==== Integer vector .C compression
Command: /home/louza/mm-repair/sdsl/encode.x /mnt/data/datasets/machine-learning-matrices-reorder/imagenet.32.17.vc.C 
==== Integer vector .R compression
Command: /home/louza/mm-repair/sdsl/encode.x /mnt/data/datasets/machine-learning-matrices-reorder/imagenet.32.17.vc.R 
Integer vector compression time: 0.2693
==== Ans-fold compression
Command: /home/louza/mm-repair/ans/encode.x /mnt/data/datasets/machine-learning-matrices-reorder/imagenet.32.17.vc.C 
Ans-fold time: 6.1664
==== Integer vector .C compression
Command: /home/louza/mm-repair/sdsl/encode.x /mnt/data/datasets/machine-learning-matrices-reorder/imagenet.32.18.vc.C 
==== Integer vector .R compression
Command: /home/louza/mm-repair/sdsl/encode.x /mnt/data/datasets/machine-learning-matrices-reorder/imagenet.32.18.vc.R 
Integer vector compression time: 0.2612
==== Ans-fold compression
Command: /home/louza/mm-repair/ans/encode.x /mnt/data/datasets/machine-learning-matrices-reorder/imagenet.32.18.vc.C 
Ans-fold time: 6.6127
==== Integer vector .C compression
Command: /home/louza/mm-repair/sdsl/encode.x /mnt/data/datasets/machine-learning-matrices-reorder/imagenet.32.19.vc.C 
==== Integer vector .R compression
Command: /home/louza/mm-repair/sdsl/encode.x /mnt/data/datasets/machine-learning-matrices-reorder/imagenet.32.19.vc.R 
Integer vector compression time: 0.2049
==== Ans-fold compression
Command: /home/louza/mm-repair/ans/encode.x /mnt/data/datasets/machine-learning-matrices-reorder/imagenet.32.19.vc.C 
Ans-fold time: 6.8997
==== Integer vector .C compression
Command: /home/louza/mm-repair/sdsl/encode.x /mnt/data/datasets/machine-learning-matrices-reorder/imagenet.32.20.vc.C 
==== Integer vector .R compression
Command: /home/louza/mm-repair/sdsl/encode.x /mnt/data/datasets/machine-learning-matrices-reorder/imagenet.32.20.vc.R 
Integer vector compression time: 0.2003
==== Ans-fold compression
Command: /home/louza/mm-repair/ans/encode.x /mnt/data/datasets/machine-learning-matrices-reorder/imagenet.32.20.vc.C 
Ans-fold time: 7.1846
==== Integer vector .C compression
Command: /home/louza/mm-repair/sdsl/encode.x /mnt/data/datasets/machine-learning-matrices-reorder/imagenet.32.21.vc.C 
==== Integer vector .R compression
Command: /home/louza/mm-repair/sdsl/encode.x /mnt/data/datasets/machine-learning-matrices-reorder/imagenet.32.21.vc.R 
Integer vector compression time: 0.2537
==== Ans-fold compression
Command: /home/louza/mm-repair/ans/encode.x /mnt/data/datasets/machine-learning-matrices-reorder/imagenet.32.21.vc.C 
Ans-fold time: 7.6228
==== Integer vector .C compression
Command: /home/louza/mm-repair/sdsl/encode.x /mnt/data/datasets/machine-learning-matrices-reorder/imagenet.32.22.vc.C 
==== Integer vector .R compression
Command: /home/louza/mm-repair/sdsl/encode.x /mnt/data/datasets/machine-learning-matrices-reorder/imagenet.32.22.vc.R 
Integer vector compression time: 0.2680
==== Ans-fold compression
Command: /home/louza/mm-repair/ans/encode.x /mnt/data/datasets/machine-learning-matrices-reorder/imagenet.32.22.vc.C 
Ans-fold time: 8.0078
==== Integer vector .C compression
Command: /home/louza/mm-repair/sdsl/encode.x /mnt/data/datasets/machine-learning-matrices-reorder/imagenet.32.23.vc.C 
==== Integer vector .R compression
Command: /home/louza/mm-repair/sdsl/encode.x /mnt/data/datasets/machine-learning-matrices-reorder/imagenet.32.23.vc.R 
Integer vector compression time: 0.1905
==== Ans-fold compression
Command: /home/louza/mm-repair/ans/encode.x /mnt/data/datasets/machine-learning-matrices-reorder/imagenet.32.23.vc.C 
Ans-fold time: 8.2987
==== Integer vector .C compression
Command: /home/louza/mm-repair/sdsl/encode.x /mnt/data/datasets/machine-learning-matrices-reorder/imagenet.32.24.vc.C 
==== Integer vector .R compression
Command: /home/louza/mm-repair/sdsl/encode.x /mnt/data/datasets/machine-learning-matrices-reorder/imagenet.32.24.vc.R 
Integer vector compression time: 0.2020
==== Ans-fold compression
Command: /home/louza/mm-repair/ans/encode.x /mnt/data/datasets/machine-learning-matrices-reorder/imagenet.32.24.vc.C 
Ans-fold time: 8.5793
==== Integer vector .C compression
Command: /home/louza/mm-repair/sdsl/encode.x /mnt/data/datasets/machine-learning-matrices-reorder/imagenet.32.25.vc.C 
==== Integer vector .R compression
Command: /home/louza/mm-repair/sdsl/encode.x /mnt/data/datasets/machine-learning-matrices-reorder/imagenet.32.25.vc.R 
Integer vector compression time: 0.1930
==== Ans-fold compression
Command: /home/louza/mm-repair/ans/encode.x /mnt/data/datasets/machine-learning-matrices-reorder/imagenet.32.25.vc.C 
Ans-fold time: 8.8615
==== Integer vector .C compression
Command: /home/louza/mm-repair/sdsl/encode.x /mnt/data/datasets/machine-learning-matrices-reorder/imagenet.32.26.vc.C 
==== Integer vector .R compression
Command: /home/louza/mm-repair/sdsl/encode.x /mnt/data/datasets/machine-learning-matrices-reorder/imagenet.32.26.vc.R 
Integer vector compression time: 0.1905
==== Ans-fold compression
Command: /home/louza/mm-repair/ans/encode.x /mnt/data/datasets/machine-learning-matrices-reorder/imagenet.32.26.vc.C 
Ans-fold time: 9.1362
==== Integer vector .C compression
Command: /home/louza/mm-repair/sdsl/encode.x /mnt/data/datasets/machine-learning-matrices-reorder/imagenet.32.27.vc.C 
==== Integer vector .R compression
Command: /home/louza/mm-repair/sdsl/encode.x /mnt/data/datasets/machine-learning-matrices-reorder/imagenet.32.27.vc.R 
Integer vector compression time: 0.2006
==== Ans-fold compression
Command: /home/louza/mm-repair/ans/encode.x /mnt/data/datasets/machine-learning-matrices-reorder/imagenet.32.27.vc.C 
Ans-fold time: 9.4193
==== Integer vector .C compression
Command: /home/louza/mm-repair/sdsl/encode.x /mnt/data/datasets/machine-learning-matrices-reorder/imagenet.32.28.vc.C 
==== Integer vector .R compression
Command: /home/louza/mm-repair/sdsl/encode.x /mnt/data/datasets/machine-learning-matrices-reorder/imagenet.32.28.vc.R 
Integer vector compression time: 0.1977
==== Ans-fold compression
Command: /home/louza/mm-repair/ans/encode.x /mnt/data/datasets/machine-learning-matrices-reorder/imagenet.32.28.vc.C 
Ans-fold time: 9.6950
==== Integer vector .C compression
Command: /home/louza/mm-repair/sdsl/encode.x /mnt/data/datasets/machine-learning-matrices-reorder/imagenet.32.29.vc.C 
==== Integer vector .R compression
Command: /home/louza/mm-repair/sdsl/encode.x /mnt/data/datasets/machine-learning-matrices-reorder/imagenet.32.29.vc.R 
Integer vector compression time: 0.1976
==== Ans-fold compression
Command: /home/louza/mm-repair/ans/encode.x /mnt/data/datasets/machine-learning-matrices-reorder/imagenet.32.29.vc.C 
Ans-fold time: 9.9752
==== Integer vector .C compression
Command: /home/louza/mm-repair/sdsl/encode.x /mnt/data/datasets/machine-learning-matrices-reorder/imagenet.32.30.vc.C 
==== Integer vector .R compression
Command: /home/louza/mm-repair/sdsl/encode.x /mnt/data/datasets/machine-learning-matrices-reorder/imagenet.32.30.vc.R 
Integer vector compression time: 0.1913
==== Ans-fold compression
Command: /home/louza/mm-repair/ans/encode.x /mnt/data/datasets/machine-learning-matrices-reorder/imagenet.32.30.vc.C 
Ans-fold time: 10.2503
==== Integer vector .C compression
Command: /home/louza/mm-repair/sdsl/encode.x /mnt/data/datasets/machine-learning-matrices-reorder/imagenet.32.31.vc.C 
==== Integer vector .R compression
Command: /home/louza/mm-repair/sdsl/encode.x /mnt/data/datasets/machine-learning-matrices-reorder/imagenet.32.31.vc.R 
Integer vector compression time: 0.1912
==== Ans-fold compression
Command: /home/louza/mm-repair/ans/encode.x /mnt/data/datasets/machine-learning-matrices-reorder/imagenet.32.31.vc.C 
Ans-fold time: 10.5451
Elapsed time: 182.9856
==== Compression Report:
 >> matrix name: /mnt/data/datasets/machine-learning-matrices-reorder/imagenet
 >> conversion time: 0.00
 >> repair time: 2732.02
 >> integer vectors time: 0.19
 >> ansf time: 10.55
 >> total time: 182.99
 >> matrix log(alpha)xNumEntries size: 1419864750 bytes
 >> matrix dense size: 9087134400 bytes
 >> total number of nonzero: 352027730 (30.99%)
 >> number of distinct nonzero: 824
 >> CRSV  size: 1413165920 bytes  (15.55%)
 >> RE32  size: 702729424 bytes  (7.73%)
 >> REIV  size: 460482920 bytes  (5.07%)
 >> REANS size: 410291829 bytes  (4.52%)
==== Done
