
#### 2026-09-12 15:15:12
 Command line: /home/louza/mm-repair/matrepair -r -b 1 -p 1 --noconv /mnt/data/datasets/machine-learning-matrices-reorder/mnist2m 2000000 784 
Setting memory for each repair instance to 464053 MBs
Sending logging messages to file: /mnt/data/datasets/machine-learning-matrices-reorder/mnist2m.log
---- Skipping conversion bin/csv->csrv
==== Repair compression
Command: /home/louza/mm-repair/brepair/irepair0 /mnt/data/datasets/machine-learning-matrices-reorder/mnist2m.vc 464053
Repair time: 314.0735
==== Integer vector .C compression
Command: /home/louza/mm-repair/sdsl/encode.x /mnt/data/datasets/machine-learning-matrices-reorder/mnist2m.vc.C 
==== Integer vector .R compression
Command: /home/louza/mm-repair/sdsl/encode.x /mnt/data/datasets/machine-learning-matrices-reorder/mnist2m.vc.R 
Integer vector compression time: 12.6187
==== Ans-fold compression
Command: /home/louza/mm-repair/ans/encode.x /mnt/data/datasets/machine-learning-matrices-reorder/mnist2m.vc.C 
Ans-fold time: 24.3444
Elapsed time: 351.0369
==== Compression Report:
 >> matrix name: /mnt/data/datasets/machine-learning-matrices-reorder/mnist2m
 >> conversion time: 0.00
 >> repair time: 314.07
 >> integer vectors time: 12.62
 >> ansf time: 24.34
 >> total time: 351.04
 >> matrix log(alpha)xNumEntries size: 1568000000 bytes
 >> matrix dense size: 12544000000 bytes
 >> total number of nonzero: 395869925 (25.25%)
 >> number of distinct nonzero: 255
 >> CRSV  size: 1591481740 bytes  (12.69%)
 >> RE32  size: 932029140 bytes  (7.43%)
 >> REIV  size: 728148242 bytes  (5.80%)
 >> REANS size: 666534837 bytes  (5.31%)
==== Done

#### 2026-09-13 00:16:13
 Command line: /home/louza/mm-repair/matrepair -r -b 16 -p 1 --noconv /mnt/data/datasets/machine-learning-matrices-reorder/mnist2m 2000000 784 
Setting memory for each repair instance to 464053 MBs
Sending logging messages to file: /mnt/data/datasets/machine-learning-matrices-reorder/mnist2m.log
---- Skipping conversion bin/csv->csrv
==== Repair compression
Command: /home/louza/mm-repair/brepair/irepair0 /mnt/data/datasets/machine-learning-matrices-reorder/mnist2m.16.0.vc 464053
==== Repair compression
Command: /home/louza/mm-repair/brepair/irepair0 /mnt/data/datasets/machine-learning-matrices-reorder/mnist2m.16.1.vc 464053
==== Repair compression
Command: /home/louza/mm-repair/brepair/irepair0 /mnt/data/datasets/machine-learning-matrices-reorder/mnist2m.16.2.vc 464053
==== Repair compression
Command: /home/louza/mm-repair/brepair/irepair0 /mnt/data/datasets/machine-learning-matrices-reorder/mnist2m.16.3.vc 464053
==== Repair compression
Command: /home/louza/mm-repair/brepair/irepair0 /mnt/data/datasets/machine-learning-matrices-reorder/mnist2m.16.4.vc 464053
==== Repair compression
Command: /home/louza/mm-repair/brepair/irepair0 /mnt/data/datasets/machine-learning-matrices-reorder/mnist2m.16.5.vc 464053
==== Repair compression
Command: /home/louza/mm-repair/brepair/irepair0 /mnt/data/datasets/machine-learning-matrices-reorder/mnist2m.16.6.vc 464053
==== Repair compression
Command: /home/louza/mm-repair/brepair/irepair0 /mnt/data/datasets/machine-learning-matrices-reorder/mnist2m.16.7.vc 464053
==== Repair compression
Command: /home/louza/mm-repair/brepair/irepair0 /mnt/data/datasets/machine-learning-matrices-reorder/mnist2m.16.8.vc 464053
==== Repair compression
Command: /home/louza/mm-repair/brepair/irepair0 /mnt/data/datasets/machine-learning-matrices-reorder/mnist2m.16.9.vc 464053
==== Repair compression
Command: /home/louza/mm-repair/brepair/irepair0 /mnt/data/datasets/machine-learning-matrices-reorder/mnist2m.16.10.vc 464053
==== Repair compression
Command: /home/louza/mm-repair/brepair/irepair0 /mnt/data/datasets/machine-learning-matrices-reorder/mnist2m.16.11.vc 464053
==== Repair compression
Command: /home/louza/mm-repair/brepair/irepair0 /mnt/data/datasets/machine-learning-matrices-reorder/mnist2m.16.12.vc 464053
==== Repair compression
Command: /home/louza/mm-repair/brepair/irepair0 /mnt/data/datasets/machine-learning-matrices-reorder/mnist2m.16.13.vc 464053
==== Repair compression
Command: /home/louza/mm-repair/brepair/irepair0 /mnt/data/datasets/machine-learning-matrices-reorder/mnist2m.16.14.vc 464053
==== Repair compression
Command: /home/louza/mm-repair/brepair/irepair0 /mnt/data/datasets/machine-learning-matrices-reorder/mnist2m.16.15.vc 464053
Repair time: 1827.1666
==== Integer vector .C compression
Command: /home/louza/mm-repair/sdsl/encode.x /mnt/data/datasets/machine-learning-matrices-reorder/mnist2m.16.0.vc.C 
==== Integer vector .R compression
Command: /home/louza/mm-repair/sdsl/encode.x /mnt/data/datasets/machine-learning-matrices-reorder/mnist2m.16.0.vc.R 
Integer vector compression time: 0.9064
==== Ans-fold compression
Command: /home/louza/mm-repair/ans/encode.x /mnt/data/datasets/machine-learning-matrices-reorder/mnist2m.16.0.vc.C 
Ans-fold time: 1.6283
==== Integer vector .C compression
Command: /home/louza/mm-repair/sdsl/encode.x /mnt/data/datasets/machine-learning-matrices-reorder/mnist2m.16.1.vc.C 
==== Integer vector .R compression
Command: /home/louza/mm-repair/sdsl/encode.x /mnt/data/datasets/machine-learning-matrices-reorder/mnist2m.16.1.vc.R 
Integer vector compression time: 1.0532
==== Ans-fold compression
Command: /home/louza/mm-repair/ans/encode.x /mnt/data/datasets/machine-learning-matrices-reorder/mnist2m.16.1.vc.C 
Ans-fold time: 3.5740
==== Integer vector .C compression
Command: /home/louza/mm-repair/sdsl/encode.x /mnt/data/datasets/machine-learning-matrices-reorder/mnist2m.16.2.vc.C 
==== Integer vector .R compression
Command: /home/louza/mm-repair/sdsl/encode.x /mnt/data/datasets/machine-learning-matrices-reorder/mnist2m.16.2.vc.R 
Integer vector compression time: 1.0682
==== Ans-fold compression
Command: /home/louza/mm-repair/ans/encode.x /mnt/data/datasets/machine-learning-matrices-reorder/mnist2m.16.2.vc.C 
Ans-fold time: 5.4162
==== Integer vector .C compression
Command: /home/louza/mm-repair/sdsl/encode.x /mnt/data/datasets/machine-learning-matrices-reorder/mnist2m.16.3.vc.C 
==== Integer vector .R compression
Command: /home/louza/mm-repair/sdsl/encode.x /mnt/data/datasets/machine-learning-matrices-reorder/mnist2m.16.3.vc.R 
Integer vector compression time: 1.1515
==== Ans-fold compression
Command: /home/louza/mm-repair/ans/encode.x /mnt/data/datasets/machine-learning-matrices-reorder/mnist2m.16.3.vc.C 
Ans-fold time: 7.3072
==== Integer vector .C compression
Command: /home/louza/mm-repair/sdsl/encode.x /mnt/data/datasets/machine-learning-matrices-reorder/mnist2m.16.4.vc.C 
==== Integer vector .R compression
Command: /home/louza/mm-repair/sdsl/encode.x /mnt/data/datasets/machine-learning-matrices-reorder/mnist2m.16.4.vc.R 
Integer vector compression time: 0.9683
==== Ans-fold compression
Command: /home/louza/mm-repair/ans/encode.x /mnt/data/datasets/machine-learning-matrices-reorder/mnist2m.16.4.vc.C 
Ans-fold time: 9.0847
==== Integer vector .C compression
Command: /home/louza/mm-repair/sdsl/encode.x /mnt/data/datasets/machine-learning-matrices-reorder/mnist2m.16.5.vc.C 
==== Integer vector .R compression
Command: /home/louza/mm-repair/sdsl/encode.x /mnt/data/datasets/machine-learning-matrices-reorder/mnist2m.16.5.vc.R 
Integer vector compression time: 0.9855
==== Ans-fold compression
Command: /home/louza/mm-repair/ans/encode.x /mnt/data/datasets/machine-learning-matrices-reorder/mnist2m.16.5.vc.C 
Ans-fold time: 10.9393
==== Integer vector .C compression
Command: /home/louza/mm-repair/sdsl/encode.x /mnt/data/datasets/machine-learning-matrices-reorder/mnist2m.16.6.vc.C 
==== Integer vector .R compression
Command: /home/louza/mm-repair/sdsl/encode.x /mnt/data/datasets/machine-learning-matrices-reorder/mnist2m.16.6.vc.R 
Integer vector compression time: 1.1859
==== Ans-fold compression
Command: /home/louza/mm-repair/ans/encode.x /mnt/data/datasets/machine-learning-matrices-reorder/mnist2m.16.6.vc.C 
Ans-fold time: 12.7827
==== Integer vector .C compression
Command: /home/louza/mm-repair/sdsl/encode.x /mnt/data/datasets/machine-learning-matrices-reorder/mnist2m.16.7.vc.C 
==== Integer vector .R compression
Command: /home/louza/mm-repair/sdsl/encode.x /mnt/data/datasets/machine-learning-matrices-reorder/mnist2m.16.7.vc.R 
Integer vector compression time: 1.0529
==== Ans-fold compression
Command: /home/louza/mm-repair/ans/encode.x /mnt/data/datasets/machine-learning-matrices-reorder/mnist2m.16.7.vc.C 
Ans-fold time: 14.4062
==== Integer vector .C compression
Command: /home/louza/mm-repair/sdsl/encode.x /mnt/data/datasets/machine-learning-matrices-reorder/mnist2m.16.8.vc.C 
==== Integer vector .R compression
Command: /home/louza/mm-repair/sdsl/encode.x /mnt/data/datasets/machine-learning-matrices-reorder/mnist2m.16.8.vc.R 
Integer vector compression time: 1.0600
==== Ans-fold compression
Command: /home/louza/mm-repair/ans/encode.x /mnt/data/datasets/machine-learning-matrices-reorder/mnist2m.16.8.vc.C 
Ans-fold time: 16.3377
==== Integer vector .C compression
Command: /home/louza/mm-repair/sdsl/encode.x /mnt/data/datasets/machine-learning-matrices-reorder/mnist2m.16.9.vc.C 
==== Integer vector .R compression
Command: /home/louza/mm-repair/sdsl/encode.x /mnt/data/datasets/machine-learning-matrices-reorder/mnist2m.16.9.vc.R 
Integer vector compression time: 1.0560
==== Ans-fold compression
Command: /home/louza/mm-repair/ans/encode.x /mnt/data/datasets/machine-learning-matrices-reorder/mnist2m.16.9.vc.C 
Ans-fold time: 18.1983
==== Integer vector .C compression
Command: /home/louza/mm-repair/sdsl/encode.x /mnt/data/datasets/machine-learning-matrices-reorder/mnist2m.16.10.vc.C 
==== Integer vector .R compression
Command: /home/louza/mm-repair/sdsl/encode.x /mnt/data/datasets/machine-learning-matrices-reorder/mnist2m.16.10.vc.R 
Integer vector compression time: 1.1032
==== Ans-fold compression
Command: /home/louza/mm-repair/ans/encode.x /mnt/data/datasets/machine-learning-matrices-reorder/mnist2m.16.10.vc.C 
Ans-fold time: 20.0527
==== Integer vector .C compression
Command: /home/louza/mm-repair/sdsl/encode.x /mnt/data/datasets/machine-learning-matrices-reorder/mnist2m.16.11.vc.C 
==== Integer vector .R compression
Command: /home/louza/mm-repair/sdsl/encode.x /mnt/data/datasets/machine-learning-matrices-reorder/mnist2m.16.11.vc.R 
Integer vector compression time: 1.1036
==== Ans-fold compression
Command: /home/louza/mm-repair/ans/encode.x /mnt/data/datasets/machine-learning-matrices-reorder/mnist2m.16.11.vc.C 
Ans-fold time: 21.8746
==== Integer vector .C compression
Command: /home/louza/mm-repair/sdsl/encode.x /mnt/data/datasets/machine-learning-matrices-reorder/mnist2m.16.12.vc.C 
==== Integer vector .R compression
Command: /home/louza/mm-repair/sdsl/encode.x /mnt/data/datasets/machine-learning-matrices-reorder/mnist2m.16.12.vc.R 
Integer vector compression time: 1.0098
==== Ans-fold compression
Command: /home/louza/mm-repair/ans/encode.x /mnt/data/datasets/machine-learning-matrices-reorder/mnist2m.16.12.vc.C 
Ans-fold time: 23.4766
==== Integer vector .C compression
Command: /home/louza/mm-repair/sdsl/encode.x /mnt/data/datasets/machine-learning-matrices-reorder/mnist2m.16.13.vc.C 
==== Integer vector .R compression
Command: /home/louza/mm-repair/sdsl/encode.x /mnt/data/datasets/machine-learning-matrices-reorder/mnist2m.16.13.vc.R 
Integer vector compression time: 0.9170
==== Ans-fold compression
Command: /home/louza/mm-repair/ans/encode.x /mnt/data/datasets/machine-learning-matrices-reorder/mnist2m.16.13.vc.C 
Ans-fold time: 25.0131
==== Integer vector .C compression
Command: /home/louza/mm-repair/sdsl/encode.x /mnt/data/datasets/machine-learning-matrices-reorder/mnist2m.16.14.vc.C 
==== Integer vector .R compression
Command: /home/louza/mm-repair/sdsl/encode.x /mnt/data/datasets/machine-learning-matrices-reorder/mnist2m.16.14.vc.R 
Integer vector compression time: 0.8572
==== Ans-fold compression
Command: /home/louza/mm-repair/ans/encode.x /mnt/data/datasets/machine-learning-matrices-reorder/mnist2m.16.14.vc.C 
Ans-fold time: 26.6056
==== Integer vector .C compression
Command: /home/louza/mm-repair/sdsl/encode.x /mnt/data/datasets/machine-learning-matrices-reorder/mnist2m.16.15.vc.C 
==== Integer vector .R compression
Command: /home/louza/mm-repair/sdsl/encode.x /mnt/data/datasets/machine-learning-matrices-reorder/mnist2m.16.15.vc.R 
Integer vector compression time: 0.7706
==== Ans-fold compression
Command: /home/louza/mm-repair/ans/encode.x /mnt/data/datasets/machine-learning-matrices-reorder/mnist2m.16.15.vc.C 
Ans-fold time: 28.1817
Elapsed time: 261.0273
==== Compression Report:
 >> matrix name: /mnt/data/datasets/machine-learning-matrices-reorder/mnist2m
 >> conversion time: 0.00
 >> repair time: 1827.17
 >> integer vectors time: 0.77
 >> ansf time: 28.18
 >> total time: 261.03
 >> matrix log(alpha)xNumEntries size: 1568000000 bytes
 >> matrix dense size: 12544000000 bytes
 >> total number of nonzero: 395869925 (25.25%)
 >> number of distinct nonzero: 255
 >> CRSV  size: 1591481740 bytes  (12.69%)
 >> RE32  size: 1196470832 bytes  (9.54%)
 >> REIV  size: 785185080 bytes  (6.26%)
 >> REANS size: 741019046 bytes  (5.91%)
==== Done

#### 2026-09-17 19:02:24
 Command line: /home/louza/mm-repair/matrepair -r -b 4 -p 1 --noconv /mnt/data/datasets/machine-learning-matrices-reorder/mnist2m 2000000 784 
Setting memory for each repair instance to 464053 MBs
Sending logging messages to file: /mnt/data/datasets/machine-learning-matrices-reorder/mnist2m.log
---- Skipping conversion bin/csv->csrv
==== Repair compression
Command: /home/louza/mm-repair/brepair/irepair0 /mnt/data/datasets/machine-learning-matrices-reorder/mnist2m.4.0.vc 464053
==== Repair compression
Command: /home/louza/mm-repair/brepair/irepair0 /mnt/data/datasets/machine-learning-matrices-reorder/mnist2m.4.1.vc 464053
==== Repair compression
Command: /home/louza/mm-repair/brepair/irepair0 /mnt/data/datasets/machine-learning-matrices-reorder/mnist2m.4.2.vc 464053
==== Repair compression
Command: /home/louza/mm-repair/brepair/irepair0 /mnt/data/datasets/machine-learning-matrices-reorder/mnist2m.4.3.vc 464053
Repair time: 607.8622
==== Integer vector .C compression
Command: /home/louza/mm-repair/sdsl/encode.x /mnt/data/datasets/machine-learning-matrices-reorder/mnist2m.4.0.vc.C 
==== Integer vector .R compression
Command: /home/louza/mm-repair/sdsl/encode.x /mnt/data/datasets/machine-learning-matrices-reorder/mnist2m.4.0.vc.R 
Integer vector compression time: 3.3904
==== Ans-fold compression
Command: /home/louza/mm-repair/ans/encode.x /mnt/data/datasets/machine-learning-matrices-reorder/mnist2m.4.0.vc.C 
Ans-fold time: 6.6745
==== Integer vector .C compression
Command: /home/louza/mm-repair/sdsl/encode.x /mnt/data/datasets/machine-learning-matrices-reorder/mnist2m.4.1.vc.C 
==== Integer vector .R compression
Command: /home/louza/mm-repair/sdsl/encode.x /mnt/data/datasets/machine-learning-matrices-reorder/mnist2m.4.1.vc.R 
Integer vector compression time: 3.3586
==== Ans-fold compression
Command: /home/louza/mm-repair/ans/encode.x /mnt/data/datasets/machine-learning-matrices-reorder/mnist2m.4.1.vc.C 
Ans-fold time: 13.5894
==== Integer vector .C compression
Command: /home/louza/mm-repair/sdsl/encode.x /mnt/data/datasets/machine-learning-matrices-reorder/mnist2m.4.2.vc.C 
==== Integer vector .R compression
Command: /home/louza/mm-repair/sdsl/encode.x /mnt/data/datasets/machine-learning-matrices-reorder/mnist2m.4.2.vc.R 
Integer vector compression time: 3.4653
==== Ans-fold compression
Command: /home/louza/mm-repair/ans/encode.x /mnt/data/datasets/machine-learning-matrices-reorder/mnist2m.4.2.vc.C 
Ans-fold time: 20.8019
==== Integer vector .C compression
Command: /home/louza/mm-repair/sdsl/encode.x /mnt/data/datasets/machine-learning-matrices-reorder/mnist2m.4.3.vc.C 
==== Integer vector .R compression
Command: /home/louza/mm-repair/sdsl/encode.x /mnt/data/datasets/machine-learning-matrices-reorder/mnist2m.4.3.vc.R 
Integer vector compression time: 3.5590
==== Ans-fold compression
Command: /home/louza/mm-repair/ans/encode.x /mnt/data/datasets/machine-learning-matrices-reorder/mnist2m.4.3.vc.C 
Ans-fold time: 27.6442
Elapsed time: 286.0912
==== Compression Report:
 >> matrix name: /mnt/data/datasets/machine-learning-matrices-reorder/mnist2m
 >> conversion time: 0.00
 >> repair time: 607.86
 >> integer vectors time: 3.56
 >> ansf time: 27.64
 >> total time: 286.09
 >> matrix log(alpha)xNumEntries size: 1568000000 bytes
 >> matrix dense size: 12544000000 bytes
 >> total number of nonzero: 395869925 (25.25%)
 >> number of distinct nonzero: 255
 >> CRSV  size: 1591481740 bytes  (12.69%)
 >> RE32  size: 1070946280 bytes  (8.54%)
 >> REIV  size: 769743320 bytes  (6.14%)
 >> REANS size: 713231282 bytes  (5.69%)
==== Done

#### 2026-09-18 08:23:06
 Command line: /home/louza/mm-repair/matrepair -r -b 8 -p 1 --noconv /mnt/data/datasets/machine-learning-matrices-reorder/mnist2m 2000000 784 
Setting memory for each repair instance to 464053 MBs
Sending logging messages to file: /mnt/data/datasets/machine-learning-matrices-reorder/mnist2m.log
---- Skipping conversion bin/csv->csrv
==== Repair compression
Command: /home/louza/mm-repair/brepair/irepair0 /mnt/data/datasets/machine-learning-matrices-reorder/mnist2m.8.0.vc 464053
==== Repair compression
Command: /home/louza/mm-repair/brepair/irepair0 /mnt/data/datasets/machine-learning-matrices-reorder/mnist2m.8.1.vc 464053
==== Repair compression
Command: /home/louza/mm-repair/brepair/irepair0 /mnt/data/datasets/machine-learning-matrices-reorder/mnist2m.8.2.vc 464053
==== Repair compression
Command: /home/louza/mm-repair/brepair/irepair0 /mnt/data/datasets/machine-learning-matrices-reorder/mnist2m.8.3.vc 464053
==== Repair compression
Command: /home/louza/mm-repair/brepair/irepair0 /mnt/data/datasets/machine-learning-matrices-reorder/mnist2m.8.4.vc 464053
==== Repair compression
Command: /home/louza/mm-repair/brepair/irepair0 /mnt/data/datasets/machine-learning-matrices-reorder/mnist2m.8.5.vc 464053
==== Repair compression
Command: /home/louza/mm-repair/brepair/irepair0 /mnt/data/datasets/machine-learning-matrices-reorder/mnist2m.8.6.vc 464053
==== Repair compression
Command: /home/louza/mm-repair/brepair/irepair0 /mnt/data/datasets/machine-learning-matrices-reorder/mnist2m.8.7.vc 464053
Repair time: 1025.9604
==== Integer vector .C compression
Command: /home/louza/mm-repair/sdsl/encode.x /mnt/data/datasets/machine-learning-matrices-reorder/mnist2m.8.0.vc.C 
==== Integer vector .R compression
Command: /home/louza/mm-repair/sdsl/encode.x /mnt/data/datasets/machine-learning-matrices-reorder/mnist2m.8.0.vc.R 
Integer vector compression time: 1.6898
==== Ans-fold compression
Command: /home/louza/mm-repair/ans/encode.x /mnt/data/datasets/machine-learning-matrices-reorder/mnist2m.8.0.vc.C 
Ans-fold time: 3.1475
==== Integer vector .C compression
Command: /home/louza/mm-repair/sdsl/encode.x /mnt/data/datasets/machine-learning-matrices-reorder/mnist2m.8.1.vc.C 
==== Integer vector .R compression
Command: /home/louza/mm-repair/sdsl/encode.x /mnt/data/datasets/machine-learning-matrices-reorder/mnist2m.8.1.vc.R 
Integer vector compression time: 1.7372
==== Ans-fold compression
Command: /home/louza/mm-repair/ans/encode.x /mnt/data/datasets/machine-learning-matrices-reorder/mnist2m.8.1.vc.C 
Ans-fold time: 6.4618
==== Integer vector .C compression
Command: /home/louza/mm-repair/sdsl/encode.x /mnt/data/datasets/machine-learning-matrices-reorder/mnist2m.8.2.vc.C 
==== Integer vector .R compression
Command: /home/louza/mm-repair/sdsl/encode.x /mnt/data/datasets/machine-learning-matrices-reorder/mnist2m.8.2.vc.R 
Integer vector compression time: 1.7174
==== Ans-fold compression
Command: /home/louza/mm-repair/ans/encode.x /mnt/data/datasets/machine-learning-matrices-reorder/mnist2m.8.2.vc.C 
Ans-fold time: 9.7656
==== Integer vector .C compression
Command: /home/louza/mm-repair/sdsl/encode.x /mnt/data/datasets/machine-learning-matrices-reorder/mnist2m.8.3.vc.C 
==== Integer vector .R compression
Command: /home/louza/mm-repair/sdsl/encode.x /mnt/data/datasets/machine-learning-matrices-reorder/mnist2m.8.3.vc.R 
Integer vector compression time: 1.7684
==== Ans-fold compression
Command: /home/louza/mm-repair/ans/encode.x /mnt/data/datasets/machine-learning-matrices-reorder/mnist2m.8.3.vc.C 
Ans-fold time: 13.2138
==== Integer vector .C compression
Command: /home/louza/mm-repair/sdsl/encode.x /mnt/data/datasets/machine-learning-matrices-reorder/mnist2m.8.4.vc.C 
==== Integer vector .R compression
Command: /home/louza/mm-repair/sdsl/encode.x /mnt/data/datasets/machine-learning-matrices-reorder/mnist2m.8.4.vc.R 
Integer vector compression time: 1.7387
==== Ans-fold compression
Command: /home/louza/mm-repair/ans/encode.x /mnt/data/datasets/machine-learning-matrices-reorder/mnist2m.8.4.vc.C 
Ans-fold time: 16.5863
==== Integer vector .C compression
Command: /home/louza/mm-repair/sdsl/encode.x /mnt/data/datasets/machine-learning-matrices-reorder/mnist2m.8.5.vc.C 
==== Integer vector .R compression
Command: /home/louza/mm-repair/sdsl/encode.x /mnt/data/datasets/machine-learning-matrices-reorder/mnist2m.8.5.vc.R 
Integer vector compression time: 1.7863
==== Ans-fold compression
Command: /home/louza/mm-repair/ans/encode.x /mnt/data/datasets/machine-learning-matrices-reorder/mnist2m.8.5.vc.C 
Ans-fold time: 19.8978
==== Integer vector .C compression
Command: /home/louza/mm-repair/sdsl/encode.x /mnt/data/datasets/machine-learning-matrices-reorder/mnist2m.8.6.vc.C 
==== Integer vector .R compression
Command: /home/louza/mm-repair/sdsl/encode.x /mnt/data/datasets/machine-learning-matrices-reorder/mnist2m.8.6.vc.R 
Integer vector compression time: 1.7970
==== Ans-fold compression
Command: /home/louza/mm-repair/ans/encode.x /mnt/data/datasets/machine-learning-matrices-reorder/mnist2m.8.6.vc.C 
Ans-fold time: 23.2745
==== Integer vector .C compression
Command: /home/louza/mm-repair/sdsl/encode.x /mnt/data/datasets/machine-learning-matrices-reorder/mnist2m.8.7.vc.C 
==== Integer vector .R compression
Command: /home/louza/mm-repair/sdsl/encode.x /mnt/data/datasets/machine-learning-matrices-reorder/mnist2m.8.7.vc.R 
Integer vector compression time: 1.7778
==== Ans-fold compression
Command: /home/louza/mm-repair/ans/encode.x /mnt/data/datasets/machine-learning-matrices-reorder/mnist2m.8.7.vc.C 
Ans-fold time: 26.6067
Elapsed time: 268.3972
==== Compression Report:
 >> matrix name: /mnt/data/datasets/machine-learning-matrices-reorder/mnist2m
 >> conversion time: 0.00
 >> repair time: 1025.96
 >> integer vectors time: 1.78
 >> ansf time: 26.61
 >> total time: 268.40
 >> matrix log(alpha)xNumEntries size: 1568000000 bytes
 >> matrix dense size: 12544000000 bytes
 >> total number of nonzero: 395869925 (25.25%)
 >> number of distinct nonzero: 255
 >> CRSV  size: 1591481740 bytes  (12.69%)
 >> RE32  size: 1135982352 bytes  (9.06%)
 >> REIV  size: 780988720 bytes  (6.23%)
 >> REANS size: 729269314 bytes  (5.81%)
==== Done

#### 2026-09-19 06:06:39
 Command line: /home/louza/mm-repair/matrepair -r -b 12 -p 1 --noconv /mnt/data/datasets/machine-learning-matrices-reorder/mnist2m 2000000 784 
Setting memory for each repair instance to 464053 MBs
Sending logging messages to file: /mnt/data/datasets/machine-learning-matrices-reorder/mnist2m.log
---- Skipping conversion bin/csv->csrv
==== Repair compression
Command: /home/louza/mm-repair/brepair/irepair0 /mnt/data/datasets/machine-learning-matrices-reorder/mnist2m.12.0.vc 464053
==== Repair compression
Command: /home/louza/mm-repair/brepair/irepair0 /mnt/data/datasets/machine-learning-matrices-reorder/mnist2m.12.1.vc 464053
==== Repair compression
Command: /home/louza/mm-repair/brepair/irepair0 /mnt/data/datasets/machine-learning-matrices-reorder/mnist2m.12.2.vc 464053
==== Repair compression
Command: /home/louza/mm-repair/brepair/irepair0 /mnt/data/datasets/machine-learning-matrices-reorder/mnist2m.12.3.vc 464053
==== Repair compression
Command: /home/louza/mm-repair/brepair/irepair0 /mnt/data/datasets/machine-learning-matrices-reorder/mnist2m.12.4.vc 464053
==== Repair compression
Command: /home/louza/mm-repair/brepair/irepair0 /mnt/data/datasets/machine-learning-matrices-reorder/mnist2m.12.5.vc 464053
==== Repair compression
Command: /home/louza/mm-repair/brepair/irepair0 /mnt/data/datasets/machine-learning-matrices-reorder/mnist2m.12.6.vc 464053
==== Repair compression
Command: /home/louza/mm-repair/brepair/irepair0 /mnt/data/datasets/machine-learning-matrices-reorder/mnist2m.12.7.vc 464053
==== Repair compression
Command: /home/louza/mm-repair/brepair/irepair0 /mnt/data/datasets/machine-learning-matrices-reorder/mnist2m.12.8.vc 464053
==== Repair compression
Command: /home/louza/mm-repair/brepair/irepair0 /mnt/data/datasets/machine-learning-matrices-reorder/mnist2m.12.9.vc 464053
==== Repair compression
Command: /home/louza/mm-repair/brepair/irepair0 /mnt/data/datasets/machine-learning-matrices-reorder/mnist2m.12.10.vc 464053
==== Repair compression
Command: /home/louza/mm-repair/brepair/irepair0 /mnt/data/datasets/machine-learning-matrices-reorder/mnist2m.12.11.vc 464053
Repair time: 1412.4197
==== Integer vector .C compression
Command: /home/louza/mm-repair/sdsl/encode.x /mnt/data/datasets/machine-learning-matrices-reorder/mnist2m.12.0.vc.C 
==== Integer vector .R compression
Command: /home/louza/mm-repair/sdsl/encode.x /mnt/data/datasets/machine-learning-matrices-reorder/mnist2m.12.0.vc.R 
Integer vector compression time: 1.2481
==== Ans-fold compression
Command: /home/louza/mm-repair/ans/encode.x /mnt/data/datasets/machine-learning-matrices-reorder/mnist2m.12.0.vc.C 
Ans-fold time: 2.0463
==== Integer vector .C compression
Command: /home/louza/mm-repair/sdsl/encode.x /mnt/data/datasets/machine-learning-matrices-reorder/mnist2m.12.1.vc.C 
==== Integer vector .R compression
Command: /home/louza/mm-repair/sdsl/encode.x /mnt/data/datasets/machine-learning-matrices-reorder/mnist2m.12.1.vc.R 
Integer vector compression time: 1.0588
==== Ans-fold compression
Command: /home/louza/mm-repair/ans/encode.x /mnt/data/datasets/machine-learning-matrices-reorder/mnist2m.12.1.vc.C 
Ans-fold time: 4.1505
==== Integer vector .C compression
Command: /home/louza/mm-repair/sdsl/encode.x /mnt/data/datasets/machine-learning-matrices-reorder/mnist2m.12.2.vc.C 
==== Integer vector .R compression
Command: /home/louza/mm-repair/sdsl/encode.x /mnt/data/datasets/machine-learning-matrices-reorder/mnist2m.12.2.vc.R 
Integer vector compression time: 1.0789
==== Ans-fold compression
Command: /home/louza/mm-repair/ans/encode.x /mnt/data/datasets/machine-learning-matrices-reorder/mnist2m.12.2.vc.C 
Ans-fold time: 6.2995
==== Integer vector .C compression
Command: /home/louza/mm-repair/sdsl/encode.x /mnt/data/datasets/machine-learning-matrices-reorder/mnist2m.12.3.vc.C 
==== Integer vector .R compression
Command: /home/louza/mm-repair/sdsl/encode.x /mnt/data/datasets/machine-learning-matrices-reorder/mnist2m.12.3.vc.R 
Integer vector compression time: 1.0794
==== Ans-fold compression
Command: /home/louza/mm-repair/ans/encode.x /mnt/data/datasets/machine-learning-matrices-reorder/mnist2m.12.3.vc.C 
Ans-fold time: 8.2406
==== Integer vector .C compression
Command: /home/louza/mm-repair/sdsl/encode.x /mnt/data/datasets/machine-learning-matrices-reorder/mnist2m.12.4.vc.C 
==== Integer vector .R compression
Command: /home/louza/mm-repair/sdsl/encode.x /mnt/data/datasets/machine-learning-matrices-reorder/mnist2m.12.4.vc.R 
Integer vector compression time: 1.0797
==== Ans-fold compression
Command: /home/louza/mm-repair/ans/encode.x /mnt/data/datasets/machine-learning-matrices-reorder/mnist2m.12.4.vc.C 
Ans-fold time: 10.1959
==== Integer vector .C compression
Command: /home/louza/mm-repair/sdsl/encode.x /mnt/data/datasets/machine-learning-matrices-reorder/mnist2m.12.5.vc.C 
==== Integer vector .R compression
Command: /home/louza/mm-repair/sdsl/encode.x /mnt/data/datasets/machine-learning-matrices-reorder/mnist2m.12.5.vc.R 
Integer vector compression time: 1.2206
==== Ans-fold compression
Command: /home/louza/mm-repair/ans/encode.x /mnt/data/datasets/machine-learning-matrices-reorder/mnist2m.12.5.vc.C 
Ans-fold time: 12.3124
==== Integer vector .C compression
Command: /home/louza/mm-repair/sdsl/encode.x /mnt/data/datasets/machine-learning-matrices-reorder/mnist2m.12.6.vc.C 
==== Integer vector .R compression
Command: /home/louza/mm-repair/sdsl/encode.x /mnt/data/datasets/machine-learning-matrices-reorder/mnist2m.12.6.vc.R 
Integer vector compression time: 1.2446
==== Ans-fold compression
Command: /home/louza/mm-repair/ans/encode.x /mnt/data/datasets/machine-learning-matrices-reorder/mnist2m.12.6.vc.C 
Ans-fold time: 14.4172
==== Integer vector .C compression
Command: /home/louza/mm-repair/sdsl/encode.x /mnt/data/datasets/machine-learning-matrices-reorder/mnist2m.12.7.vc.C 
==== Integer vector .R compression
Command: /home/louza/mm-repair/sdsl/encode.x /mnt/data/datasets/machine-learning-matrices-reorder/mnist2m.12.7.vc.R 
Integer vector compression time: 1.1886
==== Ans-fold compression
Command: /home/louza/mm-repair/ans/encode.x /mnt/data/datasets/machine-learning-matrices-reorder/mnist2m.12.7.vc.C 
Ans-fold time: 16.3890
==== Integer vector .C compression
Command: /home/louza/mm-repair/sdsl/encode.x /mnt/data/datasets/machine-learning-matrices-reorder/mnist2m.12.8.vc.C 
==== Integer vector .R compression
Command: /home/louza/mm-repair/sdsl/encode.x /mnt/data/datasets/machine-learning-matrices-reorder/mnist2m.12.8.vc.R 
Integer vector compression time: 1.0364
==== Ans-fold compression
Command: /home/louza/mm-repair/ans/encode.x /mnt/data/datasets/machine-learning-matrices-reorder/mnist2m.12.8.vc.C 
Ans-fold time: 18.4381
==== Integer vector .C compression
Command: /home/louza/mm-repair/sdsl/encode.x /mnt/data/datasets/machine-learning-matrices-reorder/mnist2m.12.9.vc.C 
==== Integer vector .R compression
Command: /home/louza/mm-repair/sdsl/encode.x /mnt/data/datasets/machine-learning-matrices-reorder/mnist2m.12.9.vc.R 
Integer vector compression time: 1.0937
==== Ans-fold compression
Command: /home/louza/mm-repair/ans/encode.x /mnt/data/datasets/machine-learning-matrices-reorder/mnist2m.12.9.vc.C 
Ans-fold time: 20.6181
==== Integer vector .C compression
Command: /home/louza/mm-repair/sdsl/encode.x /mnt/data/datasets/machine-learning-matrices-reorder/mnist2m.12.10.vc.C 
==== Integer vector .R compression
Command: /home/louza/mm-repair/sdsl/encode.x /mnt/data/datasets/machine-learning-matrices-reorder/mnist2m.12.10.vc.R 
Integer vector compression time: 1.1149
==== Ans-fold compression
Command: /home/louza/mm-repair/ans/encode.x /mnt/data/datasets/machine-learning-matrices-reorder/mnist2m.12.10.vc.C 
Ans-fold time: 22.6260
==== Integer vector .C compression
Command: /home/louza/mm-repair/sdsl/encode.x /mnt/data/datasets/machine-learning-matrices-reorder/mnist2m.12.11.vc.C 
==== Integer vector .R compression
Command: /home/louza/mm-repair/sdsl/encode.x /mnt/data/datasets/machine-learning-matrices-reorder/mnist2m.12.11.vc.R 
Integer vector compression time: 1.0576
==== Ans-fold compression
Command: /home/louza/mm-repair/ans/encode.x /mnt/data/datasets/machine-learning-matrices-reorder/mnist2m.12.11.vc.C 
Ans-fold time: 24.5822
Elapsed time: 256.1739
==== Compression Report:
 >> matrix name: /mnt/data/datasets/machine-learning-matrices-reorder/mnist2m
 >> conversion time: 0.00
 >> repair time: 1412.42
 >> integer vectors time: 1.06
 >> ansf time: 24.58
 >> total time: 256.17
 >> matrix log(alpha)xNumEntries size: 1568000000 bytes
 >> matrix dense size: 12544000000 bytes
 >> total number of nonzero: 395869925 (25.25%)
 >> number of distinct nonzero: 255
 >> CRSV  size: 1591481740 bytes  (12.69%)
 >> RE32  size: 1171786912 bytes  (9.34%)
 >> REIV  size: 805604448 bytes  (6.42%)
 >> REANS size: 740351949 bytes  (5.90%)
==== Done

#### 2026-09-21 13:13:57
 Command line: /home/louza/mm-repair/matrepair -r -b 32 -p 1 --noconv /mnt/data/datasets/machine-learning-matrices-reorder/mnist2m 2000000 784 
Setting memory for each repair instance to 464053 MBs
Sending logging messages to file: /mnt/data/datasets/machine-learning-matrices-reorder/mnist2m.log
---- Skipping conversion bin/csv->csrv
==== Repair compression
Command: /home/louza/mm-repair/brepair/irepair0 /mnt/data/datasets/machine-learning-matrices-reorder/mnist2m.32.0.vc 464053
==== Repair compression
Command: /home/louza/mm-repair/brepair/irepair0 /mnt/data/datasets/machine-learning-matrices-reorder/mnist2m.32.1.vc 464053
==== Repair compression
Command: /home/louza/mm-repair/brepair/irepair0 /mnt/data/datasets/machine-learning-matrices-reorder/mnist2m.32.2.vc 464053
==== Repair compression
Command: /home/louza/mm-repair/brepair/irepair0 /mnt/data/datasets/machine-learning-matrices-reorder/mnist2m.32.3.vc 464053
==== Repair compression
Command: /home/louza/mm-repair/brepair/irepair0 /mnt/data/datasets/machine-learning-matrices-reorder/mnist2m.32.4.vc 464053
==== Repair compression
Command: /home/louza/mm-repair/brepair/irepair0 /mnt/data/datasets/machine-learning-matrices-reorder/mnist2m.32.5.vc 464053
==== Repair compression
Command: /home/louza/mm-repair/brepair/irepair0 /mnt/data/datasets/machine-learning-matrices-reorder/mnist2m.32.6.vc 464053
==== Repair compression
Command: /home/louza/mm-repair/brepair/irepair0 /mnt/data/datasets/machine-learning-matrices-reorder/mnist2m.32.7.vc 464053
==== Repair compression
Command: /home/louza/mm-repair/brepair/irepair0 /mnt/data/datasets/machine-learning-matrices-reorder/mnist2m.32.8.vc 464053
==== Repair compression
Command: /home/louza/mm-repair/brepair/irepair0 /mnt/data/datasets/machine-learning-matrices-reorder/mnist2m.32.9.vc 464053
==== Repair compression
Command: /home/louza/mm-repair/brepair/irepair0 /mnt/data/datasets/machine-learning-matrices-reorder/mnist2m.32.10.vc 464053
==== Repair compression
Command: /home/louza/mm-repair/brepair/irepair0 /mnt/data/datasets/machine-learning-matrices-reorder/mnist2m.32.11.vc 464053
==== Repair compression
Command: /home/louza/mm-repair/brepair/irepair0 /mnt/data/datasets/machine-learning-matrices-reorder/mnist2m.32.12.vc 464053
==== Repair compression
Command: /home/louza/mm-repair/brepair/irepair0 /mnt/data/datasets/machine-learning-matrices-reorder/mnist2m.32.13.vc 464053
==== Repair compression
Command: /home/louza/mm-repair/brepair/irepair0 /mnt/data/datasets/machine-learning-matrices-reorder/mnist2m.32.14.vc 464053
==== Repair compression
Command: /home/louza/mm-repair/brepair/irepair0 /mnt/data/datasets/machine-learning-matrices-reorder/mnist2m.32.15.vc 464053
==== Repair compression
Command: /home/louza/mm-repair/brepair/irepair0 /mnt/data/datasets/machine-learning-matrices-reorder/mnist2m.32.16.vc 464053
==== Repair compression
Command: /home/louza/mm-repair/brepair/irepair0 /mnt/data/datasets/machine-learning-matrices-reorder/mnist2m.32.17.vc 464053
==== Repair compression
Command: /home/louza/mm-repair/brepair/irepair0 /mnt/data/datasets/machine-learning-matrices-reorder/mnist2m.32.18.vc 464053
==== Repair compression
Command: /home/louza/mm-repair/brepair/irepair0 /mnt/data/datasets/machine-learning-matrices-reorder/mnist2m.32.19.vc 464053
==== Repair compression
Command: /home/louza/mm-repair/brepair/irepair0 /mnt/data/datasets/machine-learning-matrices-reorder/mnist2m.32.20.vc 464053
==== Repair compression
Command: /home/louza/mm-repair/brepair/irepair0 /mnt/data/datasets/machine-learning-matrices-reorder/mnist2m.32.21.vc 464053
==== Repair compression
Command: /home/louza/mm-repair/brepair/irepair0 /mnt/data/datasets/machine-learning-matrices-reorder/mnist2m.32.22.vc 464053
==== Repair compression
Command: /home/louza/mm-repair/brepair/irepair0 /mnt/data/datasets/machine-learning-matrices-reorder/mnist2m.32.23.vc 464053
==== Repair compression
Command: /home/louza/mm-repair/brepair/irepair0 /mnt/data/datasets/machine-learning-matrices-reorder/mnist2m.32.24.vc 464053
==== Repair compression
Command: /home/louza/mm-repair/brepair/irepair0 /mnt/data/datasets/machine-learning-matrices-reorder/mnist2m.32.25.vc 464053
==== Repair compression
Command: /home/louza/mm-repair/brepair/irepair0 /mnt/data/datasets/machine-learning-matrices-reorder/mnist2m.32.26.vc 464053
==== Repair compression
Command: /home/louza/mm-repair/brepair/irepair0 /mnt/data/datasets/machine-learning-matrices-reorder/mnist2m.32.27.vc 464053
==== Repair compression
Command: /home/louza/mm-repair/brepair/irepair0 /mnt/data/datasets/machine-learning-matrices-reorder/mnist2m.32.28.vc 464053
==== Repair compression
Command: /home/louza/mm-repair/brepair/irepair0 /mnt/data/datasets/machine-learning-matrices-reorder/mnist2m.32.29.vc 464053
==== Repair compression
Command: /home/louza/mm-repair/brepair/irepair0 /mnt/data/datasets/machine-learning-matrices-reorder/mnist2m.32.30.vc 464053
==== Repair compression
Command: /home/louza/mm-repair/brepair/irepair0 /mnt/data/datasets/machine-learning-matrices-reorder/mnist2m.32.31.vc 464053
Repair time: 2941.6177
==== Integer vector .C compression
Command: /home/louza/mm-repair/sdsl/encode.x /mnt/data/datasets/machine-learning-matrices-reorder/mnist2m.32.0.vc.C 
==== Integer vector .R compression
Command: /home/louza/mm-repair/sdsl/encode.x /mnt/data/datasets/machine-learning-matrices-reorder/mnist2m.32.0.vc.R 
Integer vector compression time: 0.2457
==== Ans-fold compression
Command: /home/louza/mm-repair/ans/encode.x /mnt/data/datasets/machine-learning-matrices-reorder/mnist2m.32.0.vc.C 
Ans-fold time: 0.4438
==== Integer vector .C compression
Command: /home/louza/mm-repair/sdsl/encode.x /mnt/data/datasets/machine-learning-matrices-reorder/mnist2m.32.1.vc.C 
==== Integer vector .R compression
Command: /home/louza/mm-repair/sdsl/encode.x /mnt/data/datasets/machine-learning-matrices-reorder/mnist2m.32.1.vc.R 
Integer vector compression time: 0.3897
==== Ans-fold compression
Command: /home/louza/mm-repair/ans/encode.x /mnt/data/datasets/machine-learning-matrices-reorder/mnist2m.32.1.vc.C 
Ans-fold time: 1.0988
==== Integer vector .C compression
Command: /home/louza/mm-repair/sdsl/encode.x /mnt/data/datasets/machine-learning-matrices-reorder/mnist2m.32.2.vc.C 
==== Integer vector .R compression
Command: /home/louza/mm-repair/sdsl/encode.x /mnt/data/datasets/machine-learning-matrices-reorder/mnist2m.32.2.vc.R 
Integer vector compression time: 0.3854
==== Ans-fold compression
Command: /home/louza/mm-repair/ans/encode.x /mnt/data/datasets/machine-learning-matrices-reorder/mnist2m.32.2.vc.C 
Ans-fold time: 1.7607
==== Integer vector .C compression
Command: /home/louza/mm-repair/sdsl/encode.x /mnt/data/datasets/machine-learning-matrices-reorder/mnist2m.32.3.vc.C 
==== Integer vector .R compression
Command: /home/louza/mm-repair/sdsl/encode.x /mnt/data/datasets/machine-learning-matrices-reorder/mnist2m.32.3.vc.R 
Integer vector compression time: 0.3736
==== Ans-fold compression
Command: /home/louza/mm-repair/ans/encode.x /mnt/data/datasets/machine-learning-matrices-reorder/mnist2m.32.3.vc.C 
Ans-fold time: 2.4188
==== Integer vector .C compression
Command: /home/louza/mm-repair/sdsl/encode.x /mnt/data/datasets/machine-learning-matrices-reorder/mnist2m.32.4.vc.C 
==== Integer vector .R compression
Command: /home/louza/mm-repair/sdsl/encode.x /mnt/data/datasets/machine-learning-matrices-reorder/mnist2m.32.4.vc.R 
Integer vector compression time: 0.3935
==== Ans-fold compression
Command: /home/louza/mm-repair/ans/encode.x /mnt/data/datasets/machine-learning-matrices-reorder/mnist2m.32.4.vc.C 
Ans-fold time: 3.0894
==== Integer vector .C compression
Command: /home/louza/mm-repair/sdsl/encode.x /mnt/data/datasets/machine-learning-matrices-reorder/mnist2m.32.5.vc.C 
==== Integer vector .R compression
Command: /home/louza/mm-repair/sdsl/encode.x /mnt/data/datasets/machine-learning-matrices-reorder/mnist2m.32.5.vc.R 
Integer vector compression time: 0.3776
==== Ans-fold compression
Command: /home/louza/mm-repair/ans/encode.x /mnt/data/datasets/machine-learning-matrices-reorder/mnist2m.32.5.vc.C 
Ans-fold time: 3.7686
==== Integer vector .C compression
Command: /home/louza/mm-repair/sdsl/encode.x /mnt/data/datasets/machine-learning-matrices-reorder/mnist2m.32.6.vc.C 
==== Integer vector .R compression
Command: /home/louza/mm-repair/sdsl/encode.x /mnt/data/datasets/machine-learning-matrices-reorder/mnist2m.32.6.vc.R 
Integer vector compression time: 0.4020
==== Ans-fold compression
Command: /home/louza/mm-repair/ans/encode.x /mnt/data/datasets/machine-learning-matrices-reorder/mnist2m.32.6.vc.C 
Ans-fold time: 4.4472
==== Integer vector .C compression
Command: /home/louza/mm-repair/sdsl/encode.x /mnt/data/datasets/machine-learning-matrices-reorder/mnist2m.32.7.vc.C 
==== Integer vector .R compression
Command: /home/louza/mm-repair/sdsl/encode.x /mnt/data/datasets/machine-learning-matrices-reorder/mnist2m.32.7.vc.R 
Integer vector compression time: 0.3720
==== Ans-fold compression
Command: /home/louza/mm-repair/ans/encode.x /mnt/data/datasets/machine-learning-matrices-reorder/mnist2m.32.7.vc.C 
Ans-fold time: 5.1227
==== Integer vector .C compression
Command: /home/louza/mm-repair/sdsl/encode.x /mnt/data/datasets/machine-learning-matrices-reorder/mnist2m.32.8.vc.C 
==== Integer vector .R compression
Command: /home/louza/mm-repair/sdsl/encode.x /mnt/data/datasets/machine-learning-matrices-reorder/mnist2m.32.8.vc.R 
Integer vector compression time: 0.3929
==== Ans-fold compression
Command: /home/louza/mm-repair/ans/encode.x /mnt/data/datasets/machine-learning-matrices-reorder/mnist2m.32.8.vc.C 
Ans-fold time: 5.7997
==== Integer vector .C compression
Command: /home/louza/mm-repair/sdsl/encode.x /mnt/data/datasets/machine-learning-matrices-reorder/mnist2m.32.9.vc.C 
==== Integer vector .R compression
Command: /home/louza/mm-repair/sdsl/encode.x /mnt/data/datasets/machine-learning-matrices-reorder/mnist2m.32.9.vc.R 
Integer vector compression time: 0.5001
==== Ans-fold compression
Command: /home/louza/mm-repair/ans/encode.x /mnt/data/datasets/machine-learning-matrices-reorder/mnist2m.32.9.vc.C 
Ans-fold time: 6.6478
==== Integer vector .C compression
Command: /home/louza/mm-repair/sdsl/encode.x /mnt/data/datasets/machine-learning-matrices-reorder/mnist2m.32.10.vc.C 
==== Integer vector .R compression
Command: /home/louza/mm-repair/sdsl/encode.x /mnt/data/datasets/machine-learning-matrices-reorder/mnist2m.32.10.vc.R 
Integer vector compression time: 0.3736
==== Ans-fold compression
Command: /home/louza/mm-repair/ans/encode.x /mnt/data/datasets/machine-learning-matrices-reorder/mnist2m.32.10.vc.C 
Ans-fold time: 7.3233
==== Integer vector .C compression
Command: /home/louza/mm-repair/sdsl/encode.x /mnt/data/datasets/machine-learning-matrices-reorder/mnist2m.32.11.vc.C 
==== Integer vector .R compression
Command: /home/louza/mm-repair/sdsl/encode.x /mnt/data/datasets/machine-learning-matrices-reorder/mnist2m.32.11.vc.R 
Integer vector compression time: 0.3785
==== Ans-fold compression
Command: /home/louza/mm-repair/ans/encode.x /mnt/data/datasets/machine-learning-matrices-reorder/mnist2m.32.11.vc.C 
Ans-fold time: 8.0068
==== Integer vector .C compression
Command: /home/louza/mm-repair/sdsl/encode.x /mnt/data/datasets/machine-learning-matrices-reorder/mnist2m.32.12.vc.C 
==== Integer vector .R compression
Command: /home/louza/mm-repair/sdsl/encode.x /mnt/data/datasets/machine-learning-matrices-reorder/mnist2m.32.12.vc.R 
Integer vector compression time: 0.3742
==== Ans-fold compression
Command: /home/louza/mm-repair/ans/encode.x /mnt/data/datasets/machine-learning-matrices-reorder/mnist2m.32.12.vc.C 
Ans-fold time: 8.6908
==== Integer vector .C compression
Command: /home/louza/mm-repair/sdsl/encode.x /mnt/data/datasets/machine-learning-matrices-reorder/mnist2m.32.13.vc.C 
==== Integer vector .R compression
Command: /home/louza/mm-repair/sdsl/encode.x /mnt/data/datasets/machine-learning-matrices-reorder/mnist2m.32.13.vc.R 
Integer vector compression time: 0.3693
==== Ans-fold compression
Command: /home/louza/mm-repair/ans/encode.x /mnt/data/datasets/machine-learning-matrices-reorder/mnist2m.32.13.vc.C 
Ans-fold time: 9.3758
==== Integer vector .C compression
Command: /home/louza/mm-repair/sdsl/encode.x /mnt/data/datasets/machine-learning-matrices-reorder/mnist2m.32.14.vc.C 
==== Integer vector .R compression
Command: /home/louza/mm-repair/sdsl/encode.x /mnt/data/datasets/machine-learning-matrices-reorder/mnist2m.32.14.vc.R 
Integer vector compression time: 0.3729
==== Ans-fold compression
Command: /home/louza/mm-repair/ans/encode.x /mnt/data/datasets/machine-learning-matrices-reorder/mnist2m.32.14.vc.C 
Ans-fold time: 10.0821
==== Integer vector .C compression
Command: /home/louza/mm-repair/sdsl/encode.x /mnt/data/datasets/machine-learning-matrices-reorder/mnist2m.32.15.vc.C 
==== Integer vector .R compression
Command: /home/louza/mm-repair/sdsl/encode.x /mnt/data/datasets/machine-learning-matrices-reorder/mnist2m.32.15.vc.R 
Integer vector compression time: 0.3991
==== Ans-fold compression
Command: /home/louza/mm-repair/ans/encode.x /mnt/data/datasets/machine-learning-matrices-reorder/mnist2m.32.15.vc.C 
Ans-fold time: 10.8086
==== Integer vector .C compression
Command: /home/louza/mm-repair/sdsl/encode.x /mnt/data/datasets/machine-learning-matrices-reorder/mnist2m.32.16.vc.C 
==== Integer vector .R compression
Command: /home/louza/mm-repair/sdsl/encode.x /mnt/data/datasets/machine-learning-matrices-reorder/mnist2m.32.16.vc.R 
Integer vector compression time: 0.3774
==== Ans-fold compression
Command: /home/louza/mm-repair/ans/encode.x /mnt/data/datasets/machine-learning-matrices-reorder/mnist2m.32.16.vc.C 
Ans-fold time: 11.5279
==== Integer vector .C compression
Command: /home/louza/mm-repair/sdsl/encode.x /mnt/data/datasets/machine-learning-matrices-reorder/mnist2m.32.17.vc.C 
==== Integer vector .R compression
Command: /home/louza/mm-repair/sdsl/encode.x /mnt/data/datasets/machine-learning-matrices-reorder/mnist2m.32.17.vc.R 
Integer vector compression time: 0.3885
==== Ans-fold compression
Command: /home/louza/mm-repair/ans/encode.x /mnt/data/datasets/machine-learning-matrices-reorder/mnist2m.32.17.vc.C 
Ans-fold time: 12.1775
==== Integer vector .C compression
Command: /home/louza/mm-repair/sdsl/encode.x /mnt/data/datasets/machine-learning-matrices-reorder/mnist2m.32.18.vc.C 
==== Integer vector .R compression
Command: /home/louza/mm-repair/sdsl/encode.x /mnt/data/datasets/machine-learning-matrices-reorder/mnist2m.32.18.vc.R 
Integer vector compression time: 0.4008
==== Ans-fold compression
Command: /home/louza/mm-repair/ans/encode.x /mnt/data/datasets/machine-learning-matrices-reorder/mnist2m.32.18.vc.C 
Ans-fold time: 12.8710
==== Integer vector .C compression
Command: /home/louza/mm-repair/sdsl/encode.x /mnt/data/datasets/machine-learning-matrices-reorder/mnist2m.32.19.vc.C 
==== Integer vector .R compression
Command: /home/louza/mm-repair/sdsl/encode.x /mnt/data/datasets/machine-learning-matrices-reorder/mnist2m.32.19.vc.R 
Integer vector compression time: 0.3946
==== Ans-fold compression
Command: /home/louza/mm-repair/ans/encode.x /mnt/data/datasets/machine-learning-matrices-reorder/mnist2m.32.19.vc.C 
Ans-fold time: 13.5563
==== Integer vector .C compression
Command: /home/louza/mm-repair/sdsl/encode.x /mnt/data/datasets/machine-learning-matrices-reorder/mnist2m.32.20.vc.C 
==== Integer vector .R compression
Command: /home/louza/mm-repair/sdsl/encode.x /mnt/data/datasets/machine-learning-matrices-reorder/mnist2m.32.20.vc.R 
Integer vector compression time: 0.3714
==== Ans-fold compression
Command: /home/louza/mm-repair/ans/encode.x /mnt/data/datasets/machine-learning-matrices-reorder/mnist2m.32.20.vc.C 
Ans-fold time: 14.2305
==== Integer vector .C compression
Command: /home/louza/mm-repair/sdsl/encode.x /mnt/data/datasets/machine-learning-matrices-reorder/mnist2m.32.21.vc.C 
==== Integer vector .R compression
Command: /home/louza/mm-repair/sdsl/encode.x /mnt/data/datasets/machine-learning-matrices-reorder/mnist2m.32.21.vc.R 
Integer vector compression time: 0.3766
==== Ans-fold compression
Command: /home/louza/mm-repair/ans/encode.x /mnt/data/datasets/machine-learning-matrices-reorder/mnist2m.32.21.vc.C 
Ans-fold time: 14.9092
==== Integer vector .C compression
Command: /home/louza/mm-repair/sdsl/encode.x /mnt/data/datasets/machine-learning-matrices-reorder/mnist2m.32.22.vc.C 
==== Integer vector .R compression
Command: /home/louza/mm-repair/sdsl/encode.x /mnt/data/datasets/machine-learning-matrices-reorder/mnist2m.32.22.vc.R 
Integer vector compression time: 0.3836
==== Ans-fold compression
Command: /home/louza/mm-repair/ans/encode.x /mnt/data/datasets/machine-learning-matrices-reorder/mnist2m.32.22.vc.C 
Ans-fold time: 15.5930
==== Integer vector .C compression
Command: /home/louza/mm-repair/sdsl/encode.x /mnt/data/datasets/machine-learning-matrices-reorder/mnist2m.32.23.vc.C 
==== Integer vector .R compression
Command: /home/louza/mm-repair/sdsl/encode.x /mnt/data/datasets/machine-learning-matrices-reorder/mnist2m.32.23.vc.R 
Integer vector compression time: 0.3803
==== Ans-fold compression
Command: /home/louza/mm-repair/ans/encode.x /mnt/data/datasets/machine-learning-matrices-reorder/mnist2m.32.23.vc.C 
Ans-fold time: 16.2683
==== Integer vector .C compression
Command: /home/louza/mm-repair/sdsl/encode.x /mnt/data/datasets/machine-learning-matrices-reorder/mnist2m.32.24.vc.C 
==== Integer vector .R compression
Command: /home/louza/mm-repair/sdsl/encode.x /mnt/data/datasets/machine-learning-matrices-reorder/mnist2m.32.24.vc.R 
Integer vector compression time: 0.3797
==== Ans-fold compression
Command: /home/louza/mm-repair/ans/encode.x /mnt/data/datasets/machine-learning-matrices-reorder/mnist2m.32.24.vc.C 
Ans-fold time: 16.9467
==== Integer vector .C compression
Command: /home/louza/mm-repair/sdsl/encode.x /mnt/data/datasets/machine-learning-matrices-reorder/mnist2m.32.25.vc.C 
==== Integer vector .R compression
Command: /home/louza/mm-repair/sdsl/encode.x /mnt/data/datasets/machine-learning-matrices-reorder/mnist2m.32.25.vc.R 
Integer vector compression time: 0.3820
==== Ans-fold compression
Command: /home/louza/mm-repair/ans/encode.x /mnt/data/datasets/machine-learning-matrices-reorder/mnist2m.32.25.vc.C 
Ans-fold time: 17.6207
==== Integer vector .C compression
Command: /home/louza/mm-repair/sdsl/encode.x /mnt/data/datasets/machine-learning-matrices-reorder/mnist2m.32.26.vc.C 
==== Integer vector .R compression
Command: /home/louza/mm-repair/sdsl/encode.x /mnt/data/datasets/machine-learning-matrices-reorder/mnist2m.32.26.vc.R 
Integer vector compression time: 0.3866
==== Ans-fold compression
Command: /home/louza/mm-repair/ans/encode.x /mnt/data/datasets/machine-learning-matrices-reorder/mnist2m.32.26.vc.C 
Ans-fold time: 18.3842
==== Integer vector .C compression
Command: /home/louza/mm-repair/sdsl/encode.x /mnt/data/datasets/machine-learning-matrices-reorder/mnist2m.32.27.vc.C 
==== Integer vector .R compression
Command: /home/louza/mm-repair/sdsl/encode.x /mnt/data/datasets/machine-learning-matrices-reorder/mnist2m.32.27.vc.R 
Integer vector compression time: 0.3699
==== Ans-fold compression
Command: /home/louza/mm-repair/ans/encode.x /mnt/data/datasets/machine-learning-matrices-reorder/mnist2m.32.27.vc.C 
Ans-fold time: 19.0370
==== Integer vector .C compression
Command: /home/louza/mm-repair/sdsl/encode.x /mnt/data/datasets/machine-learning-matrices-reorder/mnist2m.32.28.vc.C 
==== Integer vector .R compression
Command: /home/louza/mm-repair/sdsl/encode.x /mnt/data/datasets/machine-learning-matrices-reorder/mnist2m.32.28.vc.R 
Integer vector compression time: 0.3960
==== Ans-fold compression
Command: /home/louza/mm-repair/ans/encode.x /mnt/data/datasets/machine-learning-matrices-reorder/mnist2m.32.28.vc.C 
Ans-fold time: 19.7264
==== Integer vector .C compression
Command: /home/louza/mm-repair/sdsl/encode.x /mnt/data/datasets/machine-learning-matrices-reorder/mnist2m.32.29.vc.C 
==== Integer vector .R compression
Command: /home/louza/mm-repair/sdsl/encode.x /mnt/data/datasets/machine-learning-matrices-reorder/mnist2m.32.29.vc.R 
Integer vector compression time: 0.3826
==== Ans-fold compression
Command: /home/louza/mm-repair/ans/encode.x /mnt/data/datasets/machine-learning-matrices-reorder/mnist2m.32.29.vc.C 
Ans-fold time: 20.4089
==== Integer vector .C compression
Command: /home/louza/mm-repair/sdsl/encode.x /mnt/data/datasets/machine-learning-matrices-reorder/mnist2m.32.30.vc.C 
==== Integer vector .R compression
Command: /home/louza/mm-repair/sdsl/encode.x /mnt/data/datasets/machine-learning-matrices-reorder/mnist2m.32.30.vc.R 
Integer vector compression time: 0.3836
==== Ans-fold compression
Command: /home/louza/mm-repair/ans/encode.x /mnt/data/datasets/machine-learning-matrices-reorder/mnist2m.32.30.vc.C 
Ans-fold time: 21.0916
==== Integer vector .C compression
Command: /home/louza/mm-repair/sdsl/encode.x /mnt/data/datasets/machine-learning-matrices-reorder/mnist2m.32.31.vc.C 
==== Integer vector .R compression
Command: /home/louza/mm-repair/sdsl/encode.x /mnt/data/datasets/machine-learning-matrices-reorder/mnist2m.32.31.vc.R 
Integer vector compression time: 0.3673
==== Ans-fold compression
Command: /home/louza/mm-repair/ans/encode.x /mnt/data/datasets/machine-learning-matrices-reorder/mnist2m.32.31.vc.C 
Ans-fold time: 21.7717
Elapsed time: 213.0674
==== Compression Report:
 >> matrix name: /mnt/data/datasets/machine-learning-matrices-reorder/mnist2m
 >> conversion time: 0.00
 >> repair time: 2941.62
 >> integer vectors time: 0.37
 >> ansf time: 21.77
 >> total time: 213.07
 >> matrix log(alpha)xNumEntries size: 1568000000 bytes
 >> matrix dense size: 12544000000 bytes
 >> total number of nonzero: 395869925 (25.25%)
 >> number of distinct nonzero: 255
 >> CRSV  size: 1591481740 bytes  (12.69%)
 >> RE32  size: 1252688312 bytes  (9.99%)
 >> REIV  size: 782931784 bytes  (6.24%)
 >> REANS size: 750913249 bytes  (5.99%)
==== Done
